Archive member included to satisfy reference by file (symbol)

.pio/build/NUCLEO-L432KC/lib358/libLuos.a(luos.o)
                              .pio/build/NUCLEO-L432KC/src/main.o (Luos_Run)
.pio/build/NUCLEO-L432KC/lib358/libLuos.a(luos_utils.o)
                              .pio/build/NUCLEO-L432KC/lib358/libLuos.a(luos.o) (Luos_assert)
.pio/build/NUCLEO-L432KC/lib358/libLuos.a(routing_table.o)
                              .pio/build/NUCLEO-L432KC/lib358/libLuos.a(luos.o) (RoutingTB_ComputeRoutingTableEntryNB)
.pio/build/NUCLEO-L432KC/lib358/libLuos.a(streaming.o)
                              .pio/build/NUCLEO-L432KC/lib358/libLuos.a(luos.o) (Stream_GetAvailableSampleNB)
.pio/build/NUCLEO-L432KC/lib358/libLuos.a(bootloader_core.o)
                              .pio/build/NUCLEO-L432KC/lib358/libLuos.a(luos.o) (LuosBootloader_Init)
.pio/build/NUCLEO-L432KC/lib358/libLuos.a(msg_alloc.o)
                              .pio/build/NUCLEO-L432KC/lib358/libLuos.a(luos_utils.o) (MsgAlloc_Init)
.pio/build/NUCLEO-L432KC/lib358/libLuos.a(port_manager.o)
                              .pio/build/NUCLEO-L432KC/lib358/libLuos.a(luos_utils.o) (PortMng_Init)
.pio/build/NUCLEO-L432KC/lib358/libLuos.a(robus.o)
                              .pio/build/NUCLEO-L432KC/lib358/libLuos.a(luos.o) (Robus_Init)
.pio/build/NUCLEO-L432KC/lib358/libLuos.a(transmission.o)
                              .pio/build/NUCLEO-L432KC/lib358/libLuos.a(robus.o) (Transmit_Process)
.pio/build/NUCLEO-L432KC/lib358/libLuos.a(reception.o)
                              .pio/build/NUCLEO-L432KC/lib358/libLuos.a(robus.o) (Recep_Init)
.pio/build/NUCLEO-L432KC/lib358/libLuos.a(target.o)
                              .pio/build/NUCLEO-L432KC/lib358/libLuos.a(reception.o) (Trgt_MulticastTargetBank)
c:/users/nicol/.platformio/packages/toolchain-gccarmnoneeabi/bin/../lib/gcc/arm-none-eabi/7.2.1/../../../../arm-none-eabi/lib/thumb/v7e-m\libc_nano.a(lib_a-exit.o)
                              c:/users/nicol/.platformio/packages/toolchain-gccarmnoneeabi/bin/../lib/gcc/arm-none-eabi/7.2.1/../../../../arm-none-eabi/lib/thumb/v7e-m/crt0.o (exit)
c:/users/nicol/.platformio/packages/toolchain-gccarmnoneeabi/bin/../lib/gcc/arm-none-eabi/7.2.1/../../../../arm-none-eabi/lib/thumb/v7e-m\libc_nano.a(lib_a-impure.o)
                              c:/users/nicol/.platformio/packages/toolchain-gccarmnoneeabi/bin/../lib/gcc/arm-none-eabi/7.2.1/../../../../arm-none-eabi/lib/thumb/v7e-m\libc_nano.a(lib_a-exit.o) (_global_impure_ptr)
c:/users/nicol/.platformio/packages/toolchain-gccarmnoneeabi/bin/../lib/gcc/arm-none-eabi/7.2.1/../../../../arm-none-eabi/lib/thumb/v7e-m\libc_nano.a(lib_a-init.o)
                              c:/users/nicol/.platformio/packages/toolchain-gccarmnoneeabi/bin/../lib/gcc/arm-none-eabi/7.2.1/../../../../arm-none-eabi/lib/thumb/v7e-m/crt0.o (__libc_init_array)
c:/users/nicol/.platformio/packages/toolchain-gccarmnoneeabi/bin/../lib/gcc/arm-none-eabi/7.2.1/../../../../arm-none-eabi/lib/thumb/v7e-m\libc_nano.a(lib_a-memcpy-stub.o)
                              .pio/build/NUCLEO-L432KC/lib358/libLuos.a(luos.o) (memcpy)
c:/users/nicol/.platformio/packages/toolchain-gccarmnoneeabi/bin/../lib/gcc/arm-none-eabi/7.2.1/../../../../arm-none-eabi/lib/thumb/v7e-m\libc_nano.a(lib_a-memset.o)
                              c:/users/nicol/.platformio/packages/toolchain-gccarmnoneeabi/bin/../lib/gcc/arm-none-eabi/7.2.1/../../../../arm-none-eabi/lib/thumb/v7e-m/crt0.o (memset)
c:/users/nicol/.platformio/packages/toolchain-gccarmnoneeabi/bin/../lib/gcc/arm-none-eabi/7.2.1/../../../../arm-none-eabi/lib/thumb/v7e-m\libc_nano.a(lib_a-sprintf.o)
                              .pio/build/NUCLEO-L432KC/lib358/libLuos.a(routing_table.o) (sprintf)
c:/users/nicol/.platformio/packages/toolchain-gccarmnoneeabi/bin/../lib/gcc/arm-none-eabi/7.2.1/../../../../arm-none-eabi/lib/thumb/v7e-m\libc_nano.a(lib_a-strcmp.o)
                              .pio/build/NUCLEO-L432KC/lib358/libLuos.a(routing_table.o) (strcmp)
c:/users/nicol/.platformio/packages/toolchain-gccarmnoneeabi/bin/../lib/gcc/arm-none-eabi/7.2.1/../../../../arm-none-eabi/lib/thumb/v7e-m\libc_nano.a(lib_a-strlen.o)
                              .pio/build/NUCLEO-L432KC/lib358/libLuos.a(luos_utils.o) (strlen)
c:/users/nicol/.platformio/packages/toolchain-gccarmnoneeabi/bin/../lib/gcc/arm-none-eabi/7.2.1/../../../../arm-none-eabi/lib/thumb/v7e-m\libc_nano.a(lib_a-nano-svfprintf.o)
                              c:/users/nicol/.platformio/packages/toolchain-gccarmnoneeabi/bin/../lib/gcc/arm-none-eabi/7.2.1/../../../../arm-none-eabi/lib/thumb/v7e-m\libc_nano.a(lib_a-sprintf.o) (_svfprintf_r)
c:/users/nicol/.platformio/packages/toolchain-gccarmnoneeabi/bin/../lib/gcc/arm-none-eabi/7.2.1/../../../../arm-none-eabi/lib/thumb/v7e-m\libc_nano.a(lib_a-nano-vfprintf_i.o)
[...]
Memory Configuration

Name             Origin             Length             Attributes
RAM              0x20000000         0x00010000         xrw
FLASH            0x08000000         0x0000c000         xr
SHRD_FLASH       0x0800c000         0x00000800         rw
*default*        0x00000000         0xffffffff

Linker script and memory map

LOAD c:/users/nicol/.platformio/packages/toolchain-gccarmnoneeabi/bin/../lib/gcc/arm-none-eabi/7.2.1/thumb/v7e-m/crti.o
LOAD c:/users/nicol/.platformio/packages/toolchain-gccarmnoneeabi/bin/../lib/gcc/arm-none-eabi/7.2.1/thumb/v7e-m/crtbegin.o
LOAD c:/users/nicol/.platformio/packages/toolchain-gccarmnoneeabi/bin/../lib/gcc/arm-none-eabi/7.2.1/../../../../arm-none-eabi/lib/thumb/v7e-m/crt0.o
LOAD .pio/build/NUCLEO-L432KC/FrameworkHALDriver/Src/stm32l4xx_hal.o
LOAD .pio/build/NUCLEO-L432KC/FrameworkHALDriver/Src/stm32l4xx_hal_adc.o
LOAD .pio/build/NUCLEO-L432KC/FrameworkHALDriver/Src/stm32l4xx_hal_adc_ex.o
LOAD .pio/build/NUCLEO-L432KC/FrameworkHALDriver/Src/stm32l4xx_hal_can.o
LOAD .pio/build/NUCLEO-L432KC/FrameworkHALDriver/Src/stm32l4xx_hal_comp.o
LOAD .pio/build/NUCLEO-L432KC/FrameworkHALDriver/Src/stm32l4xx_hal_cortex.o
LOAD .pio/build/NUCLEO-L432KC/FrameworkHALDriver/Src/stm32l4xx_hal_crc.o
LOAD .pio/build/NUCLEO-L432KC/FrameworkHALDriver/Src/stm32l4xx_hal_crc_ex.o
LOAD .pio/build/NUCLEO-L432KC/FrameworkHALDriver/Src/stm32l4xx_hal_cryp.o
LOAD .pio/build/NUCLEO-L432KC/FrameworkHALDriver/Src/stm32l4xx_hal_cryp_ex.o
LOAD .pio/build/NUCLEO-L432KC/FrameworkHALDriver/Src/stm32l4xx_hal_dac.o
LOAD .pio/build/NUCLEO-L432KC/FrameworkHALDriver/Src/stm32l4xx_hal_dac_ex.o
LOAD .pio/build/NUCLEO-L432KC/FrameworkHALDriver/Src/stm32l4xx_hal_dcmi.o
LOAD .pio/build/NUCLEO-L432KC/FrameworkHALDriver/Src/stm32l4xx_hal_dfsdm.o
LOAD .pio/build/NUCLEO-L432KC/FrameworkHALDriver/Src/stm32l4xx_hal_dfsdm_ex.o
LOAD .pio/build/NUCLEO-L432KC/FrameworkHALDriver/Src/stm32l4xx_hal_dma.o
LOAD .pio/build/NUCLEO-L432KC/FrameworkHALDriver/Src/stm32l4xx_hal_dma2d.o
LOAD .pio/build/NUCLEO-L432KC/FrameworkHALDriver/Src/stm32l4xx_hal_dma_ex.o
LOAD .pio/build/NUCLEO-L432KC/FrameworkHALDriver/Src/stm32l4xx_hal_dsi.o
LOAD .pio/build/NUCLEO-L432KC/FrameworkHALDriver/Src/stm32l4xx_hal_exti.o
LOAD .pio/build/NUCLEO-L432KC/FrameworkHALDriver/Src/stm32l4xx_hal_firewall.o
LOAD .pio/build/NUCLEO-L432KC/FrameworkHALDriver/Src/stm32l4xx_hal_flash.o
LOAD .pio/build/NUCLEO-L432KC/FrameworkHALDriver/Src/stm32l4xx_hal_flash_ex.o
LOAD .pio/build/NUCLEO-L432KC/FrameworkHALDriver/Src/stm32l4xx_hal_flash_ramfunc.o
LOAD .pio/build/NUCLEO-L432KC/FrameworkHALDriver/Src/stm32l4xx_hal_gfxmmu.o
LOAD .pio/build/NUCLEO-L432KC/FrameworkHALDriver/Src/stm32l4xx_hal_gpio.o
LOAD .pio/build/NUCLEO-L432KC/FrameworkHALDriver/Src/stm32l4xx_hal_hash.o
LOAD .pio/build/NUCLEO-L432KC/FrameworkHALDriver/Src/stm32l4xx_hal_hash_ex.o
LOAD .pio/build/NUCLEO-L432KC/FrameworkHALDriver/Src/stm32l4xx_hal_hcd.o
LOAD .pio/build/NUCLEO-L432KC/FrameworkHALDriver/Src/stm32l4xx_hal_i2c.o
LOAD .pio/build/NUCLEO-L432KC/FrameworkHALDriver/Src/stm32l4xx_hal_i2c_ex.o
LOAD .pio/build/NUCLEO-L432KC/FrameworkHALDriver/Src/stm32l4xx_hal_irda.o
LOAD .pio/build/NUCLEO-L432KC/FrameworkHALDriver/Src/stm32l4xx_hal_iwdg.o
LOAD .pio/build/NUCLEO-L432KC/FrameworkHALDriver/Src/stm32l4xx_hal_lcd.o
LOAD .pio/build/NUCLEO-L432KC/FrameworkHALDriver/Src/stm32l4xx_hal_lptim.o
LOAD .pio/build/NUCLEO-L432KC/FrameworkHALDriver/Src/stm32l4xx_hal_ltdc.o
LOAD .pio/build/NUCLEO-L432KC/FrameworkHALDriver/Src/stm32l4xx_hal_ltdc_ex.o
LOAD .pio/build/NUCLEO-L432KC/FrameworkHALDriver/Src/stm32l4xx_hal_mmc.o
LOAD .pio/build/NUCLEO-L432KC/FrameworkHALDriver/Src/stm32l4xx_hal_mmc_ex.o
LOAD .pio/build/NUCLEO-L432KC/FrameworkHALDriver/Src/stm32l4xx_hal_nand.o
LOAD .pio/build/NUCLEO-L432KC/FrameworkHALDriver/Src/stm32l4xx_hal_nor.o
LOAD .pio/build/NUCLEO-L432KC/FrameworkHALDriver/Src/stm32l4xx_hal_opamp.o
LOAD .pio/build/NUCLEO-L432KC/FrameworkHALDriver/Src/stm32l4xx_hal_opamp_ex.o
LOAD .pio/build/NUCLEO-L432KC/FrameworkHALDriver/Src/stm32l4xx_hal_ospi.o
LOAD .pio/build/NUCLEO-L432KC/FrameworkHALDriver/Src/stm32l4xx_hal_pcd.o
LOAD .pio/build/NUCLEO-L432KC/FrameworkHALDriver/Src/stm32l4xx_hal_pcd_ex.o
LOAD .pio/build/NUCLEO-L432KC/FrameworkHALDriver/Src/stm32l4xx_hal_pka.o
LOAD .pio/build/NUCLEO-L432KC/FrameworkHALDriver/Src/stm32l4xx_hal_pssi.o
LOAD .pio/build/NUCLEO-L432KC/FrameworkHALDriver/Src/stm32l4xx_hal_pwr.o
LOAD .pio/build/NUCLEO-L432KC/FrameworkHALDriver/Src/stm32l4xx_hal_pwr_ex.o
LOAD .pio/build/NUCLEO-L432KC/FrameworkHALDriver/Src/stm32l4xx_hal_qspi.o
LOAD .pio/build/NUCLEO-L432KC/FrameworkHALDriver/Src/stm32l4xx_hal_rcc.o
LOAD .pio/build/NUCLEO-L432KC/FrameworkHALDriver/Src/stm32l4xx_hal_rcc_ex.o
LOAD .pio/build/NUCLEO-L432KC/FrameworkHALDriver/Src/stm32l4xx_hal_rng.o
LOAD .pio/build/NUCLEO-L432KC/FrameworkHALDriver/Src/stm32l4xx_hal_rng_ex.o
LOAD .pio/build/NUCLEO-L432KC/FrameworkHALDriver/Src/stm32l4xx_hal_rtc.o
LOAD .pio/build/NUCLEO-L432KC/FrameworkHALDriver/Src/stm32l4xx_hal_rtc_ex.o
LOAD .pio/build/NUCLEO-L432KC/FrameworkHALDriver/Src/stm32l4xx_hal_sai.o
LOAD .pio/build/NUCLEO-L432KC/FrameworkHALDriver/Src/stm32l4xx_hal_sai_ex.o
LOAD .pio/build/NUCLEO-L432KC/FrameworkHALDriver/Src/stm32l4xx_hal_sd.o
LOAD .pio/build/NUCLEO-L432KC/FrameworkHALDriver/Src/stm32l4xx_hal_sd_ex.o
LOAD .pio/build/NUCLEO-L432KC/FrameworkHALDriver/Src/stm32l4xx_hal_smartcard.o
LOAD .pio/build/NUCLEO-L432KC/FrameworkHALDriver/Src/stm32l4xx_hal_smartcard_ex.o
LOAD .pio/build/NUCLEO-L432KC/FrameworkHALDriver/Src/stm32l4xx_hal_smbus.o
LOAD .pio/build/NUCLEO-L432KC/FrameworkHALDriver/Src/stm32l4xx_hal_spi.o
LOAD .pio/build/NUCLEO-L432KC/FrameworkHALDriver/Src/stm32l4xx_hal_spi_ex.o
LOAD .pio/build/NUCLEO-L432KC/FrameworkHALDriver/Src/stm32l4xx_hal_sram.o
LOAD .pio/build/NUCLEO-L432KC/FrameworkHALDriver/Src/stm32l4xx_hal_swpmi.o
LOAD .pio/build/NUCLEO-L432KC/FrameworkHALDriver/Src/stm32l4xx_hal_tim.o
LOAD .pio/build/NUCLEO-L432KC/FrameworkHALDriver/Src/stm32l4xx_hal_tim_ex.o
LOAD .pio/build/NUCLEO-L432KC/FrameworkHALDriver/Src/stm32l4xx_hal_tsc.o
LOAD .pio/build/NUCLEO-L432KC/FrameworkHALDriver/Src/stm32l4xx_hal_uart.o
LOAD .pio/build/NUCLEO-L432KC/FrameworkHALDriver/Src/stm32l4xx_hal_uart_ex.o
LOAD .pio/build/NUCLEO-L432KC/FrameworkHALDriver/Src/stm32l4xx_hal_usart.o
LOAD .pio/build/NUCLEO-L432KC/FrameworkHALDriver/Src/stm32l4xx_hal_usart_ex.o
LOAD .pio/build/NUCLEO-L432KC/FrameworkHALDriver/Src/stm32l4xx_hal_wwdg.o
LOAD .pio/build/NUCLEO-L432KC/FrameworkHALDriver/Src/stm32l4xx_ll_adc.o
LOAD .pio/build/NUCLEO-L432KC/FrameworkHALDriver/Src/stm32l4xx_ll_comp.o
LOAD .pio/build/NUCLEO-L432KC/FrameworkHALDriver/Src/stm32l4xx_ll_crc.o
LOAD .pio/build/NUCLEO-L432KC/FrameworkHALDriver/Src/stm32l4xx_ll_crs.o
LOAD .pio/build/NUCLEO-L432KC/FrameworkHALDriver/Src/stm32l4xx_ll_dac.o
LOAD .pio/build/NUCLEO-L432KC/FrameworkHALDriver/Src/stm32l4xx_ll_dma.o
LOAD .pio/build/NUCLEO-L432KC/FrameworkHALDriver/Src/stm32l4xx_ll_dma2d.o
LOAD .pio/build/NUCLEO-L432KC/FrameworkHALDriver/Src/stm32l4xx_ll_exti.o
LOAD .pio/build/NUCLEO-L432KC/FrameworkHALDriver/Src/stm32l4xx_ll_fmc.o
LOAD .pio/build/NUCLEO-L432KC/FrameworkHALDriver/Src/stm32l4xx_ll_gpio.o
LOAD .pio/build/NUCLEO-L432KC/FrameworkHALDriver/Src/stm32l4xx_ll_i2c.o
LOAD .pio/build/NUCLEO-L432KC/FrameworkHALDriver/Src/stm32l4xx_ll_lptim.o
LOAD .pio/build/NUCLEO-L432KC/FrameworkHALDriver/Src/stm32l4xx_ll_lpuart.o
LOAD .pio/build/NUCLEO-L432KC/FrameworkHALDriver/Src/stm32l4xx_ll_opamp.o
LOAD .pio/build/NUCLEO-L432KC/FrameworkHALDriver/Src/stm32l4xx_ll_pka.o
LOAD .pio/build/NUCLEO-L432KC/FrameworkHALDriver/Src/stm32l4xx_ll_pwr.o
LOAD .pio/build/NUCLEO-L432KC/FrameworkHALDriver/Src/stm32l4xx_ll_rcc.o
LOAD .pio/build/NUCLEO-L432KC/FrameworkHALDriver/Src/stm32l4xx_ll_rng.o
LOAD .pio/build/NUCLEO-L432KC/FrameworkHALDriver/Src/stm32l4xx_ll_rtc.o
LOAD .pio/build/NUCLEO-L432KC/FrameworkHALDriver/Src/stm32l4xx_ll_sdmmc.o
LOAD .pio/build/NUCLEO-L432KC/FrameworkHALDriver/Src/stm32l4xx_ll_spi.o
LOAD .pio/build/NUCLEO-L432KC/FrameworkHALDriver/Src/stm32l4xx_ll_swpmi.o
LOAD .pio/build/NUCLEO-L432KC/FrameworkHALDriver/Src/stm32l4xx_ll_tim.o
LOAD .pio/build/NUCLEO-L432KC/FrameworkHALDriver/Src/stm32l4xx_ll_usart.o
LOAD .pio/build/NUCLEO-L432KC/FrameworkHALDriver/Src/stm32l4xx_ll_usb.o
LOAD .pio/build/NUCLEO-L432KC/FrameworkHALDriver/Src/stm32l4xx_ll_utils.o
LOAD .pio/build/NUCLEO-L432KC/src/gpio.o
LOAD .pio/build/NUCLEO-L432KC/src/main.o
LOAD .pio/build/NUCLEO-L432KC/src/stm32l4xx_hal_msp.o
LOAD .pio/build/NUCLEO-L432KC/src/stm32l4xx_it.o
LOAD .pio/build/NUCLEO-L432KC/src/system_stm32l4xx.o
LOAD .pio/build/NUCLEO-L432KC/src/test_lib.o
START GROUP
LOAD .pio/build/NUCLEO-L432KC/lib0e6/libLuosHAL.a
LOAD .pio/build/NUCLEO-L432KC/lib358/libLuos.a
LOAD c:/users/nicol/.platformio/packages/toolchain-gccarmnoneeabi/bin/../lib/gcc/arm-none-eabi/7.2.1/../../../../arm-none-eabi/lib/thumb/v7e-m\libc_nano.a
LOAD c:/users/nicol/.platformio/packages/toolchain-gccarmnoneeabi/bin/../lib/gcc/arm-none-eabi/7.2.1/thumb/v7e-m\libgcc.a
LOAD c:/users/nicol/.platformio/packages/toolchain-gccarmnoneeabi/bin/../lib/gcc/arm-none-eabi/7.2.1/../../../../arm-none-eabi/lib/thumb/v7e-m\libm.a
LOAD c:/users/nicol/.platformio/packages/toolchain-gccarmnoneeabi/bin/../lib/gcc/arm-none-eabi/7.2.1/../../../../arm-none-eabi/lib/thumb/v7e-m\libstdc++_nano.a
LOAD c:/users/nicol/.platformio/packages/toolchain-gccarmnoneeabi/bin/../lib/gcc/arm-none-eabi/7.2.1/../../../../arm-none-eabi/lib/thumb/v7e-m\libnosys.a
LOAD .pio/build/NUCLEO-L432KC/libFrameworkCMSISDevice.a
END GROUP
START GROUP
LOAD c:/users/nicol/.platformio/packages/toolchain-gccarmnoneeabi/bin/../lib/gcc/arm-none-eabi/7.2.1/thumb/v7e-m\libgcc.a
LOAD c:/users/nicol/.platformio/packages/toolchain-gccarmnoneeabi/bin/../lib/gcc/arm-none-eabi/7.2.1/../../../../arm-none-eabi/lib/thumb/v7e-m\libc_nano.a
END GROUP
START GROUP
LOAD c:/users/nicol/.platformio/packages/toolchain-gccarmnoneeabi/bin/../lib/gcc/arm-none-eabi/7.2.1/thumb/v7e-m\libgcc.a
LOAD c:/users/nicol/.platformio/packages/toolchain-gccarmnoneeabi/bin/../lib/gcc/arm-none-eabi/7.2.1/../../../../arm-none-eabi/lib/thumb/v7e-m\libc_nano.a
LOAD c:/users/nicol/.platformio/packages/toolchain-gccarmnoneeabi/bin/../lib/gcc/arm-none-eabi/7.2.1/../../../../arm-none-eabi/lib/thumb/v7e-m\libnosys.a
END GROUP
START GROUP
LOAD c:/users/nicol/.platformio/packages/toolchain-gccarmnoneeabi/bin/../lib/gcc/arm-none-eabi/7.2.1/thumb/v7e-m\libgcc.a
LOAD c:/users/nicol/.platformio/packages/toolchain-gccarmnoneeabi/bin/../lib/gcc/arm-none-eabi/7.2.1/../../../../arm-none-eabi/lib/thumb/v7e-m\libc_nano.a
LOAD c:/users/nicol/.platformio/packages/toolchain-gccarmnoneeabi/bin/../lib/gcc/arm-none-eabi/7.2.1/../../../../arm-none-eabi/lib/thumb/v7e-m\libnosys.a
END GROUP
LOAD c:/users/nicol/.platformio/packages/toolchain-gccarmnoneeabi/bin/../lib/gcc/arm-none-eabi/7.2.1/thumb/v7e-m/crtend.o
LOAD c:/users/nicol/.platformio/packages/toolchain-gccarmnoneeabi/bin/../lib/gcc/arm-none-eabi/7.2.1/thumb/v7e-m/crtn.o
                0x20010000                _estack = (ORIGIN (RAM) + LENGTH (RAM))
                0x00000200                _Min_Heap_Size = 0x200
                0x00000400                _Min_Stack_Size = 0x400

.isr_vector     0x08000000      0x18c
                0x08000000                . = ALIGN (0x4)
 *(.isr_vector)
 .isr_vector    0x08000000      0x18c .pio/build/NUCLEO-L432KC/libFrameworkCMSISDevice.a(startup_stm32l432xx.o)
                0x08000000                g_pfnVectors
                0x0800018c                . = ALIGN (0x4)

.text           0x0800018c     0x4868
                0x0800018c                . = ALIGN (0x4)
 *(.text)
 .text          0x0800018c       0x40 c:/users/nicol/.platformio/packages/toolchain-gccarmnoneeabi/bin/../lib/gcc/arm-none-eabi/7.2.1/thumb/v7e-m/crtbegin.o
 .text          0x080001cc       0x10 c:/users/nicol/.platformio/packages/toolchain-gccarmnoneeabi/bin/../lib/gcc/arm-none-eabi/7.2.1/../../../../arm-none-eabi/lib/thumb/v7e-m\libc_nano.a(lib_a-strlen.o)
                0x080001cc                strlen
 .text          0x080001dc      0x2a0 c:/users/nicol/.platformio/packages/toolchain-gccarmnoneeabi/bin/../lib/gcc/arm-none-eabi/7.2.1/thumb/v7e-m\libgcc.a(_arm_muldivsf3.o)
                0x080001dc                __mulsf3
                0x080001dc                __aeabi_fmul
                0x08000344                __aeabi_fdiv
                0x08000344                __divsf3
 .text          0x0800047c       0x40 c:/users/nicol/.platformio/packages/toolchain-gccarmnoneeabi/bin/../lib/gcc/arm-none-eabi/7.2.1/thumb/v7e-m\libgcc.a(_arm_fixunssfsi.o)
                0x0800047c                __fixunssfsi
                0x0800047c                __aeabi_f2uiz
 *(.text*)
 .text.HAL_MspDeInit
                0x080004bc        0x2 .pio/build/NUCLEO-L432KC/FrameworkHALDriver/Src/stm32l4xx_hal.o
                0x080004bc                HAL_MspDeInit
 *fill*         0x080004be        0x2 
 .text.HAL_DeInit
                0x080004c0       0x30 .pio/build/NUCLEO-L432KC/FrameworkHALDriver/Src/stm32l4xx_hal.o
                0x080004c0                HAL_DeInit
 .text.HAL_InitTick
                0x080004f0       0x4c .pio/build/NUCLEO-L432KC/FrameworkHALDriver/Src/stm32l4xx_hal.o
                0x080004f0                HAL_InitTick
 .text.HAL_Init
                0x0800053c       0x1e .pio/build/NUCLEO-L432KC/FrameworkHALDriver/Src/stm32l4xx_hal.o
                0x0800053c                HAL_Init
 *fill*         0x0800055a        0x2 
 .text.HAL_IncTick
                0x0800055c       0x18 .pio/build/NUCLEO-L432KC/FrameworkHALDriver/Src/stm32l4xx_hal.o
                0x0800055c                HAL_IncTick
 .text.HAL_GetTick
                0x08000574        0xc .pio/build/NUCLEO-L432KC/FrameworkHALDriver/Src/stm32l4xx_hal.o
                0x08000574                HAL_GetTick
 .text.HAL_NVIC_SetPriorityGrouping
                0x08000580       0x24 .pio/build/NUCLEO-L432KC/FrameworkHALDriver/Src/stm32l4xx_hal_cortex.o
                0x08000580                HAL_NVIC_SetPriorityGrouping
 .text.HAL_NVIC_SetPriority
                0x080005a4       0x68 .pio/build/NUCLEO-L432KC/FrameworkHALDriver/Src/stm32l4xx_hal_cortex.o
                0x080005a4                HAL_NVIC_SetPriority
 .text.HAL_NVIC_EnableIRQ
                0x0800060c       0x1c .pio/build/NUCLEO-L432KC/FrameworkHALDriver/Src/stm32l4xx_hal_cortex.o
                0x0800060c                HAL_NVIC_EnableIRQ
 .text.HAL_SYSTICK_Config
                0x08000628       0x2c .pio/build/NUCLEO-L432KC/FrameworkHALDriver/Src/stm32l4xx_hal_cortex.o
                0x08000628                HAL_SYSTICK_Config
 .text.CRC_Handle_8
                0x08000654       0x6a .pio/build/NUCLEO-L432KC/FrameworkHALDriver/Src/stm32l4xx_hal_crc.o
 .text.CRC_Handle_16
                0x080006be       0x2e .pio/build/NUCLEO-L432KC/FrameworkHALDriver/Src/stm32l4xx_hal_crc.o
 .text.HAL_CRC_MspInit
                0x080006ec        0x2 .pio/build/NUCLEO-L432KC/FrameworkHALDriver/Src/stm32l4xx_hal_crc.o
                0x080006ec                HAL_CRC_MspInit
 *fill*         0x080006ee        0x2 
 .text.HAL_CRC_Init
                0x080006f0       0x74 .pio/build/NUCLEO-L432KC/FrameworkHALDriver/Src/stm32l4xx_hal_crc.o
                0x080006f0                HAL_CRC_Init
 .text.HAL_CRC_Accumulate
                0x08000764       0x40 .pio/build/NUCLEO-L432KC/FrameworkHALDriver/Src/stm32l4xx_hal_crc.o
                0x08000764                HAL_CRC_Accumulate
 .text.HAL_CRCEx_Polynomial_Set
                0x080007a4       0x44 .pio/build/NUCLEO-L432KC/FrameworkHALDriver/Src/stm32l4xx_hal_crc_ex.o
                0x080007a4                HAL_CRCEx_Polynomial_Set
 .text.FLASH_Program_Fast
                0x080007e8       0x2c .pio/build/NUCLEO-L432KC/FrameworkHALDriver/Src/stm32l4xx_hal_flash.o
 .text.HAL_FLASH_Unlock
                0x08000814       0x24 .pio/build/NUCLEO-L432KC/FrameworkHALDriver/Src/stm32l4xx_hal_flash.o
                0x08000814                HAL_FLASH_Unlock
 .text.HAL_FLASH_Lock
                0x08000838       0x14 .pio/build/NUCLEO-L432KC/FrameworkHALDriver/Src/stm32l4xx_hal_flash.o
                0x08000838                HAL_FLASH_Lock
 .text.FLASH_WaitForLastOperation
                0x0800084c       0x58 .pio/build/NUCLEO-L432KC/FrameworkHALDriver/Src/stm32l4xx_hal_flash.o
                0x0800084c                FLASH_WaitForLastOperation
 .text.HAL_FLASH_Program
                0x080008a4       0xa4 .pio/build/NUCLEO-L432KC/FrameworkHALDriver/Src/stm32l4xx_hal_flash.o
                0x080008a4                HAL_FLASH_Program
 .text.FLASH_MassErase
                0x08000948       0x20 .pio/build/NUCLEO-L432KC/FrameworkHALDriver/Src/stm32l4xx_hal_flash_ex.o
 .text.FLASH_PageErase
                0x08000968       0x28 .pio/build/NUCLEO-L432KC/FrameworkHALDriver/Src/stm32l4xx_hal_flash_ex.o
                0x08000968                FLASH_PageErase
 .text.FLASH_FlushCaches
                0x08000990       0x58 .pio/build/NUCLEO-L432KC/FrameworkHALDriver/Src/stm32l4xx_hal_flash_ex.o
                0x08000990                FLASH_FlushCaches
 .text.HAL_FLASHEx_Erase
                0x080009e8       0xe4 .pio/build/NUCLEO-L432KC/FrameworkHALDriver/Src/stm32l4xx_hal_flash_ex.o
                0x080009e8                HAL_FLASHEx_Erase
 .text.HAL_GPIO_Init
                0x08000acc      0x174 .pio/build/NUCLEO-L432KC/FrameworkHALDriver/Src/stm32l4xx_hal_gpio.o
                0x08000acc                HAL_GPIO_Init
 .text.HAL_GPIO_ReadPin
                0x08000c40        0xc .pio/build/NUCLEO-L432KC/FrameworkHALDriver/Src/stm32l4xx_hal_gpio.o
                0x08000c40                HAL_GPIO_ReadPin
 .text.HAL_GPIO_WritePin
                0x08000c4c        0xa .pio/build/NUCLEO-L432KC/FrameworkHALDriver/Src/stm32l4xx_hal_gpio.o
                0x08000c4c                HAL_GPIO_WritePin
 *fill*         0x08000c56        0x2 
 .text.HAL_GPIO_EXTI_IRQHandler
                0x08000c58       0x18 .pio/build/NUCLEO-L432KC/FrameworkHALDriver/Src/stm32l4xx_hal_gpio.o
                0x08000c58                HAL_GPIO_EXTI_IRQHandler
 .text.HAL_PWREx_GetVoltageRange
                0x08000c70       0x10 .pio/build/NUCLEO-L432KC/FrameworkHALDriver/Src/stm32l4xx_hal_pwr_ex.o
                0x08000c70                HAL_PWREx_GetVoltageRange
 .text.HAL_PWREx_ControlVoltageScaling
                0x08000c80       0x6c .pio/build/NUCLEO-L432KC/FrameworkHALDriver/Src/stm32l4xx_hal_pwr_ex.o
                0x08000c80                HAL_PWREx_ControlVoltageScaling
 .text.RCC_SetFlashLatencyFromMSIRange
                0x08000cec       0x84 .pio/build/NUCLEO-L432KC/FrameworkHALDriver/Src/stm32l4xx_hal_rcc.o
 .text.HAL_RCC_DeInit
                0x08000d70       0xd8 .pio/build/NUCLEO-L432KC/FrameworkHALDriver/Src/stm32l4xx_hal_rcc.o
                0x08000d70                HAL_RCC_DeInit
 .text.HAL_RCC_GetSysClockFreq
                0x08000e48       0x9c .pio/build/NUCLEO-L432KC/FrameworkHALDriver/Src/stm32l4xx_hal_rcc.o
                0x08000e48                HAL_RCC_GetSysClockFreq
 .text.HAL_RCC_OscConfig
                0x08000ee4      0x554 .pio/build/NUCLEO-L432KC/FrameworkHALDriver/Src/stm32l4xx_hal_rcc.o
                0x08000ee4                HAL_RCC_OscConfig
 .text.HAL_RCC_ClockConfig
                0x08001438      0x128 .pio/build/NUCLEO-L432KC/FrameworkHALDriver/Src/stm32l4xx_hal_rcc.o
                0x08001438                HAL_RCC_ClockConfig
 .text.LL_RCC_HSI_IsReady
                0x08001560       0x10 .pio/build/NUCLEO-L432KC/FrameworkHALDriver/Src/stm32l4xx_ll_rcc.o
 .text.LL_RCC_LSE_IsReady
                0x08001570       0x10 .pio/build/NUCLEO-L432KC/FrameworkHALDriver/Src/stm32l4xx_ll_rcc.o
 .text.LL_RCC_MSI_IsEnabledRangeSelect
                0x08001580       0x10 .pio/build/NUCLEO-L432KC/FrameworkHALDriver/Src/stm32l4xx_ll_rcc.o
 .text.RCC_GetHCLKClockFreq
                0x08001590       0x18 .pio/build/NUCLEO-L432KC/FrameworkHALDriver/Src/stm32l4xx_ll_rcc.o
                0x08001590                RCC_GetHCLKClockFreq
 .text.RCC_GetPCLK1ClockFreq
                0x080015a8       0x18 .pio/build/NUCLEO-L432KC/FrameworkHALDriver/Src/stm32l4xx_ll_rcc.o
                0x080015a8                RCC_GetPCLK1ClockFreq
 .text.RCC_GetPCLK2ClockFreq
                0x080015c0       0x18 .pio/build/NUCLEO-L432KC/FrameworkHALDriver/Src/stm32l4xx_ll_rcc.o
                0x080015c0                RCC_GetPCLK2ClockFreq
 .text.RCC_PLL_GetFreqDomain_SYS
                0x080015d8       0x8c .pio/build/NUCLEO-L432KC/FrameworkHALDriver/Src/stm32l4xx_ll_rcc.o
                0x080015d8                RCC_PLL_GetFreqDomain_SYS
 .text.RCC_GetSystemClockFreq
                0x08001664       0x80 .pio/build/NUCLEO-L432KC/FrameworkHALDriver/Src/stm32l4xx_ll_rcc.o
                0x08001664                RCC_GetSystemClockFreq
 .text.LL_RCC_GetUSARTClockFreq
                0x080016e4       0xcc .pio/build/NUCLEO-L432KC/FrameworkHALDriver/Src/stm32l4xx_ll_rcc.o
                0x080016e4                LL_RCC_GetUSARTClockFreq
 .text.LL_TIM_Init
                0x080017b0       0x74 .pio/build/NUCLEO-L432KC/FrameworkHALDriver/Src/stm32l4xx_ll_tim.o
                0x080017b0                LL_TIM_Init
 .text.LL_USART_Init
                0x08001824       0x9c .pio/build/NUCLEO-L432KC/FrameworkHALDriver/Src/stm32l4xx_ll_usart.o
                0x08001824                LL_USART_Init
 .text.MX_GPIO_Init
                0x080018c0       0xa4 .pio/build/NUCLEO-L432KC/src/gpio.o
                0x080018c0                MX_GPIO_Init
 .text.SystemClock_Config
                0x08001964       0x74 .pio/build/NUCLEO-L432KC/src/main.o
                0x08001964                SystemClock_Config
 .text.startup.main
                0x080019d8       0x20 .pio/build/NUCLEO-L432KC/src/main.o
                0x080019d8                main
 .text.HAL_MspInit
                0x080019f8       0x30 .pio/build/NUCLEO-L432KC/src/stm32l4xx_hal_msp.o
                0x080019f8                HAL_MspInit
 .text.NMI_Handler
                0x08001a28        0x2 .pio/build/NUCLEO-L432KC/src/stm32l4xx_it.o
                0x08001a28                NMI_Handler
 .text.HardFault_Handler
                0x08001a2a        0x2 .pio/build/NUCLEO-L432KC/src/stm32l4xx_it.o
                0x08001a2a                HardFault_Handler
 .text.MemManage_Handler
                0x08001a2c        0x2 .pio/build/NUCLEO-L432KC/src/stm32l4xx_it.o
                0x08001a2c                MemManage_Handler
 .text.BusFault_Handler
                0x08001a2e        0x2 .pio/build/NUCLEO-L432KC/src/stm32l4xx_it.o
                0x08001a2e                BusFault_Handler
 .text.UsageFault_Handler
                0x08001a30        0x2 .pio/build/NUCLEO-L432KC/src/stm32l4xx_it.o
                0x08001a30                UsageFault_Handler
 .text.SVC_Handler
                0x08001a32        0x2 .pio/build/NUCLEO-L432KC/src/stm32l4xx_it.o
                0x08001a32                SVC_Handler
 .text.DebugMon_Handler
                0x08001a34        0x2 .pio/build/NUCLEO-L432KC/src/stm32l4xx_it.o
                0x08001a34                DebugMon_Handler
 .text.PendSV_Handler
                0x08001a36        0x2 .pio/build/NUCLEO-L432KC/src/stm32l4xx_it.o
                0x08001a36                PendSV_Handler
 .text.SysTick_Handler
                0x08001a38        0x4 .pio/build/NUCLEO-L432KC/src/stm32l4xx_it.o
                0x08001a38                SysTick_Handler
 .text.EXTI9_5_IRQHandler
                0x08001a3c        0x6 .pio/build/NUCLEO-L432KC/src/stm32l4xx_it.o
                0x08001a3c                EXTI9_5_IRQHandler
 .text.EXTI4_IRQHandler
                0x08001a42        0x6 .pio/build/NUCLEO-L432KC/src/stm32l4xx_it.o
                0x08001a42                EXTI4_IRQHandler
 .text.SystemInit
                0x08001a48       0x3c .pio/build/NUCLEO-L432KC/src/system_stm32l4xx.o
                0x08001a48                SystemInit
 .text.foo      0x08001a84        0x4 .pio/build/NUCLEO-L432KC/src/test_lib.o
                0x08001a84                foo
 .text.Luos_SaveAlias
                0x08001a88       0x4c .pio/build/NUCLEO-L432KC/lib358/libLuos.a(luos.o)
 .text.Luos_Init
                0x08001ad4       0x18 .pio/build/NUCLEO-L432KC/lib358/libLuos.a(luos.o)
                0x08001ad4                Luos_Init
 .text.Luos_CreateService
                0x08001aec       0xf8 .pio/build/NUCLEO-L432KC/lib358/libLuos.a(luos.o)
                0x08001aec                Luos_CreateService
 .text.Luos_SendMsg
                0x08001be4       0x20 .pio/build/NUCLEO-L432KC/lib358/libLuos.a(luos.o)
                0x08001be4                Luos_SendMsg
 .text.Luos_ReceiveData
                0x08001c04       0xe4 .pio/build/NUCLEO-L432KC/lib358/libLuos.a(luos.o)
                0x08001c04                Luos_ReceiveData
 .text.Luos_MsgHandler
                0x08001ce8      0x380 .pio/build/NUCLEO-L432KC/lib358/libLuos.a(luos.o)
 .text.Luos_Loop
                0x08002068      0x1c8 .pio/build/NUCLEO-L432KC/lib358/libLuos.a(luos.o)
                0x08002068                Luos_Loop
 .text.Luos_SendData
                0x08002230       0x90 .pio/build/NUCLEO-L432KC/lib358/libLuos.a(luos.o)
                0x08002230                Luos_SendData
 .text.Luos_Run
                0x080022c0       0x58 .pio/build/NUCLEO-L432KC/lib358/libLuos.a(luos.o)
                0x080022c0                Luos_Run
 .text.node_assert
                0x08002318        0x2 .pio/build/NUCLEO-L432KC/lib358/libLuos.a(luos_utils.o)
                0x08002318                node_assert
 .text.Luos_assert
                0x0800231a       0x7a .pio/build/NUCLEO-L432KC/lib358/libLuos.a(luos_utils.o)
                0x0800231a                Luos_assert
 .text.RoutingTB_ComputeRoutingTableEntryNB
                0x08002394       0x44 .pio/build/NUCLEO-L432KC/lib358/libLuos.a(routing_table.o)
                0x08002394                RoutingTB_ComputeRoutingTableEntryNB
 .text.RoutingTB_ConvertNodeToRoutingTable
                0x080023d8       0x22 .pio/build/NUCLEO-L432KC/lib358/libLuos.a(routing_table.o)
                0x080023d8                RoutingTB_ConvertNodeToRoutingTable
 .text.RoutingTB_ConvertServiceToRoutingTable
                0x080023fa       0x2a .pio/build/NUCLEO-L432KC/lib358/libLuos.a(routing_table.o)
                0x080023fa                RoutingTB_ConvertServiceToRoutingTable
 .text.RoutingTB_RemoveOnRoutingTable
                0x08002424       0x84 .pio/build/NUCLEO-L432KC/lib358/libLuos.a(routing_table.o)
                0x08002424                RoutingTB_RemoveOnRoutingTable
 .text.RoutingTB_RemoveNode
                0x080024a8       0x58 .pio/build/NUCLEO-L432KC/lib358/libLuos.a(routing_table.o)
                0x080024a8                RoutingTB_RemoveNode
 .text.RoutingTB_Erase
                0x08002500       0x28 .pio/build/NUCLEO-L432KC/lib358/libLuos.a(routing_table.o)
                0x08002500                RoutingTB_Erase
 .text.RoutingTB_Get
                0x08002528        0x8 .pio/build/NUCLEO-L432KC/lib358/libLuos.a(routing_table.o)
                0x08002528                RoutingTB_Get
 .text.RoutingTB_GetLastEntry
                0x08002530        0xc .pio/build/NUCLEO-L432KC/lib358/libLuos.a(routing_table.o)
                0x08002530                RoutingTB_GetLastEntry
 .text.LuosBootloader_SendResponse
                0x0800253c       0x48 .pio/build/NUCLEO-L432KC/lib358/libLuos.a(bootloader_core.o)
 .text.LuosBootloader_Init
                0x08002584       0x44 .pio/build/NUCLEO-L432KC/lib358/libLuos.a(bootloader_core.o)
                0x08002584                LuosBootloader_Init
 .text.crc8     0x080025c8       0x30 .pio/build/NUCLEO-L432KC/lib358/libLuos.a(bootloader_core.o)
                0x080025c8                crc8
 .text.compute_crc
                0x080025f8       0x5c .pio/build/NUCLEO-L432KC/lib358/libLuos.a(bootloader_core.o)
                0x080025f8                compute_crc
 .text.LuosBootloader_Loop
                0x08002654       0x20 .pio/build/NUCLEO-L432KC/lib358/libLuos.a(bootloader_core.o)
                0x08002654                LuosBootloader_Loop
 .text.LuosBootloader_MsgHandler
                0x08002674      0x22c .pio/build/NUCLEO-L432KC/lib358/libLuos.a(bootloader_core.o)
                0x08002674                LuosBootloader_MsgHandler
 .text.MsgAlloc_CheckMsgSpace
                0x080028a0       0x30 .pio/build/NUCLEO-L432KC/lib358/libLuos.a(msg_alloc.o)
 .text.MsgAlloc_OldestMsgCandidate
                0x080028d0       0x98 .pio/build/NUCLEO-L432KC/lib358/libLuos.a(msg_alloc.o)
 .text.MsgAlloc_FindNewOldestMsg
                0x08002968       0x38 .pio/build/NUCLEO-L432KC/lib358/libLuos.a(msg_alloc.o)
 .text.MsgAlloc_ClearLuosTask
                0x080029a0       0xac .pio/build/NUCLEO-L432KC/lib358/libLuos.a(msg_alloc.o)
 .text.MsgAlloc_ClearMsgTask
                0x08002a4c       0x74 .pio/build/NUCLEO-L432KC/lib358/libLuos.a(msg_alloc.o)
 .text.MsgAlloc_Init
                0x08002ac0       0x98 .pio/build/NUCLEO-L432KC/lib358/libLuos.a(msg_alloc.o)
                0x08002ac0                MsgAlloc_Init
 .text.MsgAlloc_ValidHeader
                0x08002b58       0x7c .pio/build/NUCLEO-L432KC/lib358/libLuos.a(msg_alloc.o)
                0x08002b58                MsgAlloc_ValidHeader
 .text.MsgAlloc_SetData
                0x08002bd4       0x14 .pio/build/NUCLEO-L432KC/lib358/libLuos.a(msg_alloc.o)
                0x08002bd4                MsgAlloc_SetData
 .text.MsgAlloc_UsedMsgEnd
                0x08002be8        0xc .pio/build/NUCLEO-L432KC/lib358/libLuos.a(msg_alloc.o)
                0x08002be8                MsgAlloc_UsedMsgEnd
 .text.MsgAlloc_LuosTaskAlloc
                0x08002bf4       0x94 .pio/build/NUCLEO-L432KC/lib358/libLuos.a(msg_alloc.o)
                0x08002bf4                MsgAlloc_LuosTaskAlloc
 .text.MsgAlloc_GetLuosTaskCmd
                0x08002c88       0x24 .pio/build/NUCLEO-L432KC/lib358/libLuos.a(msg_alloc.o)
                0x08002c88                MsgAlloc_GetLuosTaskCmd
 .text.MsgAlloc_GetLuosTaskSize
                0x08002cac       0x24 .pio/build/NUCLEO-L432KC/lib358/libLuos.a(msg_alloc.o)
                0x08002cac                MsgAlloc_GetLuosTaskSize
 .text.MsgAlloc_ClearMsgFromLuosTasks
                0x08002cd0       0x30 .pio/build/NUCLEO-L432KC/lib358/libLuos.a(msg_alloc.o)
                0x08002cd0                MsgAlloc_ClearMsgFromLuosTasks
 .text.MsgAlloc_PullMsgFromTxTask
                0x08002d00       0x88 .pio/build/NUCLEO-L432KC/lib358/libLuos.a(msg_alloc.o)
                0x08002d00                MsgAlloc_PullMsgFromTxTask
 .text.MsgAlloc_ClearMsgSpace
                0x08002d88      0x10c .pio/build/NUCLEO-L432KC/lib358/libLuos.a(msg_alloc.o)
 .text.MsgAlloc_ValidDataIntegrity
                0x08002e94       0x64 .pio/build/NUCLEO-L432KC/lib358/libLuos.a(msg_alloc.o)
 .text.MsgAlloc_loop
                0x08002ef8       0xc8 .pio/build/NUCLEO-L432KC/lib358/libLuos.a(msg_alloc.o)
                0x08002ef8                MsgAlloc_loop
 .text.MsgAlloc_PullMsgToInterpret
                0x08002fc0       0x4c .pio/build/NUCLEO-L432KC/lib358/libLuos.a(msg_alloc.o)
                0x08002fc0                MsgAlloc_PullMsgToInterpret
 .text.MsgAlloc_PullMsgFromLuosTask
                0x0800300c       0x38 .pio/build/NUCLEO-L432KC/lib358/libLuos.a(msg_alloc.o)
                0x0800300c                MsgAlloc_PullMsgFromLuosTask
 .text.MsgAlloc_LookAtLuosTask
                0x08003044       0x2c .pio/build/NUCLEO-L432KC/lib358/libLuos.a(msg_alloc.o)
                0x08003044                MsgAlloc_LookAtLuosTask
 .text.MsgAlloc_SetTxTask
                0x08003070      0x2c8 .pio/build/NUCLEO-L432KC/lib358/libLuos.a(msg_alloc.o)
                0x08003070                MsgAlloc_SetTxTask
 .text.MsgAlloc_InvalidMsg
                0x08003338       0x70 .pio/build/NUCLEO-L432KC/lib358/libLuos.a(msg_alloc.o)
                0x08003338                MsgAlloc_InvalidMsg
 .text.MsgAlloc_EndMsg
                0x080033a8      0x100 .pio/build/NUCLEO-L432KC/lib358/libLuos.a(msg_alloc.o)
                0x080033a8                MsgAlloc_EndMsg
 .text.MsgAlloc_PullServiceFromTxTask
                0x080034a8       0xb8 .pio/build/NUCLEO-L432KC/lib358/libLuos.a(msg_alloc.o)
                0x080034a8                MsgAlloc_PullServiceFromTxTask
 .text.MsgAlloc_GetTxTask
                0x08003560       0x54 .pio/build/NUCLEO-L432KC/lib358/libLuos.a(msg_alloc.o)
                0x08003560                MsgAlloc_GetTxTask
 .text.MsgAlloc_TxAllComplete
                0x080035b4       0x14 .pio/build/NUCLEO-L432KC/lib358/libLuos.a(msg_alloc.o)
                0x080035b4                MsgAlloc_TxAllComplete
 .text.PortMng_Reset
                0x080035c8       0x28 .pio/build/NUCLEO-L432KC/lib358/libLuos.a(port_manager.o)
 .text.PortMng_Init
                0x080035f0       0x30 .pio/build/NUCLEO-L432KC/lib358/libLuos.a(port_manager.o)
                0x080035f0                PortMng_Init
 .text.PortMng_PtpHandler
                0x08003620       0x3c .pio/build/NUCLEO-L432KC/lib358/libLuos.a(port_manager.o)
                0x08003620                PortMng_PtpHandler
 .text.PortMng_PokePort
                0x0800365c       0x58 .pio/build/NUCLEO-L432KC/lib358/libLuos.a(port_manager.o)
                0x0800365c                PortMng_PokePort
 .text.PortMng_PokeNextPort
                0x080036b4       0x3c .pio/build/NUCLEO-L432KC/lib358/libLuos.a(port_manager.o)
                0x080036b4                PortMng_PokeNextPort
 .text.Robus_Init
                0x080036f0       0x54 .pio/build/NUCLEO-L432KC/lib358/libLuos.a(robus.o)
                0x080036f0                Robus_Init
 .text.Robus_ServiceCreate
                0x08003744       0x54 .pio/build/NUCLEO-L432KC/lib358/libLuos.a(robus.o)
                0x08003744                Robus_ServiceCreate
 .text.Robus_SendMsg
                0x08003798       0xf4 .pio/build/NUCLEO-L432KC/lib358/libLuos.a(robus.o)
                0x08003798                Robus_SendMsg
 .text.Robus_DetectNextNodes
                0x0800388c       0x8c .pio/build/NUCLEO-L432KC/lib358/libLuos.a(robus.o)
 .text.Robus_Loop
                0x08003918      0x134 .pio/build/NUCLEO-L432KC/lib358/libLuos.a(robus.o)
                0x08003918                Robus_Loop
 .text.Robus_GetNode
                0x08003a4c        0x8 .pio/build/NUCLEO-L432KC/lib358/libLuos.a(robus.o)
                0x08003a4c                Robus_GetNode
 .text.Transmit_GetLockStatus
                0x08003a54       0x20 .pio/build/NUCLEO-L432KC/lib358/libLuos.a(transmission.o)
 .text.Transmit_SendAck
                0x08003a74       0x20 .pio/build/NUCLEO-L432KC/lib358/libLuos.a(transmission.o)
                0x08003a74                Transmit_SendAck
 .text.Transmit_Process
                0x08003a94       0xec .pio/build/NUCLEO-L432KC/lib358/libLuos.a(transmission.o)
                0x08003a94                Transmit_Process
 .text.Transmit_End
                0x08003b80       0x58 .pio/build/NUCLEO-L432KC/lib358/libLuos.a(transmission.o)
                0x08003b80                Transmit_End
 .text.Recep_Drop
                0x08003bd8        0x2 .pio/build/NUCLEO-L432KC/lib358/libLuos.a(reception.o)
                0x08003bd8                Recep_Drop
 *fill*         0x08003bda        0x2 
 .text.Recep_CatchAck
                0x08003bdc       0x34 .pio/build/NUCLEO-L432KC/lib358/libLuos.a(reception.o)
                0x08003bdc                Recep_CatchAck
 .text.Recep_GetData
                0x08003c10       0xc4 .pio/build/NUCLEO-L432KC/lib358/libLuos.a(reception.o)
                0x08003c10                Recep_GetData
 .text.Recep_Init
                0x08003cd4       0x14 .pio/build/NUCLEO-L432KC/lib358/libLuos.a(reception.o)
                0x08003cd4                Recep_Init
 .text.Recep_Reset
                0x08003ce8       0x34 .pio/build/NUCLEO-L432KC/lib358/libLuos.a(reception.o)
                0x08003ce8                Recep_Reset
 .text.Recep_Timeout
                0x08003d1c       0x38 .pio/build/NUCLEO-L432KC/lib358/libLuos.a(reception.o)
                0x08003d1c                Recep_Timeout
 .text.Recep_GetConcernedLLService
                0x08003d54       0x90 .pio/build/NUCLEO-L432KC/lib358/libLuos.a(reception.o)
                0x08003d54                Recep_GetConcernedLLService
 .text.Recep_NodeConcerned
                0x08003de4       0xd0 .pio/build/NUCLEO-L432KC/lib358/libLuos.a(reception.o)
                0x08003de4                Recep_NodeConcerned
 .text.Recep_GetHeader
                0x08003eb4       0xb4 .pio/build/NUCLEO-L432KC/lib358/libLuos.a(reception.o)
                0x08003eb4                Recep_GetHeader
 .text.Recep_GetCollision
                0x08003f68       0xc4 .pio/build/NUCLEO-L432KC/lib358/libLuos.a(reception.o)
                0x08003f68                Recep_GetCollision
 .text.Recep_InterpretMsgProtocol
                0x0800402c      0x128 .pio/build/NUCLEO-L432KC/lib358/libLuos.a(reception.o)
                0x0800402c                Recep_InterpretMsgProtocol
 .text.Trgt_MulticastTargetBank
                0x08004154       0x20 .pio/build/NUCLEO-L432KC/lib358/libLuos.a(target.o)
                0x08004154                Trgt_MulticastTargetBank
 .text.__libc_init_array
                0x08004174       0x48 c:/users/nicol/.platformio/packages/toolchain-gccarmnoneeabi/bin/../lib/gcc/arm-none-eabi/7.2.1/../../../../arm-none-eabi/lib/thumb/v7e-m\libc_nano.a(lib_a-init.o)
                0x08004174                __libc_init_array
 .text.memcpy   0x080041bc       0x16 c:/users/nicol/.platformio/packages/toolchain-gccarmnoneeabi/bin/../lib/gcc/arm-none-eabi/7.2.1/../../../../arm-none-eabi/lib/thumb/v7e-m\libc_nano.a(lib_a-memcpy-stub.o)
                0x080041bc                memcpy
 .text.memset   0x080041d2       0x10 c:/users/nicol/.platformio/packages/toolchain-gccarmnoneeabi/bin/../lib/gcc/arm-none-eabi/7.2.1/../../../../arm-none-eabi/lib/thumb/v7e-m\libc_nano.a(lib_a-memset.o)
                0x080041d2                memset
 *fill*         0x080041e2        0x2 
 .text.Reset_Handler
                0x080041e4       0x50 .pio/build/NUCLEO-L432KC/libFrameworkCMSISDevice.a(startup_stm32l432xx.o)
                0x080041e4                Reset_Handler
 .text.Default_Handler
                0x08004234        0x2 .pio/build/NUCLEO-L432KC/libFrameworkCMSISDevice.a(startup_stm32l432xx.o)
                0x08004234                RTC_Alarm_IRQHandler
                0x08004234                EXTI2_IRQHandler
                0x08004234                TIM1_CC_IRQHandler
                0x08004234                TSC_IRQHandler
                0x08004234                TAMP_STAMP_IRQHandler
                0x08004234                EXTI3_IRQHandler
                0x08004234                LPTIM2_IRQHandler
                0x08004234                I2C3_ER_IRQHandler
                0x08004234                EXTI0_IRQHandler
                0x08004234                CAN1_RX0_IRQHandler
                0x08004234                FPU_IRQHandler
                0x08004234                TIM1_UP_TIM16_IRQHandler
                0x08004234                SPI1_IRQHandler
                0x08004234                TIM6_DAC_IRQHandler
                0x08004234                DMA2_Channel2_IRQHandler
                0x08004234                DMA1_Channel4_IRQHandler
                0x08004234                ADC1_IRQHandler
                0x08004234                DMA1_Channel7_IRQHandler
                0x08004234                CAN1_RX1_IRQHandler
                0x08004234                DMA2_Channel1_IRQHandler
                0x08004234                QUADSPI_IRQHandler
                0x08004234                I2C1_EV_IRQHandler
                0x08004234                DMA1_Channel6_IRQHandler
                0x08004234                DMA2_Channel4_IRQHandler
                0x08004234                RCC_IRQHandler
                0x08004234                TIM1_TRG_COM_IRQHandler
                0x08004234                DMA1_Channel1_IRQHandler
                0x08004234                Default_Handler
                0x08004234                DMA2_Channel7_IRQHandler
                0x08004234                EXTI15_10_IRQHandler
                0x08004234                I2C3_EV_IRQHandler
                0x08004234                USB_IRQHandler
                0x08004234                RTC_WKUP_IRQHandler
                0x08004234                PVD_PVM_IRQHandler
                0x08004234                CAN1_TX_IRQHandler
                0x08004234                DMA2_Channel5_IRQHandler
                0x08004234                CRS_IRQHandler
                0x08004234                DMA1_Channel5_IRQHandler
                0x08004234                RNG_IRQHandler
                0x08004234                DMA1_Channel3_IRQHandler
                0x08004234                COMP_IRQHandler
                0x08004234                WWDG_IRQHandler
                0x08004234                LPUART1_IRQHandler
                0x08004234                DMA2_Channel6_IRQHandler
                0x08004234                TIM2_IRQHandler
                0x08004234                EXTI1_IRQHandler
                0x08004234                USART2_IRQHandler
                0x08004234                DMA1_Channel2_IRQHandler
                0x08004234                CAN1_SCE_IRQHandler
                0x08004234                FLASH_IRQHandler
                0x08004234                SPI3_IRQHandler
                0x08004234                I2C1_ER_IRQHandler
                0x08004234                SWPMI1_IRQHandler
                0x08004234                LPTIM1_IRQHandler
                0x08004234                SAI1_IRQHandler
                0x08004234                DMA2_Channel3_IRQHandler
                0x08004234                TIM1_BRK_TIM15_IRQHandler
 *fill*         0x08004236        0x2 
 .text.LuosHAL_SetTxState.part.0
                0x08004238       0x18 .pio/build/NUCLEO-L432KC/lib0e6/libLuosHAL.a(luos_hal.o)
 .text.LuosHAL_SetRxState.part.1
                0x08004250       0x18 .pio/build/NUCLEO-L432KC/lib0e6/libLuosHAL.a(luos_hal.o)
 .text.LuosHAL_SetIrqState
                0x08004268        0xc .pio/build/NUCLEO-L432KC/lib0e6/libLuosHAL.a(luos_hal.o)
                0x08004268                LuosHAL_SetIrqState
 .text.LuosHAL_GetSystick
                0x08004274        0x4 .pio/build/NUCLEO-L432KC/lib0e6/libLuosHAL.a(luos_hal.o)
                0x08004274                LuosHAL_GetSystick
 .text.LuosHAL_ComInit
                0x08004278      0x158 .pio/build/NUCLEO-L432KC/lib0e6/libLuosHAL.a(luos_hal.o)
                0x08004278                LuosHAL_ComInit
 .text.LuosHAL_SetTxState
                0x080043d0       0x44 .pio/build/NUCLEO-L432KC/lib0e6/libLuosHAL.a(luos_hal.o)
                0x080043d0                LuosHAL_SetTxState
 .text.LuosHAL_SetRxState
                0x08004414       0x18 .pio/build/NUCLEO-L432KC/lib0e6/libLuosHAL.a(luos_hal.o)
                0x08004414                LuosHAL_SetRxState
 .text.LuosHAL_SetRxDetecPin
                0x0800442c        0x2 .pio/build/NUCLEO-L432KC/lib0e6/libLuosHAL.a(luos_hal.o)
                0x0800442c                LuosHAL_SetRxDetecPin
 *fill*         0x0800442e        0x2 
 .text.LuosHAL_ResetTimeout
                0x08004430       0x34 .pio/build/NUCLEO-L432KC/lib0e6/libLuosHAL.a(luos_hal.o)
                0x08004430                LuosHAL_ResetTimeout
 .text.USART1_IRQHandler
                0x08004464       0x84 .pio/build/NUCLEO-L432KC/lib0e6/libLuosHAL.a(luos_hal.o)
                0x08004464                USART1_IRQHandler
 .text.LuosHAL_ComTransmit
                0x080044e8       0x8c .pio/build/NUCLEO-L432KC/lib0e6/libLuosHAL.a(luos_hal.o)
                0x080044e8                LuosHAL_ComTransmit
 .text.LuosHAL_GetTxLockState
                0x08004574       0x1c .pio/build/NUCLEO-L432KC/lib0e6/libLuosHAL.a(luos_hal.o)
                0x08004574                LuosHAL_GetTxLockState
 .text.TIM7_IRQHandler
                0x08004590       0x40 .pio/build/NUCLEO-L432KC/lib0e6/libLuosHAL.a(luos_hal.o)
                0x08004590                TIM7_IRQHandler
 .text.HAL_GPIO_EXTI_Callback
                0x080045d0       0x20 .pio/build/NUCLEO-L432KC/lib0e6/libLuosHAL.a(luos_hal.o)
                0x080045d0                HAL_GPIO_EXTI_Callback
 .text.LuosHAL_SetPTPDefaultState
                0x080045f0       0x34 .pio/build/NUCLEO-L432KC/lib0e6/libLuosHAL.a(luos_hal.o)
                0x080045f0                LuosHAL_SetPTPDefaultState
 .text.LuosHAL_Init
                0x08004624      0x158 .pio/build/NUCLEO-L432KC/lib0e6/libLuosHAL.a(luos_hal.o)
                0x08004624                LuosHAL_Init
 .text.LuosHAL_SetPTPReverseState
                0x0800477c       0x34 .pio/build/NUCLEO-L432KC/lib0e6/libLuosHAL.a(luos_hal.o)
                0x0800477c                LuosHAL_SetPTPReverseState
 .text.LuosHAL_PushPTP
                0x080047b0       0x34 .pio/build/NUCLEO-L432KC/lib0e6/libLuosHAL.a(luos_hal.o)
                0x080047b0                LuosHAL_PushPTP
 .text.LuosHAL_GetPTPState
                0x080047e4       0x14 .pio/build/NUCLEO-L432KC/lib0e6/libLuosHAL.a(luos_hal.o)
                0x080047e4                LuosHAL_GetPTPState
 .text.LuosHAL_ComputeCRC
                0x080047f8       0x28 .pio/build/NUCLEO-L432KC/lib0e6/libLuosHAL.a(luos_hal.o)
                0x080047f8                LuosHAL_ComputeCRC
 .text.LuosHAL_FlashWriteLuosMemoryInfo
                0x08004820       0x7c .pio/build/NUCLEO-L432KC/lib0e6/libLuosHAL.a(luos_hal.o)
                0x08004820                LuosHAL_FlashWriteLuosMemoryInfo
 .text.LuosHAL_FlashReadLuosMemoryInfo
                0x0800489c        0xc .pio/build/NUCLEO-L432KC/lib0e6/libLuosHAL.a(luos_hal.o)
                0x0800489c                LuosHAL_FlashReadLuosMemoryInfo
 .text.LuosHAL_SetMode
                0x080048a8       0x40 .pio/build/NUCLEO-L432KC/lib0e6/libLuosHAL.a(luos_hal.o)
                0x080048a8                LuosHAL_SetMode
 .text.LuosHAL_Reboot
                0x080048e8       0x3c .pio/build/NUCLEO-L432KC/lib0e6/libLuosHAL.a(luos_hal.o)
                0x080048e8                LuosHAL_Reboot
 .text.LuosHAL_DeInit
                0x08004924        0xe .pio/build/NUCLEO-L432KC/lib0e6/libLuosHAL.a(luos_hal.o)
                0x08004924                LuosHAL_DeInit
 *fill*         0x08004932        0x2 
 .text.LuosHAL_JumpToApp
                0x08004934       0x20 .pio/build/NUCLEO-L432KC/lib0e6/libLuosHAL.a(luos_hal.o)
                0x08004934                LuosHAL_JumpToApp
 .text.LuosHAL_GetMode
                0x08004954        0xc .pio/build/NUCLEO-L432KC/lib0e6/libLuosHAL.a(luos_hal.o)
                0x08004954                LuosHAL_GetMode
 .text.LuosHAL_GetNodeID
                0x08004960       0x10 .pio/build/NUCLEO-L432KC/lib0e6/libLuosHAL.a(luos_hal.o)
                0x08004960                LuosHAL_GetNodeID
 .text.LuosHAL_EraseMemory
                0x08004970       0x3a .pio/build/NUCLEO-L432KC/lib0e6/libLuosHAL.a(luos_hal.o)
                0x08004970                LuosHAL_EraseMemory
 .text.LuosHAL_ProgramFlash
                0x080049aa       0x32 .pio/build/NUCLEO-L432KC/lib0e6/libLuosHAL.a(luos_hal.o)
                0x080049aa                LuosHAL_ProgramFlash
 *(.glue_7)
 .glue_7        0x080049dc        0x0 linker stubs
 *(.glue_7t)
 .glue_7t       0x080049dc        0x0 linker stubs
 *(.eh_frame)
 .eh_frame      0x080049dc        0x0 c:/users/nicol/.platformio/packages/toolchain-gccarmnoneeabi/bin/../lib/gcc/arm-none-eabi/7.2.1/thumb/v7e-m/crtbegin.o
 *(.init)
 .init          0x080049dc        0x4 c:/users/nicol/.platformio/packages/toolchain-gccarmnoneeabi/bin/../lib/gcc/arm-none-eabi/7.2.1/thumb/v7e-m/crti.o
                0x080049dc                _init
 .init          0x080049e0        0x8 c:/users/nicol/.platformio/packages/toolchain-gccarmnoneeabi/bin/../lib/gcc/arm-none-eabi/7.2.1/thumb/v7e-m/crtn.o
 *(.fini)
 .fini          0x080049e8        0x4 c:/users/nicol/.platformio/packages/toolchain-gccarmnoneeabi/bin/../lib/gcc/arm-none-eabi/7.2.1/thumb/v7e-m/crti.o
                0x080049e8                _fini
 .fini          0x080049ec        0x8 c:/users/nicol/.platformio/packages/toolchain-gccarmnoneeabi/bin/../lib/gcc/arm-none-eabi/7.2.1/thumb/v7e-m/crtn.o
                0x080049f4                . = ALIGN (0x4)
                0x080049f4                _etext = .

.vfp11_veneer   0x080049f4        0x0
 .vfp11_veneer  0x080049f4        0x0 linker stubs

.v4_bx          0x080049f4        0x0
 .v4_bx         0x080049f4        0x0 linker stubs

.iplt           0x080049f4        0x0
 .iplt          0x080049f4        0x0 c:/users/nicol/.platformio/packages/toolchain-gccarmnoneeabi/bin/../lib/gcc/arm-none-eabi/7.2.1/thumb/v7e-m/crtbegin.o

.rodata         0x080049f4      0x100
                0x080049f4                . = ALIGN (0x4)
 *(.rodata)
 .rodata        0x080049f4        0x3 .pio/build/NUCLEO-L432KC/lib358/libLuos.a(bootloader_core.o)
 *(.rodata*)
 .rodata.AHBPrescTable
                0x080049f7       0x10 .pio/build/NUCLEO-L432KC/src/system_stm32l4xx.o
                0x080049f7                AHBPrescTable
 .rodata.APBPrescTable
                0x08004a07        0x8 .pio/build/NUCLEO-L432KC/src/system_stm32l4xx.o
                0x08004a07                APBPrescTable
 *fill*         0x08004a0f        0x1 
 .rodata.MSIRangeTable
                0x08004a10       0x30 .pio/build/NUCLEO-L432KC/src/system_stm32l4xx.o
                0x08004a10                MSIRangeTable
 .rodata.Luos_ReceiveData.str1.1
                0x08004a40       0x30 .pio/build/NUCLEO-L432KC/lib358/libLuos.a(luos.o)
 .rodata.RoutingTB_RemoveOnRoutingTable.str1.1
                0x08004a70       0x39 .pio/build/NUCLEO-L432KC/lib358/libLuos.a(routing_table.o)
 .rodata.LuosBootloader_Init.str1.1
                0x08004aa9        0xd .pio/build/NUCLEO-L432KC/lib358/libLuos.a(bootloader_core.o)
 .rodata.MsgAlloc_OldestMsgCandidate.str1.1
                0x08004ab6       0x3b .pio/build/NUCLEO-L432KC/lib358/libLuos.a(msg_alloc.o)
                0x08004af4                . = ALIGN (0x4)
 *fill*         0x08004af1        0x3 

.rel.dyn        0x08004af4        0x0
 .rel.iplt      0x08004af4        0x0 c:/users/nicol/.platformio/packages/toolchain-gccarmnoneeabi/bin/../lib/gcc/arm-none-eabi/7.2.1/thumb/v7e-m/crtbegin.o

.ARM.extab      0x08004af4        0x0
                0x08004af4                . = ALIGN (0x4)
 *(.ARM.extab* .gnu.linkonce.armextab.*)
                0x08004af4                . = ALIGN (0x4)

.ARM            0x08004af4        0x0
                0x08004af4                . = ALIGN (0x4)
                0x08004af4                __exidx_start = .
 *(.ARM.exidx*)
                0x08004af4                __exidx_end = .
                0x08004af4                . = ALIGN (0x4)

.preinit_array  0x08004af4        0x0
                0x08004af4                . = ALIGN (0x4)
                0x08004af4                PROVIDE (__preinit_array_start, .)
 *(.preinit_array*)
                0x08004af4                PROVIDE (__preinit_array_end, .)
                0x08004af4                . = ALIGN (0x4)

.init_array     0x08004af4        0x4
                0x08004af4                . = ALIGN (0x4)
                0x08004af4                PROVIDE (__init_array_start, .)
 *(SORT_BY_NAME(.init_array.*))
 *(.init_array*)
 .init_array    0x08004af4        0x4 c:/users/nicol/.platformio/packages/toolchain-gccarmnoneeabi/bin/../lib/gcc/arm-none-eabi/7.2.1/thumb/v7e-m/crtbegin.o
                0x08004af8                PROVIDE (__init_array_end, .)
                0x08004af8                . = ALIGN (0x4)

.fini_array     0x08004af8        0x4
                0x08004af8                . = ALIGN (0x4)
                [!provide]                PROVIDE (__fini_array_start, .)
 *(SORT_BY_NAME(.fini_array.*))
 *(.fini_array*)
 .fini_array    0x08004af8        0x4 c:/users/nicol/.platformio/packages/toolchain-gccarmnoneeabi/bin/../lib/gcc/arm-none-eabi/7.2.1/thumb/v7e-m/crtbegin.o
                [!provide]                PROVIDE (__fini_array_end, .)
                0x08004afc                . = ALIGN (0x4)
                0x08004afc                _sidata = LOADADDR (.data)

.data           0x20000000       0x3c load address 0x08004afc
                0x20000000                . = ALIGN (0x4)
                0x20000000                _sdata = .
 *(.data)
 *(.data*)
 .data.uwTickFreq
                0x20000000        0x1 .pio/build/NUCLEO-L432KC/FrameworkHALDriver/Src/stm32l4xx_hal.o
                0x20000000                uwTickFreq
 *fill*         0x20000001        0x3 
 .data.uwTickPrio
                0x20000004        0x4 .pio/build/NUCLEO-L432KC/FrameworkHALDriver/Src/stm32l4xx_hal.o
                0x20000004                uwTickPrio
 .data.pFlash   0x20000008       0x20 .pio/build/NUCLEO-L432KC/FrameworkHALDriver/Src/stm32l4xx_hal_flash.o
                0x20000008                pFlash
 .data.SystemCoreClock
                0x20000028        0x4 .pio/build/NUCLEO-L432KC/src/system_stm32l4xx.o
                0x20000028                SystemCoreClock
 .data.luos_version
                0x2000002c        0x3 .pio/build/NUCLEO-L432KC/lib358/libLuos.a(luos.o)
                0x2000002c                luos_version
 *fill*         0x2000002f        0x1 
 .data.flash_addr
                0x20000030        0x4 .pio/build/NUCLEO-L432KC/lib358/libLuos.a(bootloader_core.o)
                0x20000030                flash_addr
 .data.residual_space
                0x20000034        0x2 .pio/build/NUCLEO-L432KC/lib358/libLuos.a(bootloader_core.o)
                0x20000034                residual_space
 *fill*         0x20000036        0x2 
 .data.Timer_Prescaler
                0x20000038        0x4 .pio/build/NUCLEO-L432KC/lib0e6/libLuosHAL.a(luos_hal.o)
                0x20000038                Timer_Prescaler
                0x2000003c                . = ALIGN (0x4)
                0x2000003c                _edata = .

.igot.plt       0x2000003c        0x0 load address 0x08004b38
 .igot.plt      0x2000003c        0x0 c:/users/nicol/.platformio/packages/toolchain-gccarmnoneeabi/bin/../lib/gcc/arm-none-eabi/7.2.1/thumb/v7e-m/crtbegin.o
                0x2000003c                . = ALIGN (0x4)

.bss            0x2000003c     0x116c load address 0x08004b38
                0x2000003c                _sbss = .
                0x2000003c                __bss_start__ = _sbss
 *(.bss)
 .bss           0x2000003c       0x1c c:/users/nicol/.platformio/packages/toolchain-gccarmnoneeabi/bin/../lib/gcc/arm-none-eabi/7.2.1/thumb/v7e-m/crtbegin.o
 *(.bss*)
 .bss.data_size.12869
                0x20000058       0x14 .pio/build/NUCLEO-L432KC/lib358/libLuos.a(luos.o)
 .bss.last_loop_date.12699
                0x2000006c        0x4 .pio/build/NUCLEO-L432KC/lib358/libLuos.a(luos.o)
 .bss.last_msg_size.12871
                0x20000070        0x2 .pio/build/NUCLEO-L432KC/lib358/libLuos.a(luos.o)
 .bss.node_state.12961
                0x20000072        0x1 .pio/build/NUCLEO-L432KC/lib358/libLuos.a(luos.o)
 *fill*         0x20000073        0x1 
 .bss.package_number
                0x20000074        0x2 .pio/build/NUCLEO-L432KC/lib358/libLuos.a(luos.o)
                0x20000074                package_number
 .bss.service_number
                0x20000076        0x2 .pio/build/NUCLEO-L432KC/lib358/libLuos.a(luos.o)
                0x20000076                service_number
 .bss.total_data_size.12870
                0x20000078       0x14 .pio/build/NUCLEO-L432KC/lib358/libLuos.a(luos.o)
 .bss.last_routing_table_entry
                0x2000008c        0x2 .pio/build/NUCLEO-L432KC/lib358/libLuos.a(routing_table.o)
                0x2000008c                last_routing_table_entry
 .bss.last_service
                0x2000008e        0x2 .pio/build/NUCLEO-L432KC/lib358/libLuos.a(routing_table.o)
                0x2000008e                last_service
 .bss.bootloader_data
                0x20000090       0x7f .pio/build/NUCLEO-L432KC/lib358/libLuos.a(bootloader_core.o)
 *fill*         0x2000010f        0x1 
 .bss.bootloader_data_size
                0x20000110        0x2 .pio/build/NUCLEO-L432KC/lib358/libLuos.a(bootloader_core.o)
 .bss.crc       0x20000112        0x1 .pio/build/NUCLEO-L432KC/lib358/libLuos.a(bootloader_core.o)
                0x20000112                crc
 *fill*         0x20000113        0x1 
 .bss.data_index
                0x20000114        0x2 .pio/build/NUCLEO-L432KC/lib358/libLuos.a(bootloader_core.o)
                0x20000114                data_index
 *fill*         0x20000116        0x2 
 .bss.nb_bytes  0x20000118        0x4 .pio/build/NUCLEO-L432KC/lib358/libLuos.a(bootloader_core.o)
                0x20000118                nb_bytes
 .bss.source_id
                0x2000011c        0x2 .pio/build/NUCLEO-L432KC/lib358/libLuos.a(bootloader_core.o)
                0x2000011c                source_id
 *fill*         0x2000011e        0x2 
 .bss.tickstart
                0x20000120        0x4 .pio/build/NUCLEO-L432KC/lib358/libLuos.a(bootloader_core.o)
                0x20000120                tickstart
 .bss.copy_task_pointer
                0x20000124        0x4 .pio/build/NUCLEO-L432KC/lib358/libLuos.a(msg_alloc.o)
                0x20000124                copy_task_pointer
 .bss.mem_stat  0x20000128        0x4 .pio/build/NUCLEO-L432KC/lib358/libLuos.a(msg_alloc.o)
                0x20000128                mem_stat
 .bss.oldest_msg
                0x2000012c        0x4 .pio/build/NUCLEO-L432KC/lib358/libLuos.a(msg_alloc.o)
                0x2000012c                oldest_msg
 .bss.used_msg  0x20000130        0x4 .pio/build/NUCLEO-L432KC/lib358/libLuos.a(msg_alloc.o)
                0x20000130                used_msg
 .bss.Port_ExpectedState
                0x20000134        0x1 .pio/build/NUCLEO-L432KC/lib358/libLuos.a(port_manager.o)
                0x20000134                Port_ExpectedState
 *fill*         0x20000135        0x1 
 .bss.last_node
                0x20000136        0x2 .pio/build/NUCLEO-L432KC/lib358/libLuos.a(robus.o)
                0x20000136                last_node
 .bss.nbrRetry  0x20000138        0x1 .pio/build/NUCLEO-L432KC/lib358/libLuos.a(transmission.o)
                0x20000138                nbrRetry
 *fill*         0x20000139        0x1 
 .bss.crc_val   0x2000013a        0x2 .pio/build/NUCLEO-L432KC/lib358/libLuos.a(reception.o)
                0x2000013a                crc_val
 .bss.data_count
                0x2000013c        0x2 .pio/build/NUCLEO-L432KC/lib358/libLuos.a(reception.o)
                0x2000013c                data_count
 .bss.data_size
                0x2000013e        0x2 .pio/build/NUCLEO-L432KC/lib358/libLuos.a(reception.o)
                0x2000013e                data_size
 .bss.GPIO_InitStruct
                0x20000140       0x14 .pio/build/NUCLEO-L432KC/lib0e6/libLuosHAL.a(luos_hal.o)
                0x20000140                GPIO_InitStruct
 .bss.data_size_to_transmit
                0x20000154        0x2 .pio/build/NUCLEO-L432KC/lib0e6/libLuosHAL.a(luos_hal.o)
                0x20000154                data_size_to_transmit
 *fill*         0x20000156        0x2 
 .bss.tx_data   0x20000158        0x4 .pio/build/NUCLEO-L432KC/lib0e6/libLuosHAL.a(luos_hal.o)
                0x20000158                tx_data
 *(COMMON)
 COMMON         0x2000015c        0x4 .pio/build/NUCLEO-L432KC/FrameworkHALDriver/Src/stm32l4xx_hal.o
                0x2000015c                uwTick
 COMMON         0x20000160      0x16c .pio/build/NUCLEO-L432KC/lib358/libLuos.a(luos.o)
                0x20000160                general_stats
                0x20000168                routing_table_pt
                0x2000016c                luos_stats
                0x20000172                service_table
                0x200002a4                package_table
 COMMON         0x200002cc      0x370 .pio/build/NUCLEO-L432KC/lib358/libLuos.a(routing_table.o)
                0x200002cc                routing_table
 COMMON         0x2000063c      0x800 .pio/build/NUCLEO-L432KC/lib358/libLuos.a(bootloader_core.o)
                0x2000063c                data_buff
 COMMON         0x20000e3c      0x2c4 .pio/build/NUCLEO-L432KC/lib358/libLuos.a(msg_alloc.o)
                0x20000e3c                msg_tasks
                0x20000e64                msg_buffer
                0x20000ff9                mem_clear_needed
                0x20000ffc                data_ptr
                0x20001000                data_end_estimation
                0x20001004                luos_tasks
                0x20001054                msg_tasks_stack_id
                0x20001056                luos_tasks_stack_id
                0x20001058                tx_tasks_stack_id
                0x2000105c                tx_tasks
                0x200010fc                current_msg
 COMMON         0x20001100       0x6c .pio/build/NUCLEO-L432KC/lib358/libLuos.a(robus.o)
                0x20001100                ctx
                0x20001168                baudrate
 COMMON         0x2000116c       0x3c .pio/build/NUCLEO-L432KC/lib0e6/libLuosHAL.a(luos_hal.o)
                0x2000116c                hcrc
                0x20001190                PTP
                0x200011a8                . = ALIGN (0x4)
                0x200011a8                _ebss = .
                0x200011a8                __bss_end__ = _ebss

._user_heap_stack
                0x200011a8      0x600 load address 0x08004b38
                0x200011a8                . = ALIGN (0x8)
                0x200011a8                PROVIDE (end, .)
                [!provide]                PROVIDE (_end, .)
                0x200013a8                . = (. + _Min_Heap_Size)
 *fill*         0x200011a8      0x200 
                0x200017a8                . = (. + _Min_Stack_Size)
 *fill*         0x200013a8      0x400 
                0x200017a8                . = ALIGN (0x8)

.shared_mem_block
                0x0800c000      0x800
                0x0800c000                __my_shared_mem_start = .
                0x0800c800                . = (. + 0x800)
 *fill*         0x0800c000      0x800 
 *(.my_shared_mem)
 *(.my_shared_mem*)
                0x0800c800                __my_shared_mem_end = .

/DISCARD/
 libc.a(*)
 libm.a(*)
 libgcc.a(*)

.ARM.attributes
                0x00000000       0x2a
 *(.ARM.attributes)
 .ARM.attributes
                0x00000000       0x1e c:/users/nicol/.platformio/packages/toolchain-gccarmnoneeabi/bin/../lib/gcc/arm-none-eabi/7.2.1/thumb/v7e-m/crti.o
 .ARM.attributes
                0x0000001e       0x2e c:/users/nicol/.platformio/packages/toolchain-gccarmnoneeabi/bin/../lib/gcc/arm-none-eabi/7.2.1/thumb/v7e-m/crtbegin.o
 .ARM.attributes
                0x0000004c       0x33 .pio/build/NUCLEO-L432KC/FrameworkHALDriver/Src/stm32l4xx_hal.o
 .ARM.attributes
                0x0000007f       0x33 .pio/build/NUCLEO-L432KC/FrameworkHALDriver/Src/stm32l4xx_hal_cortex.o
 .ARM.attributes
                0x000000b2       0x33 .pio/build/NUCLEO-L432KC/FrameworkHALDriver/Src/stm32l4xx_hal_crc.o
 .ARM.attributes
                0x000000e5       0x33 .pio/build/NUCLEO-L432KC/FrameworkHALDriver/Src/stm32l4xx_hal_crc_ex.o
 .ARM.attributes
                0x00000118       0x33 .pio/build/NUCLEO-L432KC/FrameworkHALDriver/Src/stm32l4xx_hal_flash.o
 .ARM.attributes
                0x0000014b       0x33 .pio/build/NUCLEO-L432KC/FrameworkHALDriver/Src/stm32l4xx_hal_flash_ex.o
 .ARM.attributes
                0x0000017e       0x33 .pio/build/NUCLEO-L432KC/FrameworkHALDriver/Src/stm32l4xx_hal_gpio.o
 .ARM.attributes
                0x000001b1       0x33 .pio/build/NUCLEO-L432KC/FrameworkHALDriver/Src/stm32l4xx_hal_pwr_ex.o
 .ARM.attributes
                0x000001e4       0x33 .pio/build/NUCLEO-L432KC/FrameworkHALDriver/Src/stm32l4xx_hal_rcc.o
 .ARM.attributes
                0x00000217       0x33 .pio/build/NUCLEO-L432KC/FrameworkHALDriver/Src/stm32l4xx_ll_rcc.o
 .ARM.attributes
                0x0000024a       0x33 .pio/build/NUCLEO-L432KC/FrameworkHALDriver/Src/stm32l4xx_ll_tim.o
 .ARM.attributes
                0x0000027d       0x33 .pio/build/NUCLEO-L432KC/FrameworkHALDriver/Src/stm32l4xx_ll_usart.o
 .ARM.attributes
                0x000002b0       0x33 .pio/build/NUCLEO-L432KC/src/gpio.o
 .ARM.attributes
                0x000002e3       0x33 .pio/build/NUCLEO-L432KC/src/main.o
 .ARM.attributes
                0x00000316       0x33 .pio/build/NUCLEO-L432KC/src/stm32l4xx_hal_msp.o
 .ARM.attributes
                0x00000349       0x33 .pio/build/NUCLEO-L432KC/src/stm32l4xx_it.o
 .ARM.attributes
                0x0000037c       0x33 .pio/build/NUCLEO-L432KC/src/system_stm32l4xx.o
 .ARM.attributes
                0x000003af       0x33 .pio/build/NUCLEO-L432KC/src/test_lib.o
 .ARM.attributes
                0x000003e2       0x33 .pio/build/NUCLEO-L432KC/lib358/libLuos.a(luos.o)
 .ARM.attributes
                0x00000415       0x33 .pio/build/NUCLEO-L432KC/lib358/libLuos.a(luos_utils.o)
 .ARM.attributes
                0x00000448       0x33 .pio/build/NUCLEO-L432KC/lib358/libLuos.a(routing_table.o)
 .ARM.attributes
                0x0000047b       0x33 .pio/build/NUCLEO-L432KC/lib358/libLuos.a(bootloader_core.o)
 .ARM.attributes
                0x000004ae       0x33 .pio/build/NUCLEO-L432KC/lib358/libLuos.a(msg_alloc.o)
 .ARM.attributes
                0x000004e1       0x33 .pio/build/NUCLEO-L432KC/lib358/libLuos.a(port_manager.o)
 .ARM.attributes
                0x00000514       0x33 .pio/build/NUCLEO-L432KC/lib358/libLuos.a(robus.o)
 .ARM.attributes
                0x00000547       0x33 .pio/build/NUCLEO-L432KC/lib358/libLuos.a(transmission.o)
 .ARM.attributes
                0x0000057a       0x33 .pio/build/NUCLEO-L432KC/lib358/libLuos.a(reception.o)
 .ARM.attributes
                0x000005ad       0x33 .pio/build/NUCLEO-L432KC/lib358/libLuos.a(target.o)
 .ARM.attributes
                0x000005e0       0x2e c:/users/nicol/.platformio/packages/toolchain-gccarmnoneeabi/bin/../lib/gcc/arm-none-eabi/7.2.1/../../../../arm-none-eabi/lib/thumb/v7e-m\libc_nano.a(lib_a-init.o)
 .ARM.attributes
                0x0000060e       0x2e c:/users/nicol/.platformio/packages/toolchain-gccarmnoneeabi/bin/../lib/gcc/arm-none-eabi/7.2.1/../../../../arm-none-eabi/lib/thumb/v7e-m\libc_nano.a(lib_a-memcpy-stub.o)
 .ARM.attributes
                0x0000063c       0x2e c:/users/nicol/.platformio/packages/toolchain-gccarmnoneeabi/bin/../lib/gcc/arm-none-eabi/7.2.1/../../../../arm-none-eabi/lib/thumb/v7e-m\libc_nano.a(lib_a-memset.o)
 .ARM.attributes
                0x0000066a       0x17 c:/users/nicol/.platformio/packages/toolchain-gccarmnoneeabi/bin/../lib/gcc/arm-none-eabi/7.2.1/../../../../arm-none-eabi/lib/thumb/v7e-m\libc_nano.a(lib_a-strlen.o)
 .ARM.attributes
                0x00000681       0x1e c:/users/nicol/.platformio/packages/toolchain-gccarmnoneeabi/bin/../lib/gcc/arm-none-eabi/7.2.1/thumb/v7e-m\libgcc.a(_arm_muldivsf3.o)
 .ARM.attributes
                0x0000069f       0x1e c:/users/nicol/.platformio/packages/toolchain-gccarmnoneeabi/bin/../lib/gcc/arm-none-eabi/7.2.1/thumb/v7e-m\libgcc.a(_arm_fixunssfsi.o)
 .ARM.attributes
                0x000006bd       0x21 .pio/build/NUCLEO-L432KC/libFrameworkCMSISDevice.a(startup_stm32l432xx.o)
 .ARM.attributes
                0x000006de       0x33 .pio/build/NUCLEO-L432KC/lib0e6/libLuosHAL.a(luos_hal.o)
 .ARM.attributes
                0x00000711       0x1e c:/users/nicol/.platformio/packages/toolchain-gccarmnoneeabi/bin/../lib/gcc/arm-none-eabi/7.2.1/thumb/v7e-m/crtn.o
OUTPUT(.pio/build/NUCLEO-L432KC/firmware.elf elf32-littlearm)

.comment        0x00000000       0x7e
 .comment       0x00000000       0x7e .pio/build/NUCLEO-L432KC/FrameworkHALDriver/Src/stm32l4xx_hal.o
                                 0x7f (size before relaxing)
 .comment       0x0000007e       0x7f .pio/build/NUCLEO-L432KC/FrameworkHALDriver/Src/stm32l4xx_hal_cortex.o
 .comment       0x0000007e       0x7f .pio/build/NUCLEO-L432KC/FrameworkHALDriver/Src/stm32l4xx_hal_crc.o
 .comment       0x0000007e       0x7f .pio/build/NUCLEO-L432KC/FrameworkHALDriver/Src/stm32l4xx_hal_crc_ex.o
 .comment       0x0000007e       0x7f .pio/build/NUCLEO-L432KC/FrameworkHALDriver/Src/stm32l4xx_hal_flash.o
 .comment       0x0000007e       0x7f .pio/build/NUCLEO-L432KC/FrameworkHALDriver/Src/stm32l4xx_hal_flash_ex.o
 .comment       0x0000007e       0x7f .pio/build/NUCLEO-L432KC/FrameworkHALDriver/Src/stm32l4xx_hal_gpio.o
 .comment       0x0000007e       0x7f .pio/build/NUCLEO-L432KC/FrameworkHALDriver/Src/stm32l4xx_hal_pwr_ex.o
 .comment       0x0000007e       0x7f .pio/build/NUCLEO-L432KC/FrameworkHALDriver/Src/stm32l4xx_hal_rcc.o
 .comment       0x0000007e       0x7f .pio/build/NUCLEO-L432KC/FrameworkHALDriver/Src/stm32l4xx_ll_rcc.o
 .comment       0x0000007e       0x7f .pio/build/NUCLEO-L432KC/FrameworkHALDriver/Src/stm32l4xx_ll_tim.o
 .comment       0x0000007e       0x7f .pio/build/NUCLEO-L432KC/FrameworkHALDriver/Src/stm32l4xx_ll_usart.o
 .comment       0x0000007e       0x7f .pio/build/NUCLEO-L432KC/src/gpio.o
 .comment       0x0000007e       0x7f .pio/build/NUCLEO-L432KC/src/main.o
 .comment       0x0000007e       0x7f .pio/build/NUCLEO-L432KC/src/stm32l4xx_hal_msp.o
 .comment       0x0000007e       0x7f .pio/build/NUCLEO-L432KC/src/stm32l4xx_it.o
 .comment       0x0000007e       0x7f .pio/build/NUCLEO-L432KC/src/system_stm32l4xx.o
 .comment       0x0000007e       0x7f .pio/build/NUCLEO-L432KC/src/test_lib.o
 .comment       0x0000007e       0x7f .pio/build/NUCLEO-L432KC/lib358/libLuos.a(luos.o)
 .comment       0x0000007e       0x7f .pio/build/NUCLEO-L432KC/lib358/libLuos.a(luos_utils.o)
 .comment       0x0000007e       0x7f .pio/build/NUCLEO-L432KC/lib358/libLuos.a(routing_table.o)
 .comment       0x0000007e       0x7f .pio/build/NUCLEO-L432KC/lib358/libLuos.a(bootloader_core.o)
 .comment       0x0000007e       0x7f .pio/build/NUCLEO-L432KC/lib358/libLuos.a(msg_alloc.o)
 .comment       0x0000007e       0x7f .pio/build/NUCLEO-L432KC/lib358/libLuos.a(port_manager.o)
 .comment       0x0000007e       0x7f .pio/build/NUCLEO-L432KC/lib358/libLuos.a(robus.o)
 .comment       0x0000007e       0x7f .pio/build/NUCLEO-L432KC/lib358/libLuos.a(transmission.o)
 .comment       0x0000007e       0x7f .pio/build/NUCLEO-L432KC/lib358/libLuos.a(reception.o)
 .comment       0x0000007e       0x7f .pio/build/NUCLEO-L432KC/lib358/libLuos.a(target.o)
 .comment       0x0000007e       0x7f .pio/build/NUCLEO-L432KC/lib0e6/libLuosHAL.a(luos_hal.o)

.debug_frame    0x00000000       0xd0
 .debug_frame   0x00000000       0x2c c:/users/nicol/.platformio/packages/toolchain-gccarmnoneeabi/bin/../lib/gcc/arm-none-eabi/7.2.1/../../../../arm-none-eabi/lib/thumb/v7e-m\libc_nano.a(lib_a-init.o)
 .debug_frame   0x0000002c       0x28 c:/users/nicol/.platformio/packages/toolchain-gccarmnoneeabi/bin/../lib/gcc/arm-none-eabi/7.2.1/../../../../arm-none-eabi/lib/thumb/v7e-m\libc_nano.a(lib_a-memcpy-stub.o)
 .debug_frame   0x00000054       0x20 c:/users/nicol/.platformio/packages/toolchain-gccarmnoneeabi/bin/../lib/gcc/arm-none-eabi/7.2.1/../../../../arm-none-eabi/lib/thumb/v7e-m\libc_nano.a(lib_a-memset.o)
 .debug_frame   0x00000074       0x38 c:/users/nicol/.platformio/packages/toolchain-gccarmnoneeabi/bin/../lib/gcc/arm-none-eabi/7.2.1/thumb/v7e-m\libgcc.a(_arm_muldivsf3.o)
 .debug_frame   0x000000ac       0x24 c:/users/nicol/.platformio/packages/toolchain-gccarmnoneeabi/bin/../lib/gcc/arm-none-eabi/7.2.1/thumb/v7e-m\libgcc.a(_arm_fixunssfsi.o)
