Archive member included to satisfy reference by file (symbol)

c:/program files/microchip/xc32/v3.00/bin/bin/../../lib/gcc/pic32c/8.3.1/../../../../pic32c/lib/thumb/v6-m/nofp\libpic32c.a(data_init.o)
                              build/luos_bootloader/production/_ext/1137593668/startup_xc32.o (__pic32c_data_initialization)
c:/program files/microchip/xc32/v3.00/bin/bin/../../lib/gcc/pic32c/8.3.1/thumb/v6-m/nofp\libgcc.a(_udivsi3.o)
                              build/luos_bootloader/production/_ext/1463488603/luos_hal.o (__aeabi_uidiv)
c:/program files/microchip/xc32/v3.00/bin/bin/../../lib/gcc/pic32c/8.3.1/thumb/v6-m/nofp\libgcc.a(_divsi3.o)
                              build/luos_bootloader/production/_ext/666661255/luos.o (__aeabi_idiv)
c:/program files/microchip/xc32/v3.00/bin/bin/../../lib/gcc/pic32c/8.3.1/thumb/v6-m/nofp\libgcc.a(_dvmd_tls.o)
                              c:/program files/microchip/xc32/v3.00/bin/bin/../../lib/gcc/pic32c/8.3.1/thumb/v6-m/nofp\libgcc.a(_udivsi3.o) (__aeabi_idiv0)
c:/program files/microchip/xc32/v3.00/bin/bin/../../lib/gcc/pic32c/8.3.1/thumb/v6-m/nofp\libgcc.a(_aeabi_uldivmod.o)
                              build/luos_bootloader/production/_ext/1463488603/luos_hal.o (__aeabi_uldivmod)
c:/program files/microchip/xc32/v3.00/bin/bin/../../lib/gcc/pic32c/8.3.1/thumb/v6-m/nofp\libgcc.a(_fixunssfsi.o)
                              build/luos_bootloader/production/_ext/666661255/luos.o (__aeabi_f2uiz)
c:/program files/microchip/xc32/v3.00/bin/bin/../../lib/gcc/pic32c/8.3.1/thumb/v6-m/nofp\libgcc.a(_udivmoddi4.o)
                              c:/program files/microchip/xc32/v3.00/bin/bin/../../lib/gcc/pic32c/8.3.1/thumb/v6-m/nofp\libgcc.a(_aeabi_uldivmod.o) (__udivmoddi4)
c:/program files/microchip/xc32/v3.00/bin/bin/../../lib/gcc/pic32c/8.3.1/thumb/v6-m/nofp\libgcc.a(mulsf3.o)
                              build/luos_bootloader/production/_ext/666661255/luos.o (__aeabi_fmul)
c:/program files/microchip/xc32/v3.00/bin/bin/../../lib/gcc/pic32c/8.3.1/thumb/v6-m/nofp\libgcc.a(subsf3.o)
                              c:/program files/microchip/xc32/v3.00/bin/bin/../../lib/gcc/pic32c/8.3.1/thumb/v6-m/nofp\libgcc.a(_fixunssfsi.o) (__aeabi_fsub)
c:/program files/microchip/xc32/v3.00/bin/bin/../../lib/gcc/pic32c/8.3.1/thumb/v6-m/nofp\libgcc.a(fixsfsi.o)
                              c:/program files/microchip/xc32/v3.00/bin/bin/../../lib/gcc/pic32c/8.3.1/thumb/v6-m/nofp\libgcc.a(_fixunssfsi.o) (__aeabi_f2iz)
c:/program files/microchip/xc32/v3.00/bin/bin/../../lib/gcc/pic32c/8.3.1/thumb/v6-m/nofp\libgcc.a(_arm_cmpsf2.o)
                              c:/program files/microchip/xc32/v3.00/bin/bin/../../lib/gcc/pic32c/8.3.1/thumb/v6-m/nofp\libgcc.a(_fixunssfsi.o) (__aeabi_fcmpge)
c:/program files/microchip/xc32/v3.00/bin/bin/../../lib/gcc/pic32c/8.3.1/thumb/v6-m/nofp\libgcc.a(_clzsi2.o)
                              c:/program files/microchip/xc32/v3.00/bin/bin/../../lib/gcc/pic32c/8.3.1/thumb/v6-m/nofp\libgcc.a(mulsf3.o) (__clzsi2)
c:/program files/microchip/xc32/v3.00/bin/bin/../../lib/gcc/pic32c/8.3.1/thumb/v6-m/nofp\libgcc.a(_clzdi2.o)
                              c:/program files/microchip/xc32/v3.00/bin/bin/../../lib/gcc/pic32c/8.3.1/thumb/v6-m/nofp\libgcc.a(_udivmoddi4.o) (__clzdi2)
c:/program files/microchip/xc32/v3.00/bin/bin/../../lib/gcc/pic32c/8.3.1/thumb/v6-m/nofp\libgcc.a(eqsf2.o)
                              c:/program files/microchip/xc32/v3.00/bin/bin/../../lib/gcc/pic32c/8.3.1/thumb/v6-m/nofp\libgcc.a(_arm_cmpsf2.o) (__eqsf2)
c:/program files/microchip/xc32/v3.00/bin/bin/../../lib/gcc/pic32c/8.3.1/thumb/v6-m/nofp\libgcc.a(gesf2.o)
                              c:/program files/microchip/xc32/v3.00/bin/bin/../../lib/gcc/pic32c/8.3.1/thumb/v6-m/nofp\libgcc.a(_arm_cmpsf2.o) (__gesf2)
c:/program files/microchip/xc32/v3.00/bin/bin/../../lib/gcc/pic32c/8.3.1/thumb/v6-m/nofp\libgcc.a(lesf2.o)
                              c:/program files/microchip/xc32/v3.00/bin/bin/../../lib/gcc/pic32c/8.3.1/thumb/v6-m/nofp\libgcc.a(_arm_cmpsf2.o) (__lesf2)
c:/program files/microchip/xc32/v3.00/bin/bin/../../lib/gcc/pic32c/8.3.1/../../../../pic32c/lib/thumb/v6-m/nofp\libc_nano.a(lib_a-init.o)
                              build/luos_bootloader/production/_ext/1137593668/startup_xc32.o (__libc_init_array)
c:/program files/microchip/xc32/v3.00/bin/bin/../../lib/gcc/pic32c/8.3.1/../../../../pic32c/lib/thumb/v6-m/nofp\libc_nano.a(lib_a-memcpy-stub.o)
                              build/luos_bootloader/production/_ext/1463488603/luos_hal.o (memcpy)
c:/program files/microchip/xc32/v3.00/bin/bin/../../lib/gcc/pic32c/8.3.1/../../../../pic32c/lib/thumb/v6-m/nofp\libc_nano.a(lib_a-memset.o)
                              build/luos_bootloader/production/_ext/889424443/msg_alloc.o (memset)
c:/program files/microchip/xc32/v3.00/bin/bin/../../lib/gcc/pic32c/8.3.1/../../../../pic32c/lib/thumb/v6-m/nofp\libc_nano.a(lib_a-strcmp.o)
[...]
Memory Configuration

Name             Origin             Length             Attributes
rom              0x00000000         0x0000a000         xrl
ram              0x20000000         0x00008000         xw !r
config_00804000  0x00804000         0x00000004
config_00804004  0x00804004         0x00000004
*default*        0x00000000         0xffffffff

Linker script and memory map

LOAD c:/program files/microchip/xc32/v3.00/bin/bin/../../lib/gcc/pic32c/8.3.1/thumb/v6-m/nofp/crti.o
LOAD c:/program files/microchip/xc32/v3.00/bin/bin/../../lib/gcc/pic32c/8.3.1/thumb/v6-m/nofp/crtbegin.o
LOAD build/luos_bootloader/production/_ext/416918164/button.o
LOAD build/luos_bootloader/production/_ext/1463488603/luos_hal.o
LOAD build/luos_bootloader/production/_ext/903266522/plib_clock.o
LOAD build/luos_bootloader/production/_ext/901117036/plib_evsys.o
LOAD build/luos_bootloader/production/_ext/1968463158/plib_nvic.o
LOAD build/luos_bootloader/production/_ext/1001328808/plib_nvmctrl.o
LOAD build/luos_bootloader/production/_ext/1968410007/plib_port.o
LOAD build/luos_bootloader/production/_ext/1426513406/xc32_monitor.o
LOAD build/luos_bootloader/production/_ext/1137593668/initialization.o
LOAD build/luos_bootloader/production/_ext/1137593668/interrupts.o
LOAD build/luos_bootloader/production/_ext/1137593668/exceptions.o
LOAD build/luos_bootloader/production/_ext/1137593668/startup_xc32.o
LOAD build/luos_bootloader/production/_ext/1137593668/libc_syscalls.o
LOAD build/luos_bootloader/production/_ext/889424443/msg_alloc.o
LOAD build/luos_bootloader/production/_ext/889424443/port_manager.o
LOAD build/luos_bootloader/production/_ext/889424443/reception.o
LOAD build/luos_bootloader/production/_ext/889424443/robus.o
LOAD build/luos_bootloader/production/_ext/889424443/target.o
LOAD build/luos_bootloader/production/_ext/889424443/transmission.o
LOAD build/luos_bootloader/production/_ext/666661255/boot.o
LOAD build/luos_bootloader/production/_ext/666661255/bootloader.o
LOAD build/luos_bootloader/production/_ext/666661255/luos.o
LOAD build/luos_bootloader/production/_ext/666661255/luos_utils.o
LOAD build/luos_bootloader/production/_ext/666661255/routing_table.o
LOAD build/luos_bootloader/production/_ext/666661255/streaming.o
LOAD build/luos_bootloader/production/_ext/1360937237/main.o
                0x00000001                __MPLAB_BUILD = 0x1
                0x0000a000                __rom_end = (ORIGIN (rom) + LENGTH (rom))
                0x20008000                __ram_end = (ORIGIN (ram) + LENGTH (ram))

.config_00804000
                0x00804000        0x4
 *(.config_00804000)
 .config_00804000
                0x00804000        0x4 build/luos_bootloader/production/_ext/1137593668/initialization.o
                0x00804000                __config_00804000

.config_00804004
                0x00804004        0x4
 *(.config_00804004)
 .config_00804004
                0x00804004        0x4 build/luos_bootloader/production/_ext/1137593668/initialization.o
                0x00804004                __config_00804004

.vectors        0x00000000       0xb0
                0x00000000                . = ALIGN (0x4)
                0x00000000                _sfixed = .
 *(.vectors .vectors.* .vectors_default .vectors_default.*)
 .vectors       0x00000000       0xb0 build/luos_bootloader/production/_ext/1137593668/interrupts.o
                0x00000000                exception_table
 *(.isr_vector)
 *(.reset*)
 *(.after_vectors)

.text           0x000000b0       0x20
                0x000000b0                . = ALIGN (0x4)
 *(.glue_7t)
 .glue_7t       0x000000b0        0x0 linker stubs
 *(.glue_7)
 .glue_7        0x000000b0        0x0 linker stubs
 *(.gnu.linkonce.r.*)
 *(.ARM.extab* .gnu.linkonce.armextab.*)
                0x000000b0                . = ALIGN (0x4)
 *(.init)
 .init          0x000000b0        0x4 c:/program files/microchip/xc32/v3.00/bin/bin/../../lib/gcc/pic32c/8.3.1/thumb/v6-m/nofp/crti.o
                0x000000b0                _init
 .init          0x000000b4        0x8 c:/program files/microchip/xc32/v3.00/bin/bin/../../lib/gcc/pic32c/8.3.1/thumb/v6-m/nofp/crtn.o
                0x000000bc                . = ALIGN (0x4)
                0x000000bc                __preinit_array_start = .
 *(.preinit_array)
                0x000000bc                __preinit_array_end = .
                0x000000bc                . = ALIGN (0x4)
                0x000000bc                __init_array_start = .
 *(SORT_BY_NAME(.init_array.*))
 *(.init_array)
 .init_array    0x000000bc        0x4 c:/program files/microchip/xc32/v3.00/bin/bin/../../lib/gcc/pic32c/8.3.1/thumb/v6-m/nofp/crtbegin.o
                0x000000c0                __init_array_end = .
                0x000000c0                . = ALIGN (0x4)
 *crtbegin.o(.ctors)
 *(EXCLUDE_FILE(*crtend.o) .ctors)
 *(SORT_BY_NAME(.ctors.*))
 *crtend.o(.ctors)
                0x000000c0                . = ALIGN (0x4)
 *(.fini)
 .fini          0x000000c0        0x4 c:/program files/microchip/xc32/v3.00/bin/bin/../../lib/gcc/pic32c/8.3.1/thumb/v6-m/nofp/crti.o
                0x000000c0                _fini
 .fini          0x000000c4        0x8 c:/program files/microchip/xc32/v3.00/bin/bin/../../lib/gcc/pic32c/8.3.1/thumb/v6-m/nofp/crtn.o
                0x000000cc                . = ALIGN (0x4)
                0x000000cc                __fini_array_start = .
 *(.fini_array)
 .fini_array    0x000000cc        0x4 c:/program files/microchip/xc32/v3.00/bin/bin/../../lib/gcc/pic32c/8.3.1/thumb/v6-m/nofp/crtbegin.o
 *(SORT_BY_NAME(.fini_array.*))
                0x000000d0                __fini_array_end = .
 *crtbegin.o(.dtors)
 *(EXCLUDE_FILE(*crtend.o) .dtors)
 *(SORT_BY_NAME(.dtors.*))
 *crtend.o(.dtors)
                0x000000d0                . = ALIGN (0x4)
                0x000000d0                _efixed = .
                [!provide]                PROVIDE (__exidx_start = .)

.ARM.exidx      0x000000d0        0x8
 *(.ARM.exidx* .gnu.linkonce.armexidx.*)
 .ARM.exidx     0x000000d0        0x8 c:/program files/microchip/xc32/v3.00/bin/bin/../../lib/gcc/pic32c/8.3.1/thumb/v6-m/nofp\libgcc.a(_udivmoddi4.o)
                [!provide]                PROVIDE (__exidx_end = .)
                0x000000d8                . = ALIGN (0x4)
                0x000000d8                _etext = .

.bss            0x20000000        0x0
                0x20000000                . = ALIGN (0x4)
                0x20000000                __bss_start__ = .
                0x20000000                _sbss = .
                0x20000000                _szero = .
 *(COMMON)
                0x20000000                . = ALIGN (0x4)
                0x20000000                __bss_end__ = .
                0x20000000                _ebss = .
                0x20000000                _ezero = .
                0x20000000                . = ALIGN (0x4)
                0x20000000                _end = .
                0x20007fff                _ram_end_ = ((ORIGIN (ram) + LENGTH (ram)) - 0x1)
                0x00000200                _min_heap_size = 0x200
START GROUP
LOAD c:/program files/microchip/xc32/v3.00/bin/bin/../../lib/gcc/pic32c/8.3.1/../../../../pic32c/lib/thumb/v6-m/nofp\libpic32c.a
LOAD c:/program files/microchip/xc32/v3.00/bin/bin/../../lib/gcc/pic32c/8.3.1/thumb/v6-m/nofp\libgcc.a
LOAD c:/program files/microchip/xc32/v3.00/bin/bin/../../lib/gcc/pic32c/8.3.1/../../../../pic32c/lib/thumb/v6-m/nofp\libm_nano.a
LOAD c:/program files/microchip/xc32/v3.00/bin/bin/../../lib/gcc/pic32c/8.3.1/../../../../pic32c/lib/thumb/v6-m/nofp\libc_nano.a
END GROUP
LOAD c:/program files/microchip/xc32/v3.00/bin/bin/../../lib/gcc/pic32c/8.3.1/thumb/v6-m/nofp/crtend.o
LOAD c:/program files/microchip/xc32/v3.00/bin/bin/../../lib/gcc/pic32c/8.3.1/thumb/v6-m/nofp/crtn.o
OUTPUT(dist/luos_bootloader/production/luos_bootloader_samd21j18a.X.production.elf elf32-littlearm)
LOAD stack
LOAD data_init

.ARM.attributes
                0x00000000       0x28
 .ARM.attributes
                0x00000000       0x1e c:/program files/microchip/xc32/v3.00/bin/bin/../../lib/gcc/pic32c/8.3.1/thumb/v6-m/nofp/crti.o
 .ARM.attributes
                0x0000001e       0x2c c:/program files/microchip/xc32/v3.00/bin/bin/../../lib/gcc/pic32c/8.3.1/thumb/v6-m/nofp/crtbegin.o
 .ARM.attributes
                0x0000004a       0x2c build/luos_bootloader/production/_ext/1463488603/luos_hal.o
 .ARM.attributes
                0x00000076       0x2c build/luos_bootloader/production/_ext/903266522/plib_clock.o
 .ARM.attributes
                0x000000a2       0x2c build/luos_bootloader/production/_ext/901117036/plib_evsys.o
 .ARM.attributes
                0x000000ce       0x2c build/luos_bootloader/production/_ext/1968463158/plib_nvic.o
 .ARM.attributes
                0x000000fa       0x2c build/luos_bootloader/production/_ext/1001328808/plib_nvmctrl.o
 .ARM.attributes
                0x00000126       0x2c build/luos_bootloader/production/_ext/1968410007/plib_port.o
 .ARM.attributes
                0x00000152       0x2c build/luos_bootloader/production/_ext/1137593668/initialization.o
 .ARM.attributes
                0x0000017e       0x2c build/luos_bootloader/production/_ext/1137593668/interrupts.o
 .ARM.attributes
                0x000001aa       0x2c build/luos_bootloader/production/_ext/1137593668/exceptions.o
 .ARM.attributes
                0x000001d6       0x2c build/luos_bootloader/production/_ext/1137593668/startup_xc32.o
 .ARM.attributes
                0x00000202       0x2c build/luos_bootloader/production/_ext/889424443/msg_alloc.o
 .ARM.attributes
                0x0000022e       0x2c build/luos_bootloader/production/_ext/889424443/port_manager.o
 .ARM.attributes
                0x0000025a       0x2c build/luos_bootloader/production/_ext/889424443/reception.o
 .ARM.attributes
                0x00000286       0x2c build/luos_bootloader/production/_ext/889424443/robus.o
 .ARM.attributes
                0x000002b2       0x2c build/luos_bootloader/production/_ext/889424443/target.o
 .ARM.attributes
                0x000002de       0x2c build/luos_bootloader/production/_ext/889424443/transmission.o
 .ARM.attributes
                0x0000030a       0x2c build/luos_bootloader/production/_ext/666661255/boot.o
 .ARM.attributes
                0x00000336       0x2c build/luos_bootloader/production/_ext/666661255/bootloader.o
 .ARM.attributes
                0x00000362       0x2c build/luos_bootloader/production/_ext/666661255/luos.o
 .ARM.attributes
                0x0000038e       0x2c build/luos_bootloader/production/_ext/666661255/luos_utils.o
 .ARM.attributes
                0x000003ba       0x2c build/luos_bootloader/production/_ext/666661255/routing_table.o
 .ARM.attributes
                0x000003e6       0x2c build/luos_bootloader/production/_ext/1360937237/main.o
 .ARM.attributes
                0x00000412       0x2c c:/program files/microchip/xc32/v3.00/bin/bin/../../lib/gcc/pic32c/8.3.1/../../../../pic32c/lib/thumb/v6-m/nofp\libpic32c.a(data_init.o)
 .ARM.attributes
                0x0000043e       0x1e c:/program files/microchip/xc32/v3.00/bin/bin/../../lib/gcc/pic32c/8.3.1/thumb/v6-m/nofp\libgcc.a(_udivsi3.o)
 .ARM.attributes
                0x0000045c       0x1e c:/program files/microchip/xc32/v3.00/bin/bin/../../lib/gcc/pic32c/8.3.1/thumb/v6-m/nofp\libgcc.a(_dvmd_tls.o)
 .ARM.attributes
                0x0000047a       0x1e c:/program files/microchip/xc32/v3.00/bin/bin/../../lib/gcc/pic32c/8.3.1/thumb/v6-m/nofp\libgcc.a(_aeabi_uldivmod.o)
 .ARM.attributes
                0x00000498       0x2c c:/program files/microchip/xc32/v3.00/bin/bin/../../lib/gcc/pic32c/8.3.1/thumb/v6-m/nofp\libgcc.a(_fixunssfsi.o)
 .ARM.attributes
                0x000004c4       0x2c c:/program files/microchip/xc32/v3.00/bin/bin/../../lib/gcc/pic32c/8.3.1/thumb/v6-m/nofp\libgcc.a(_udivmoddi4.o)
 .ARM.attributes
                0x000004f0       0x2c c:/program files/microchip/xc32/v3.00/bin/bin/../../lib/gcc/pic32c/8.3.1/thumb/v6-m/nofp\libgcc.a(mulsf3.o)
 .ARM.attributes
                0x0000051c       0x2c c:/program files/microchip/xc32/v3.00/bin/bin/../../lib/gcc/pic32c/8.3.1/thumb/v6-m/nofp\libgcc.a(subsf3.o)
 .ARM.attributes
                0x00000548       0x2c c:/program files/microchip/xc32/v3.00/bin/bin/../../lib/gcc/pic32c/8.3.1/thumb/v6-m/nofp\libgcc.a(fixsfsi.o)
 .ARM.attributes
                0x00000574       0x1e c:/program files/microchip/xc32/v3.00/bin/bin/../../lib/gcc/pic32c/8.3.1/thumb/v6-m/nofp\libgcc.a(_arm_cmpsf2.o)
 .ARM.attributes
                0x00000592       0x1e c:/program files/microchip/xc32/v3.00/bin/bin/../../lib/gcc/pic32c/8.3.1/thumb/v6-m/nofp\libgcc.a(_clzsi2.o)
 .ARM.attributes
                0x000005b0       0x1e c:/program files/microchip/xc32/v3.00/bin/bin/../../lib/gcc/pic32c/8.3.1/thumb/v6-m/nofp\libgcc.a(_clzdi2.o)
 .ARM.attributes
                0x000005ce       0x2c c:/program files/microchip/xc32/v3.00/bin/bin/../../lib/gcc/pic32c/8.3.1/thumb/v6-m/nofp\libgcc.a(eqsf2.o)
 .ARM.attributes
                0x000005fa       0x2c c:/program files/microchip/xc32/v3.00/bin/bin/../../lib/gcc/pic32c/8.3.1/thumb/v6-m/nofp\libgcc.a(gesf2.o)
 .ARM.attributes
                0x00000626       0x2c c:/program files/microchip/xc32/v3.00/bin/bin/../../lib/gcc/pic32c/8.3.1/thumb/v6-m/nofp\libgcc.a(lesf2.o)
 .ARM.attributes
                0x00000652       0x2c c:/program files/microchip/xc32/v3.00/bin/bin/../../lib/gcc/pic32c/8.3.1/../../../../pic32c/lib/thumb/v6-m/nofp\libc_nano.a(lib_a-init.o)
 .ARM.attributes
                0x0000067e       0x2c c:/program files/microchip/xc32/v3.00/bin/bin/../../lib/gcc/pic32c/8.3.1/../../../../pic32c/lib/thumb/v6-m/nofp\libc_nano.a(lib_a-memcpy-stub.o)
 .ARM.attributes
                0x000006aa       0x2c c:/program files/microchip/xc32/v3.00/bin/bin/../../lib/gcc/pic32c/8.3.1/../../../../pic32c/lib/thumb/v6-m/nofp\libc_nano.a(lib_a-memset.o)
 .ARM.attributes
                0x000006d6       0x1c c:/program files/microchip/xc32/v3.00/bin/bin/../../lib/gcc/pic32c/8.3.1/../../../../pic32c/lib/thumb/v6-m/nofp\libc_nano.a(lib_a-strlen.o)
 .ARM.attributes
                0x000006f2       0x1e c:/program files/microchip/xc32/v3.00/bin/bin/../../lib/gcc/pic32c/8.3.1/thumb/v6-m/nofp/crtn.o

.comment        0x00000000       0x53
 .comment       0x00000000       0x53 c:/program files/microchip/xc32/v3.00/bin/bin/../../lib/gcc/pic32c/8.3.1/thumb/v6-m/nofp/crtbegin.o
                                 0x54 (size before relaxing)
 .comment       0x00000053       0x54 build/luos_bootloader/production/_ext/1463488603/luos_hal.o
 .comment       0x00000053       0x54 build/luos_bootloader/production/_ext/903266522/plib_clock.o
 .comment       0x00000053       0x54 build/luos_bootloader/production/_ext/901117036/plib_evsys.o
 .comment       0x00000053       0x54 build/luos_bootloader/production/_ext/1968463158/plib_nvic.o
 .comment       0x00000053       0x54 build/luos_bootloader/production/_ext/1001328808/plib_nvmctrl.o
 .comment       0x00000053       0x54 build/luos_bootloader/production/_ext/1968410007/plib_port.o
 .comment       0x00000053       0x54 build/luos_bootloader/production/_ext/1137593668/initialization.o
 .comment       0x00000053       0x54 build/luos_bootloader/production/_ext/1137593668/interrupts.o
 .comment       0x00000053       0x54 build/luos_bootloader/production/_ext/1137593668/exceptions.o
 .comment       0x00000053       0x54 build/luos_bootloader/production/_ext/1137593668/startup_xc32.o
 .comment       0x00000053       0x54 build/luos_bootloader/production/_ext/889424443/msg_alloc.o
 .comment       0x00000053       0x54 build/luos_bootloader/production/_ext/889424443/port_manager.o
 .comment       0x00000053       0x54 build/luos_bootloader/production/_ext/889424443/reception.o
 .comment       0x00000053       0x54 build/luos_bootloader/production/_ext/889424443/robus.o
 .comment       0x00000053       0x54 build/luos_bootloader/production/_ext/889424443/target.o
 .comment       0x00000053       0x54 build/luos_bootloader/production/_ext/889424443/transmission.o
 .comment       0x00000053       0x54 build/luos_bootloader/production/_ext/666661255/boot.o
 .comment       0x00000053       0x54 build/luos_bootloader/production/_ext/666661255/bootloader.o
 .comment       0x00000053       0x54 build/luos_bootloader/production/_ext/666661255/luos.o
 .comment       0x00000053       0x54 build/luos_bootloader/production/_ext/666661255/luos_utils.o
 .comment       0x00000053       0x54 build/luos_bootloader/production/_ext/666661255/routing_table.o
 .comment       0x00000053       0x54 build/luos_bootloader/production/_ext/1360937237/main.o
 .comment       0x00000053       0x54 c:/program files/microchip/xc32/v3.00/bin/bin/../../lib/gcc/pic32c/8.3.1/../../../../pic32c/lib/thumb/v6-m/nofp\libpic32c.a(data_init.o)
 .comment       0x00000053       0x54 c:/program files/microchip/xc32/v3.00/bin/bin/../../lib/gcc/pic32c/8.3.1/thumb/v6-m/nofp\libgcc.a(_fixunssfsi.o)
 .comment       0x00000053       0x54 c:/program files/microchip/xc32/v3.00/bin/bin/../../lib/gcc/pic32c/8.3.1/thumb/v6-m/nofp\libgcc.a(_udivmoddi4.o)
 .comment       0x00000053       0x54 c:/program files/microchip/xc32/v3.00/bin/bin/../../lib/gcc/pic32c/8.3.1/thumb/v6-m/nofp\libgcc.a(mulsf3.o)
 .comment       0x00000053       0x54 c:/program files/microchip/xc32/v3.00/bin/bin/../../lib/gcc/pic32c/8.3.1/thumb/v6-m/nofp\libgcc.a(subsf3.o)
 .comment       0x00000053       0x54 c:/program files/microchip/xc32/v3.00/bin/bin/../../lib/gcc/pic32c/8.3.1/thumb/v6-m/nofp\libgcc.a(fixsfsi.o)
 .comment       0x00000053       0x54 c:/program files/microchip/xc32/v3.00/bin/bin/../../lib/gcc/pic32c/8.3.1/thumb/v6-m/nofp\libgcc.a(eqsf2.o)
 .comment       0x00000053       0x54 c:/program files/microchip/xc32/v3.00/bin/bin/../../lib/gcc/pic32c/8.3.1/thumb/v6-m/nofp\libgcc.a(gesf2.o)
 .comment       0x00000053       0x54 c:/program files/microchip/xc32/v3.00/bin/bin/../../lib/gcc/pic32c/8.3.1/thumb/v6-m/nofp\libgcc.a(lesf2.o)
 .comment       0x00000053       0x54 c:/program files/microchip/xc32/v3.00/bin/bin/../../lib/gcc/pic32c/8.3.1/../../../../pic32c/lib/thumb/v6-m/nofp\libc_nano.a(lib_a-init.o)
 .comment       0x00000053       0x54 c:/program files/microchip/xc32/v3.00/bin/bin/../../lib/gcc/pic32c/8.3.1/../../../../pic32c/lib/thumb/v6-m/nofp\libc_nano.a(lib_a-memcpy-stub.o)
 .comment       0x00000053       0x54 c:/program files/microchip/xc32/v3.00/bin/bin/../../lib/gcc/pic32c/8.3.1/../../../../pic32c/lib/thumb/v6-m/nofp\libc_nano.a(lib_a-memset.o)

.debug_info     0x00000000    0x26060
 .debug_info    0x00000000     0x4379 build/luos_bootloader/production/_ext/1463488603/luos_hal.o
 .debug_info    0x00004379      0x8b7 build/luos_bootloader/production/_ext/903266522/plib_clock.o
 .debug_info    0x00004c30      0x359 build/luos_bootloader/production/_ext/901117036/plib_evsys.o
 .debug_info    0x00004f89      0x598 build/luos_bootloader/production/_ext/1968463158/plib_nvic.o
 .debug_info    0x00005521     0x13e1 build/luos_bootloader/production/_ext/1001328808/plib_nvmctrl.o
 .debug_info    0x00006902      0xd77 build/luos_bootloader/production/_ext/1968410007/plib_port.o
 .debug_info    0x00007679      0x613 build/luos_bootloader/production/_ext/1137593668/initialization.o
 .debug_info    0x00007c8c      0x8b6 build/luos_bootloader/production/_ext/1137593668/interrupts.o
 .debug_info    0x00008542      0x374 build/luos_bootloader/production/_ext/1137593668/exceptions.o
 .debug_info    0x000088b6      0x4ff build/luos_bootloader/production/_ext/1137593668/startup_xc32.o
 .debug_info    0x00008db5     0x575c build/luos_bootloader/production/_ext/889424443/msg_alloc.o
 .debug_info    0x0000e511      0xb63 build/luos_bootloader/production/_ext/889424443/port_manager.o
 .debug_info    0x0000f074     0x1bdc build/luos_bootloader/production/_ext/889424443/reception.o
 .debug_info    0x00010c50     0x20e9 build/luos_bootloader/production/_ext/889424443/robus.o
 .debug_info    0x00012d39      0x898 build/luos_bootloader/production/_ext/889424443/target.o
 .debug_info    0x000135d1     0x1832 build/luos_bootloader/production/_ext/889424443/transmission.o
 .debug_info    0x00014e03     0x1001 build/luos_bootloader/production/_ext/666661255/boot.o
 .debug_info    0x00015e04     0x21ed build/luos_bootloader/production/_ext/666661255/bootloader.o
 .debug_info    0x00017ff1     0x35bb build/luos_bootloader/production/_ext/666661255/luos.o
 .debug_info    0x0001b5ac     0x135b build/luos_bootloader/production/_ext/666661255/luos_utils.o
 .debug_info    0x0001c907     0x2dba build/luos_bootloader/production/_ext/666661255/routing_table.o
 .debug_info    0x0001f6c1      0xf10 build/luos_bootloader/production/_ext/1360937237/main.o
 .debug_info    0x000205d1      0x2c3 c:/program files/microchip/xc32/v3.00/bin/bin/../../lib/gcc/pic32c/8.3.1/../../../../pic32c/lib/thumb/v6-m/nofp\libpic32c.a(data_init.o)
 .debug_info    0x00020894       0x26 c:/program files/microchip/xc32/v3.00/bin/bin/../../lib/gcc/pic32c/8.3.1/thumb/v6-m/nofp\libgcc.a(_udivsi3.o)
 .debug_info    0x000208ba       0x26 c:/program files/microchip/xc32/v3.00/bin/bin/../../lib/gcc/pic32c/8.3.1/thumb/v6-m/nofp\libgcc.a(_dvmd_tls.o)
 .debug_info    0x000208e0       0x26 c:/program files/microchip/xc32/v3.00/bin/bin/../../lib/gcc/pic32c/8.3.1/thumb/v6-m/nofp\libgcc.a(_aeabi_uldivmod.o)
 .debug_info    0x00020906     0x1b5e c:/program files/microchip/xc32/v3.00/bin/bin/../../lib/gcc/pic32c/8.3.1/thumb/v6-m/nofp\libgcc.a(_fixunssfsi.o)
 .debug_info    0x00022464     0x1c12 c:/program files/microchip/xc32/v3.00/bin/bin/../../lib/gcc/pic32c/8.3.1/thumb/v6-m/nofp\libgcc.a(_udivmoddi4.o)
 .debug_info    0x00024076      0x6e2 c:/program files/microchip/xc32/v3.00/bin/bin/../../lib/gcc/pic32c/8.3.1/thumb/v6-m/nofp\libgcc.a(mulsf3.o)
 .debug_info    0x00024758      0x63e c:/program files/microchip/xc32/v3.00/bin/bin/../../lib/gcc/pic32c/8.3.1/thumb/v6-m/nofp\libgcc.a(subsf3.o)
 .debug_info    0x00024d96      0x441 c:/program files/microchip/xc32/v3.00/bin/bin/../../lib/gcc/pic32c/8.3.1/thumb/v6-m/nofp\libgcc.a(fixsfsi.o)
 .debug_info    0x000251d7       0x26 c:/program files/microchip/xc32/v3.00/bin/bin/../../lib/gcc/pic32c/8.3.1/thumb/v6-m/nofp\libgcc.a(_arm_cmpsf2.o)
 .debug_info    0x000251fd       0x26 c:/program files/microchip/xc32/v3.00/bin/bin/../../lib/gcc/pic32c/8.3.1/thumb/v6-m/nofp\libgcc.a(_clzsi2.o)
 .debug_info    0x00025223       0x26 c:/program files/microchip/xc32/v3.00/bin/bin/../../lib/gcc/pic32c/8.3.1/thumb/v6-m/nofp\libgcc.a(_clzdi2.o)
 .debug_info    0x00025249      0x491 c:/program files/microchip/xc32/v3.00/bin/bin/../../lib/gcc/pic32c/8.3.1/thumb/v6-m/nofp\libgcc.a(eqsf2.o)
 .debug_info    0x000256da      0x4c3 c:/program files/microchip/xc32/v3.00/bin/bin/../../lib/gcc/pic32c/8.3.1/thumb/v6-m/nofp\libgcc.a(gesf2.o)
 .debug_info    0x00025b9d      0x4c3 c:/program files/microchip/xc32/v3.00/bin/bin/../../lib/gcc/pic32c/8.3.1/thumb/v6-m/nofp\libgcc.a(lesf2.o)

.debug_abbrev   0x00000000     0x4571
 .debug_abbrev  0x00000000      0x692 build/luos_bootloader/production/_ext/1463488603/luos_hal.o
 .debug_abbrev  0x00000692      0x12d build/luos_bootloader/production/_ext/903266522/plib_clock.o
 .debug_abbrev  0x000007bf       0x3b build/luos_bootloader/production/_ext/901117036/plib_evsys.o
 .debug_abbrev  0x000007fa      0x118 build/luos_bootloader/production/_ext/1968463158/plib_nvic.o
 .debug_abbrev  0x00000912      0x2a7 build/luos_bootloader/production/_ext/1001328808/plib_nvmctrl.o
 .debug_abbrev  0x00000bb9      0x1c7 build/luos_bootloader/production/_ext/1968410007/plib_port.o
 .debug_abbrev  0x00000d80       0xda build/luos_bootloader/production/_ext/1137593668/initialization.o
 .debug_abbrev  0x00000e5a       0xa6 build/luos_bootloader/production/_ext/1137593668/interrupts.o
 .debug_abbrev  0x00000f00       0x3e build/luos_bootloader/production/_ext/1137593668/exceptions.o
 .debug_abbrev  0x00000f3e      0x11f build/luos_bootloader/production/_ext/1137593668/startup_xc32.o
 .debug_abbrev  0x0000105d      0x564 build/luos_bootloader/production/_ext/889424443/msg_alloc.o
 .debug_abbrev  0x000015c1      0x1e5 build/luos_bootloader/production/_ext/889424443/port_manager.o
 .debug_abbrev  0x000017a6      0x369 build/luos_bootloader/production/_ext/889424443/reception.o
 .debug_abbrev  0x00001b0f      0x49f build/luos_bootloader/production/_ext/889424443/robus.o
 .debug_abbrev  0x00001fae      0x17b build/luos_bootloader/production/_ext/889424443/target.o
 .debug_abbrev  0x00002129      0x2a3 build/luos_bootloader/production/_ext/889424443/transmission.o
 .debug_abbrev  0x000023cc      0x21f build/luos_bootloader/production/_ext/666661255/boot.o
 .debug_abbrev  0x000025eb      0x4a5 build/luos_bootloader/production/_ext/666661255/bootloader.o
 .debug_abbrev  0x00002a90      0x619 build/luos_bootloader/production/_ext/666661255/luos.o
 .debug_abbrev  0x000030a9      0x2bc build/luos_bootloader/production/_ext/666661255/luos_utils.o
 .debug_abbrev  0x00003365      0x4e6 build/luos_bootloader/production/_ext/666661255/routing_table.o
 .debug_abbrev  0x0000384b      0x1f1 build/luos_bootloader/production/_ext/1360937237/main.o
 .debug_abbrev  0x00003a3c       0x2e c:/program files/microchip/xc32/v3.00/bin/bin/../../lib/gcc/pic32c/8.3.1/../../../../pic32c/lib/thumb/v6-m/nofp\libpic32c.a(data_init.o)
 .debug_abbrev  0x00003a6a       0x14 c:/program files/microchip/xc32/v3.00/bin/bin/../../lib/gcc/pic32c/8.3.1/thumb/v6-m/nofp\libgcc.a(_udivsi3.o)
 .debug_abbrev  0x00003a7e       0x14 c:/program files/microchip/xc32/v3.00/bin/bin/../../lib/gcc/pic32c/8.3.1/thumb/v6-m/nofp\libgcc.a(_dvmd_tls.o)
 .debug_abbrev  0x00003a92       0x14 c:/program files/microchip/xc32/v3.00/bin/bin/../../lib/gcc/pic32c/8.3.1/thumb/v6-m/nofp\libgcc.a(_aeabi_uldivmod.o)
 .debug_abbrev  0x00003aa6      0x130 c:/program files/microchip/xc32/v3.00/bin/bin/../../lib/gcc/pic32c/8.3.1/thumb/v6-m/nofp\libgcc.a(_fixunssfsi.o)
 .debug_abbrev  0x00003bd6      0x157 c:/program files/microchip/xc32/v3.00/bin/bin/../../lib/gcc/pic32c/8.3.1/thumb/v6-m/nofp\libgcc.a(_udivmoddi4.o)
 .debug_abbrev  0x00003d2d      0x161 c:/program files/microchip/xc32/v3.00/bin/bin/../../lib/gcc/pic32c/8.3.1/thumb/v6-m/nofp\libgcc.a(mulsf3.o)
 .debug_abbrev  0x00003e8e      0x172 c:/program files/microchip/xc32/v3.00/bin/bin/../../lib/gcc/pic32c/8.3.1/thumb/v6-m/nofp\libgcc.a(subsf3.o)
 .debug_abbrev  0x00004000      0x153 c:/program files/microchip/xc32/v3.00/bin/bin/../../lib/gcc/pic32c/8.3.1/thumb/v6-m/nofp\libgcc.a(fixsfsi.o)
 .debug_abbrev  0x00004153       0x14 c:/program files/microchip/xc32/v3.00/bin/bin/../../lib/gcc/pic32c/8.3.1/thumb/v6-m/nofp\libgcc.a(_arm_cmpsf2.o)
 .debug_abbrev  0x00004167       0x14 c:/program files/microchip/xc32/v3.00/bin/bin/../../lib/gcc/pic32c/8.3.1/thumb/v6-m/nofp\libgcc.a(_clzsi2.o)
 .debug_abbrev  0x0000417b       0x14 c:/program files/microchip/xc32/v3.00/bin/bin/../../lib/gcc/pic32c/8.3.1/thumb/v6-m/nofp\libgcc.a(_clzdi2.o)
 .debug_abbrev  0x0000418f      0x14a c:/program files/microchip/xc32/v3.00/bin/bin/../../lib/gcc/pic32c/8.3.1/thumb/v6-m/nofp\libgcc.a(eqsf2.o)
 .debug_abbrev  0x000042d9      0x14c c:/program files/microchip/xc32/v3.00/bin/bin/../../lib/gcc/pic32c/8.3.1/thumb/v6-m/nofp\libgcc.a(gesf2.o)
 .debug_abbrev  0x00004425      0x14c c:/program files/microchip/xc32/v3.00/bin/bin/../../lib/gcc/pic32c/8.3.1/thumb/v6-m/nofp\libgcc.a(lesf2.o)

.debug_loc      0x00000000     0xa4ca
 .debug_loc     0x00000000      0xdb9 build/luos_bootloader/production/_ext/1463488603/luos_hal.o
 .debug_loc     0x00000db9       0x8e build/luos_bootloader/production/_ext/903266522/plib_clock.o
 .debug_loc     0x00000e47       0x2e build/luos_bootloader/production/_ext/1968463158/plib_nvic.o
 .debug_loc     0x00000e75      0x228 build/luos_bootloader/production/_ext/1001328808/plib_nvmctrl.o
 .debug_loc     0x0000109d      0x226 build/luos_bootloader/production/_ext/1968410007/plib_port.o
 .debug_loc     0x000012c3       0x45 build/luos_bootloader/production/_ext/1137593668/initialization.o
 .debug_loc     0x00001308       0x20 build/luos_bootloader/production/_ext/1137593668/startup_xc32.o
 .debug_loc     0x00001328     0x38e4 build/luos_bootloader/production/_ext/889424443/msg_alloc.o
 .debug_loc     0x00004c0c      0x283 build/luos_bootloader/production/_ext/889424443/port_manager.o
 .debug_loc     0x00004e8f      0x78e build/luos_bootloader/production/_ext/889424443/reception.o
 .debug_loc     0x0000561d      0x6c9 build/luos_bootloader/production/_ext/889424443/robus.o
 .debug_loc     0x00005ce6      0x107 build/luos_bootloader/production/_ext/889424443/target.o
 .debug_loc     0x00005ded       0xbd build/luos_bootloader/production/_ext/889424443/transmission.o
 .debug_loc     0x00005eaa       0x2c build/luos_bootloader/production/_ext/666661255/boot.o
 .debug_loc     0x00005ed6      0x558 build/luos_bootloader/production/_ext/666661255/bootloader.o
 .debug_loc     0x0000642e     0x171b build/luos_bootloader/production/_ext/666661255/luos.o
 .debug_loc     0x00007b49       0x64 build/luos_bootloader/production/_ext/666661255/luos_utils.o
 .debug_loc     0x00007bad      0xb51 build/luos_bootloader/production/_ext/666661255/routing_table.o
 .debug_loc     0x000086fe       0x20 build/luos_bootloader/production/_ext/1360937237/main.o
 .debug_loc     0x0000871e       0x14 c:/program files/microchip/xc32/v3.00/bin/bin/../../lib/gcc/pic32c/8.3.1/../../../../pic32c/lib/thumb/v6-m/nofp\libpic32c.a(data_init.o)
 .debug_loc     0x00008732       0x62 c:/program files/microchip/xc32/v3.00/bin/bin/../../lib/gcc/pic32c/8.3.1/thumb/v6-m/nofp\libgcc.a(_fixunssfsi.o)
 .debug_loc     0x00008794      0x41c c:/program files/microchip/xc32/v3.00/bin/bin/../../lib/gcc/pic32c/8.3.1/thumb/v6-m/nofp\libgcc.a(_udivmoddi4.o)
 .debug_loc     0x00008bb0      0x8ef c:/program files/microchip/xc32/v3.00/bin/bin/../../lib/gcc/pic32c/8.3.1/thumb/v6-m/nofp\libgcc.a(mulsf3.o)
 .debug_loc     0x0000949f      0x8e2 c:/program files/microchip/xc32/v3.00/bin/bin/../../lib/gcc/pic32c/8.3.1/thumb/v6-m/nofp\libgcc.a(subsf3.o)
 .debug_loc     0x00009d81       0xf4 c:/program files/microchip/xc32/v3.00/bin/bin/../../lib/gcc/pic32c/8.3.1/thumb/v6-m/nofp\libgcc.a(fixsfsi.o)
 .debug_loc     0x00009e75      0x166 c:/program files/microchip/xc32/v3.00/bin/bin/../../lib/gcc/pic32c/8.3.1/thumb/v6-m/nofp\libgcc.a(eqsf2.o)
 .debug_loc     0x00009fdb      0x27d c:/program files/microchip/xc32/v3.00/bin/bin/../../lib/gcc/pic32c/8.3.1/thumb/v6-m/nofp\libgcc.a(gesf2.o)
 .debug_loc     0x0000a258      0x272 c:/program files/microchip/xc32/v3.00/bin/bin/../../lib/gcc/pic32c/8.3.1/thumb/v6-m/nofp\libgcc.a(lesf2.o)

.debug_aranges  0x00000000      0x940
 .debug_aranges
                0x00000000      0x110 build/luos_bootloader/production/_ext/1463488603/luos_hal.o
 .debug_aranges
                0x00000110       0x20 build/luos_bootloader/production/_ext/903266522/plib_clock.o
 .debug_aranges
                0x00000130       0x20 build/luos_bootloader/production/_ext/901117036/plib_evsys.o
 .debug_aranges
                0x00000150       0x38 build/luos_bootloader/production/_ext/1968463158/plib_nvic.o
 .debug_aranges
                0x00000188       0x60 build/luos_bootloader/production/_ext/1001328808/plib_nvmctrl.o
 .debug_aranges
                0x000001e8       0x70 build/luos_bootloader/production/_ext/1968410007/plib_port.o
 .debug_aranges
                0x00000258       0x20 build/luos_bootloader/production/_ext/1137593668/initialization.o
 .debug_aranges
                0x00000278       0x20 build/luos_bootloader/production/_ext/1137593668/interrupts.o
 .debug_aranges
                0x00000298       0x28 build/luos_bootloader/production/_ext/1137593668/exceptions.o
 .debug_aranges
                0x000002c0       0x28 build/luos_bootloader/production/_ext/1137593668/startup_xc32.o
 .debug_aranges
                0x000002e8       0xd0 build/luos_bootloader/production/_ext/889424443/msg_alloc.o
 .debug_aranges
                0x000003b8       0x40 build/luos_bootloader/production/_ext/889424443/port_manager.o
 .debug_aranges
                0x000003f8       0x70 build/luos_bootloader/production/_ext/889424443/reception.o
 .debug_aranges
                0x00000468       0x70 build/luos_bootloader/production/_ext/889424443/robus.o
 .debug_aranges
                0x000004d8       0x28 build/luos_bootloader/production/_ext/889424443/target.o
 .debug_aranges
                0x00000500       0x38 build/luos_bootloader/production/_ext/889424443/transmission.o
 .debug_aranges
                0x00000538       0x20 build/luos_bootloader/production/_ext/666661255/boot.o
 .debug_aranges
                0x00000558       0x48 build/luos_bootloader/production/_ext/666661255/bootloader.o
 .debug_aranges
                0x000005a0       0xb0 build/luos_bootloader/production/_ext/666661255/luos.o
 .debug_aranges
                0x00000650       0x28 build/luos_bootloader/production/_ext/666661255/luos_utils.o
 .debug_aranges
                0x00000678       0xc8 build/luos_bootloader/production/_ext/666661255/routing_table.o
 .debug_aranges
                0x00000740       0x20 build/luos_bootloader/production/_ext/1360937237/main.o
 .debug_aranges
                0x00000760       0x20 c:/program files/microchip/xc32/v3.00/bin/bin/../../lib/gcc/pic32c/8.3.1/../../../../pic32c/lib/thumb/v6-m/nofp\libpic32c.a(data_init.o)
 .debug_aranges
                0x00000780       0x20 c:/program files/microchip/xc32/v3.00/bin/bin/../../lib/gcc/pic32c/8.3.1/thumb/v6-m/nofp\libgcc.a(_udivsi3.o)
 .debug_aranges
                0x000007a0       0x20 c:/program files/microchip/xc32/v3.00/bin/bin/../../lib/gcc/pic32c/8.3.1/thumb/v6-m/nofp\libgcc.a(_dvmd_tls.o)
 .debug_aranges
                0x000007c0       0x20 c:/program files/microchip/xc32/v3.00/bin/bin/../../lib/gcc/pic32c/8.3.1/thumb/v6-m/nofp\libgcc.a(_aeabi_uldivmod.o)
 .debug_aranges
                0x000007e0       0x20 c:/program files/microchip/xc32/v3.00/bin/bin/../../lib/gcc/pic32c/8.3.1/thumb/v6-m/nofp\libgcc.a(_fixunssfsi.o)
 .debug_aranges
                0x00000800       0x20 c:/program files/microchip/xc32/v3.00/bin/bin/../../lib/gcc/pic32c/8.3.1/thumb/v6-m/nofp\libgcc.a(_udivmoddi4.o)
 .debug_aranges
                0x00000820       0x20 c:/program files/microchip/xc32/v3.00/bin/bin/../../lib/gcc/pic32c/8.3.1/thumb/v6-m/nofp\libgcc.a(mulsf3.o)
 .debug_aranges
                0x00000840       0x20 c:/program files/microchip/xc32/v3.00/bin/bin/../../lib/gcc/pic32c/8.3.1/thumb/v6-m/nofp\libgcc.a(subsf3.o)
 .debug_aranges
                0x00000860       0x20 c:/program files/microchip/xc32/v3.00/bin/bin/../../lib/gcc/pic32c/8.3.1/thumb/v6-m/nofp\libgcc.a(fixsfsi.o)
 .debug_aranges
                0x00000880       0x20 c:/program files/microchip/xc32/v3.00/bin/bin/../../lib/gcc/pic32c/8.3.1/thumb/v6-m/nofp\libgcc.a(_arm_cmpsf2.o)
 .debug_aranges
                0x000008a0       0x20 c:/program files/microchip/xc32/v3.00/bin/bin/../../lib/gcc/pic32c/8.3.1/thumb/v6-m/nofp\libgcc.a(_clzsi2.o)
 .debug_aranges
                0x000008c0       0x20 c:/program files/microchip/xc32/v3.00/bin/bin/../../lib/gcc/pic32c/8.3.1/thumb/v6-m/nofp\libgcc.a(_clzdi2.o)
 .debug_aranges
                0x000008e0       0x20 c:/program files/microchip/xc32/v3.00/bin/bin/../../lib/gcc/pic32c/8.3.1/thumb/v6-m/nofp\libgcc.a(eqsf2.o)
 .debug_aranges
                0x00000900       0x20 c:/program files/microchip/xc32/v3.00/bin/bin/../../lib/gcc/pic32c/8.3.1/thumb/v6-m/nofp\libgcc.a(gesf2.o)
 .debug_aranges
                0x00000920       0x20 c:/program files/microchip/xc32/v3.00/bin/bin/../../lib/gcc/pic32c/8.3.1/thumb/v6-m/nofp\libgcc.a(lesf2.o)

.debug_ranges   0x00000000     0x2400
 .debug_ranges  0x00000000      0x160 build/luos_bootloader/production/_ext/1463488603/luos_hal.o
 .debug_ranges  0x00000160       0x28 build/luos_bootloader/production/_ext/903266522/plib_clock.o
 .debug_ranges  0x00000188       0x10 build/luos_bootloader/production/_ext/901117036/plib_evsys.o
 .debug_ranges  0x00000198       0x28 build/luos_bootloader/production/_ext/1968463158/plib_nvic.o
 .debug_ranges  0x000001c0       0x50 build/luos_bootloader/production/_ext/1001328808/plib_nvmctrl.o
 .debug_ranges  0x00000210       0x60 build/luos_bootloader/production/_ext/1968410007/plib_port.o
 .debug_ranges  0x00000270       0x10 build/luos_bootloader/production/_ext/1137593668/initialization.o
 .debug_ranges  0x00000280       0x10 build/luos_bootloader/production/_ext/1137593668/interrupts.o
 .debug_ranges  0x00000290       0x18 build/luos_bootloader/production/_ext/1137593668/exceptions.o
 .debug_ranges  0x000002a8       0x18 build/luos_bootloader/production/_ext/1137593668/startup_xc32.o
 .debug_ranges  0x000002c0     0x16f8 build/luos_bootloader/production/_ext/889424443/msg_alloc.o
 .debug_ranges  0x000019b8       0x48 build/luos_bootloader/production/_ext/889424443/port_manager.o
 .debug_ranges  0x00001a00       0x60 build/luos_bootloader/production/_ext/889424443/reception.o
 .debug_ranges  0x00001a60      0x130 build/luos_bootloader/production/_ext/889424443/robus.o
 .debug_ranges  0x00001b90       0x18 build/luos_bootloader/production/_ext/889424443/target.o
 .debug_ranges  0x00001ba8       0x28 build/luos_bootloader/production/_ext/889424443/transmission.o
 .debug_ranges  0x00001bd0       0x10 build/luos_bootloader/production/_ext/666661255/boot.o
 .debug_ranges  0x00001be0       0xa0 build/luos_bootloader/production/_ext/666661255/bootloader.o
 .debug_ranges  0x00001c80      0x290 build/luos_bootloader/production/_ext/666661255/luos.o
 .debug_ranges  0x00001f10       0x18 build/luos_bootloader/production/_ext/666661255/luos_utils.o
 .debug_ranges  0x00001f28      0x1e8 build/luos_bootloader/production/_ext/666661255/routing_table.o
 .debug_ranges  0x00002110       0x10 build/luos_bootloader/production/_ext/1360937237/main.o
 .debug_ranges  0x00002120       0x10 c:/program files/microchip/xc32/v3.00/bin/bin/../../lib/gcc/pic32c/8.3.1/../../../../pic32c/lib/thumb/v6-m/nofp\libpic32c.a(data_init.o)
 .debug_ranges  0x00002130       0x58 c:/program files/microchip/xc32/v3.00/bin/bin/../../lib/gcc/pic32c/8.3.1/thumb/v6-m/nofp\libgcc.a(mulsf3.o)
 .debug_ranges  0x00002188      0x198 c:/program files/microchip/xc32/v3.00/bin/bin/../../lib/gcc/pic32c/8.3.1/thumb/v6-m/nofp\libgcc.a(subsf3.o)
 .debug_ranges  0x00002320       0x30 c:/program files/microchip/xc32/v3.00/bin/bin/../../lib/gcc/pic32c/8.3.1/thumb/v6-m/nofp\libgcc.a(eqsf2.o)
 .debug_ranges  0x00002350       0x58 c:/program files/microchip/xc32/v3.00/bin/bin/../../lib/gcc/pic32c/8.3.1/thumb/v6-m/nofp\libgcc.a(gesf2.o)
 .debug_ranges  0x000023a8       0x58 c:/program files/microchip/xc32/v3.00/bin/bin/../../lib/gcc/pic32c/8.3.1/thumb/v6-m/nofp\libgcc.a(lesf2.o)

.debug_line     0x00000000     0xb57d
 .debug_line    0x00000000      0xffe build/luos_bootloader/production/_ext/1463488603/luos_hal.o
 .debug_line    0x00000ffe      0x216 build/luos_bootloader/production/_ext/903266522/plib_clock.o
 .debug_line    0x00001214       0x6e build/luos_bootloader/production/_ext/901117036/plib_evsys.o
 .debug_line    0x00001282      0x26a build/luos_bootloader/production/_ext/1968463158/plib_nvic.o
 .debug_line    0x000014ec      0x343 build/luos_bootloader/production/_ext/1001328808/plib_nvmctrl.o
 .debug_line    0x0000182f      0x2c3 build/luos_bootloader/production/_ext/1968410007/plib_port.o
 .debug_line    0x00001af2      0x27e build/luos_bootloader/production/_ext/1137593668/initialization.o
 .debug_line    0x00001d70      0x10c build/luos_bootloader/production/_ext/1137593668/interrupts.o
 .debug_line    0x00001e7c       0x76 build/luos_bootloader/production/_ext/1137593668/exceptions.o
 .debug_line    0x00001ef2      0x1ab build/luos_bootloader/production/_ext/1137593668/startup_xc32.o
 .debug_line    0x0000209d     0x3e40 build/luos_bootloader/production/_ext/889424443/msg_alloc.o
 .debug_line    0x00005edd      0x363 build/luos_bootloader/production/_ext/889424443/port_manager.o
 .debug_line    0x00006240      0x86f build/luos_bootloader/production/_ext/889424443/reception.o
 .debug_line    0x00006aaf      0x782 build/luos_bootloader/production/_ext/889424443/robus.o
 .debug_line    0x00007231      0x1b9 build/luos_bootloader/production/_ext/889424443/target.o
 .debug_line    0x000073ea      0x3bf build/luos_bootloader/production/_ext/889424443/transmission.o
 .debug_line    0x000077a9      0x1e8 build/luos_bootloader/production/_ext/666661255/boot.o
 .debug_line    0x00007991      0x672 build/luos_bootloader/production/_ext/666661255/bootloader.o
 .debug_line    0x00008003      0xf34 build/luos_bootloader/production/_ext/666661255/luos.o
 .debug_line    0x00008f37      0x2c5 build/luos_bootloader/production/_ext/666661255/luos_utils.o
 .debug_line    0x000091fc      0xa88 build/luos_bootloader/production/_ext/666661255/routing_table.o
 .debug_line    0x00009c84      0x18d build/luos_bootloader/production/_ext/1360937237/main.o
 .debug_line    0x00009e11      0x132 c:/program files/microchip/xc32/v3.00/bin/bin/../../lib/gcc/pic32c/8.3.1/../../../../pic32c/lib/thumb/v6-m/nofp\libpic32c.a(data_init.o)
 .debug_line    0x00009f43       0xa8 c:/program files/microchip/xc32/v3.00/bin/bin/../../lib/gcc/pic32c/8.3.1/thumb/v6-m/nofp\libgcc.a(_udivsi3.o)
 .debug_line    0x00009feb       0x9c c:/program files/microchip/xc32/v3.00/bin/bin/../../lib/gcc/pic32c/8.3.1/thumb/v6-m/nofp\libgcc.a(_dvmd_tls.o)
 .debug_line    0x0000a087       0xa7 c:/program files/microchip/xc32/v3.00/bin/bin/../../lib/gcc/pic32c/8.3.1/thumb/v6-m/nofp\libgcc.a(_aeabi_uldivmod.o)
 .debug_line    0x0000a12e      0x2cb c:/program files/microchip/xc32/v3.00/bin/bin/../../lib/gcc/pic32c/8.3.1/thumb/v6-m/nofp\libgcc.a(_fixunssfsi.o)
 .debug_line    0x0000a3f9      0x3d7 c:/program files/microchip/xc32/v3.00/bin/bin/../../lib/gcc/pic32c/8.3.1/thumb/v6-m/nofp\libgcc.a(_udivmoddi4.o)
 .debug_line    0x0000a7d0      0x279 c:/program files/microchip/xc32/v3.00/bin/bin/../../lib/gcc/pic32c/8.3.1/thumb/v6-m/nofp\libgcc.a(mulsf3.o)
 .debug_line    0x0000aa49      0x314 c:/program files/microchip/xc32/v3.00/bin/bin/../../lib/gcc/pic32c/8.3.1/thumb/v6-m/nofp\libgcc.a(subsf3.o)
 .debug_line    0x0000ad5d      0x154 c:/program files/microchip/xc32/v3.00/bin/bin/../../lib/gcc/pic32c/8.3.1/thumb/v6-m/nofp\libgcc.a(fixsfsi.o)
 .debug_line    0x0000aeb1       0xb1 c:/program files/microchip/xc32/v3.00/bin/bin/../../lib/gcc/pic32c/8.3.1/thumb/v6-m/nofp\libgcc.a(_arm_cmpsf2.o)
 .debug_line    0x0000af62       0xb0 c:/program files/microchip/xc32/v3.00/bin/bin/../../lib/gcc/pic32c/8.3.1/thumb/v6-m/nofp\libgcc.a(_clzsi2.o)
 .debug_line    0x0000b012       0xa6 c:/program files/microchip/xc32/v3.00/bin/bin/../../lib/gcc/pic32c/8.3.1/thumb/v6-m/nofp\libgcc.a(_clzdi2.o)
 .debug_line    0x0000b0b8      0x179 c:/program files/microchip/xc32/v3.00/bin/bin/../../lib/gcc/pic32c/8.3.1/thumb/v6-m/nofp\libgcc.a(eqsf2.o)
 .debug_line    0x0000b231      0x1a8 c:/program files/microchip/xc32/v3.00/bin/bin/../../lib/gcc/pic32c/8.3.1/thumb/v6-m/nofp\libgcc.a(gesf2.o)
 .debug_line    0x0000b3d9      0x1a4 c:/program files/microchip/xc32/v3.00/bin/bin/../../lib/gcc/pic32c/8.3.1/thumb/v6-m/nofp\libgcc.a(lesf2.o)

.debug_str      0x00000000     0x1403
 .debug_str     0x00000000      0x1ef build/luos_bootloader/production/_ext/1463488603/luos_hal.o
 .debug_str     0x000001ef        0x0 build/luos_bootloader/production/_ext/903266522/plib_clock.o
 .debug_str     0x000001ef        0x0 build/luos_bootloader/production/_ext/901117036/plib_evsys.o
 .debug_str     0x000001ef        0x0 build/luos_bootloader/production/_ext/1968463158/plib_nvic.o
 .debug_str     0x000001ef       0x1f build/luos_bootloader/production/_ext/1001328808/plib_nvmctrl.o
 .debug_str     0x0000020e        0xb build/luos_bootloader/production/_ext/1968410007/plib_port.o
 .debug_str     0x00000219       0x55 build/luos_bootloader/production/_ext/1137593668/initialization.o
 .debug_str     0x0000026e        0x0 build/luos_bootloader/production/_ext/1137593668/interrupts.o
 .debug_str     0x0000026e        0x0 build/luos_bootloader/production/_ext/1137593668/exceptions.o
 .debug_str     0x0000026e       0x2f build/luos_bootloader/production/_ext/1137593668/startup_xc32.o
 .debug_str     0x0000029d       0x61 build/luos_bootloader/production/_ext/889424443/msg_alloc.o
 .debug_str     0x000002fe       0x6d build/luos_bootloader/production/_ext/889424443/port_manager.o
 .debug_str     0x0000036b      0x138 build/luos_bootloader/production/_ext/889424443/reception.o
 .debug_str     0x000004a3      0x183 build/luos_bootloader/production/_ext/889424443/robus.o
 .debug_str     0x00000626        0xd build/luos_bootloader/production/_ext/889424443/target.o
 .debug_str     0x00000633       0xda build/luos_bootloader/production/_ext/889424443/transmission.o
 .debug_str     0x0000070d       0x23 build/luos_bootloader/production/_ext/666661255/boot.o
 .debug_str     0x00000730      0x123 build/luos_bootloader/production/_ext/666661255/bootloader.o
 .debug_str     0x00000853      0x3cc build/luos_bootloader/production/_ext/666661255/luos.o
 .debug_str     0x00000c1f       0x61 build/luos_bootloader/production/_ext/666661255/luos_utils.o
 .debug_str     0x00000c80       0xde build/luos_bootloader/production/_ext/666661255/routing_table.o
 .debug_str     0x00000d5e       0x30 build/luos_bootloader/production/_ext/1360937237/main.o
 .debug_str     0x00000d8e        0x0 c:/program files/microchip/xc32/v3.00/bin/bin/../../lib/gcc/pic32c/8.3.1/../../../../pic32c/lib/thumb/v6-m/nofp\libpic32c.a(data_init.o)
 .debug_str     0x00000d8e       0xee c:/program files/microchip/xc32/v3.00/bin/bin/../../lib/gcc/pic32c/8.3.1/thumb/v6-m/nofp\libgcc.a(_udivsi3.o)
 .debug_str     0x00000e7c       0xee c:/program files/microchip/xc32/v3.00/bin/bin/../../lib/gcc/pic32c/8.3.1/thumb/v6-m/nofp\libgcc.a(_dvmd_tls.o)
 .debug_str     0x00000f6a       0xee c:/program files/microchip/xc32/v3.00/bin/bin/../../lib/gcc/pic32c/8.3.1/thumb/v6-m/nofp\libgcc.a(_aeabi_uldivmod.o)
 .debug_str     0x00001058        0x0 c:/program files/microchip/xc32/v3.00/bin/bin/../../lib/gcc/pic32c/8.3.1/thumb/v6-m/nofp\libgcc.a(_fixunssfsi.o)
 .debug_str     0x00001058        0x0 c:/program files/microchip/xc32/v3.00/bin/bin/../../lib/gcc/pic32c/8.3.1/thumb/v6-m/nofp\libgcc.a(_udivmoddi4.o)
 .debug_str     0x00001058       0x30 c:/program files/microchip/xc32/v3.00/bin/bin/../../lib/gcc/pic32c/8.3.1/thumb/v6-m/nofp\libgcc.a(mulsf3.o)
 .debug_str     0x00001088       0x2c c:/program files/microchip/xc32/v3.00/bin/bin/../../lib/gcc/pic32c/8.3.1/thumb/v6-m/nofp\libgcc.a(subsf3.o)
 .debug_str     0x000010b4       0x13 c:/program files/microchip/xc32/v3.00/bin/bin/../../lib/gcc/pic32c/8.3.1/thumb/v6-m/nofp\libgcc.a(fixsfsi.o)
 .debug_str     0x000010c7       0xee c:/program files/microchip/xc32/v3.00/bin/bin/../../lib/gcc/pic32c/8.3.1/thumb/v6-m/nofp\libgcc.a(_arm_cmpsf2.o)
 .debug_str     0x000011b5       0xee c:/program files/microchip/xc32/v3.00/bin/bin/../../lib/gcc/pic32c/8.3.1/thumb/v6-m/nofp\libgcc.a(_clzsi2.o)
 .debug_str     0x000012a3       0xee c:/program files/microchip/xc32/v3.00/bin/bin/../../lib/gcc/pic32c/8.3.1/thumb/v6-m/nofp\libgcc.a(_clzdi2.o)
 .debug_str     0x00001391       0x26 c:/program files/microchip/xc32/v3.00/bin/bin/../../lib/gcc/pic32c/8.3.1/thumb/v6-m/nofp\libgcc.a(eqsf2.o)
 .debug_str     0x000013b7       0x26 c:/program files/microchip/xc32/v3.00/bin/bin/../../lib/gcc/pic32c/8.3.1/thumb/v6-m/nofp\libgcc.a(gesf2.o)
 .debug_str     0x000013dd       0x26 c:/program files/microchip/xc32/v3.00/bin/bin/../../lib/gcc/pic32c/8.3.1/thumb/v6-m/nofp\libgcc.a(lesf2.o)

.debug_frame    0x00000000     0x1404
 .debug_frame   0x00000000      0x2d8 build/luos_bootloader/production/_ext/1463488603/luos_hal.o
 .debug_frame   0x000002d8       0x20 build/luos_bootloader/production/_ext/903266522/plib_clock.o
 .debug_frame   0x000002f8       0x20 build/luos_bootloader/production/_ext/901117036/plib_evsys.o
 .debug_frame   0x00000318       0x50 build/luos_bootloader/production/_ext/1968463158/plib_nvic.o
 .debug_frame   0x00000368       0xb8 build/luos_bootloader/production/_ext/1001328808/plib_nvmctrl.o
 .debug_frame   0x00000420       0xcc build/luos_bootloader/production/_ext/1968410007/plib_port.o
 .debug_frame   0x000004ec       0x28 build/luos_bootloader/production/_ext/1137593668/initialization.o
 .debug_frame   0x00000514       0x20 build/luos_bootloader/production/_ext/1137593668/interrupts.o
 .debug_frame   0x00000534       0x30 build/luos_bootloader/production/_ext/1137593668/exceptions.o
 .debug_frame   0x00000564       0x38 build/luos_bootloader/production/_ext/1137593668/startup_xc32.o
 .debug_frame   0x0000059c      0x2e8 build/luos_bootloader/production/_ext/889424443/msg_alloc.o
 .debug_frame   0x00000884       0x8c build/luos_bootloader/production/_ext/889424443/port_manager.o
 .debug_frame   0x00000910      0x124 build/luos_bootloader/production/_ext/889424443/reception.o
 .debug_frame   0x00000a34      0x140 build/luos_bootloader/production/_ext/889424443/robus.o
 .debug_frame   0x00000b74       0x38 build/luos_bootloader/production/_ext/889424443/target.o
 .debug_frame   0x00000bac       0x74 build/luos_bootloader/production/_ext/889424443/transmission.o
 .debug_frame   0x00000c20       0x28 build/luos_bootloader/production/_ext/666661255/boot.o
 .debug_frame   0x00000c48       0xcc build/luos_bootloader/production/_ext/666661255/bootloader.o
 .debug_frame   0x00000d14      0x278 build/luos_bootloader/production/_ext/666661255/luos.o
 .debug_frame   0x00000f8c       0x3c build/luos_bootloader/production/_ext/666661255/luos_utils.o
 .debug_frame   0x00000fc8      0x23c build/luos_bootloader/production/_ext/666661255/routing_table.o
 .debug_frame   0x00001204       0x28 build/luos_bootloader/production/_ext/1360937237/main.o
 .debug_frame   0x0000122c       0x34 c:/program files/microchip/xc32/v3.00/bin/bin/../../lib/gcc/pic32c/8.3.1/../../../../pic32c/lib/thumb/v6-m/nofp\libpic32c.a(data_init.o)
 .debug_frame   0x00001260       0x20 c:/program files/microchip/xc32/v3.00/bin/bin/../../lib/gcc/pic32c/8.3.1/thumb/v6-m/nofp\libgcc.a(_udivsi3.o)
 .debug_frame   0x00001280       0x28 c:/program files/microchip/xc32/v3.00/bin/bin/../../lib/gcc/pic32c/8.3.1/thumb/v6-m/nofp\libgcc.a(_fixunssfsi.o)
 .debug_frame   0x000012a8       0x3c c:/program files/microchip/xc32/v3.00/bin/bin/../../lib/gcc/pic32c/8.3.1/thumb/v6-m/nofp\libgcc.a(_udivmoddi4.o)
 .debug_frame   0x000012e4       0x38 c:/program files/microchip/xc32/v3.00/bin/bin/../../lib/gcc/pic32c/8.3.1/thumb/v6-m/nofp\libgcc.a(mulsf3.o)
 .debug_frame   0x0000131c       0x3c c:/program files/microchip/xc32/v3.00/bin/bin/../../lib/gcc/pic32c/8.3.1/thumb/v6-m/nofp\libgcc.a(subsf3.o)
 .debug_frame   0x00001358       0x20 c:/program files/microchip/xc32/v3.00/bin/bin/../../lib/gcc/pic32c/8.3.1/thumb/v6-m/nofp\libgcc.a(fixsfsi.o)
 .debug_frame   0x00001378       0x2c c:/program files/microchip/xc32/v3.00/bin/bin/../../lib/gcc/pic32c/8.3.1/thumb/v6-m/nofp\libgcc.a(eqsf2.o)
 .debug_frame   0x000013a4       0x30 c:/program files/microchip/xc32/v3.00/bin/bin/../../lib/gcc/pic32c/8.3.1/thumb/v6-m/nofp\libgcc.a(gesf2.o)
 .debug_frame   0x000013d4       0x30 c:/program files/microchip/xc32/v3.00/bin/bin/../../lib/gcc/pic32c/8.3.1/thumb/v6-m/nofp\libgcc.a(lesf2.o)

.stack          0x200012e8      0x100
 .stack         0x200012e8      0x100 stack

.bss.data_buff%1
                0x20000000      0x800
 .bss.data_buff
                0x20000000      0x800 build/luos_bootloader/production/_ext/666661255/bootloader.o
                0x20000000                data_buff

.bss.routing_table%2
                0x20000800      0x348
 .bss.routing_table
                0x20000800      0x348 build/luos_bootloader/production/_ext/666661255/routing_table.o
                0x20000800                routing_table

.bss.msg_buffer%3
                0x20000b48      0x195
 .bss.msg_buffer
                0x20000b48      0x195 build/luos_bootloader/production/_ext/889424443/msg_alloc.o
                0x20000b48                msg_buffer

.bss.container_table%4
                0x20000ce0      0x118
 .bss.container_table
                0x20000ce0      0x118 build/luos_bootloader/production/_ext/666661255/luos.o
                0x20000ce0                container_table

.bss.tx_tasks%5
                0x20000df8       0xa0
 .bss.tx_tasks  0x20000df8       0xa0 build/luos_bootloader/production/_ext/889424443/msg_alloc.o
                0x20000df8                tx_tasks

.bss.bootloader_data%6
                0x20000e98       0x7f
 .bss.bootloader_data
                0x20000e98       0x7f build/luos_bootloader/production/_ext/666661255/bootloader.o

.bss.ctx%7      0x20000f18       0x68
 .bss.ctx       0x20000f18       0x68 build/luos_bootloader/production/_ext/889424443/robus.o
                0x20000f18                ctx

.bss.luos_tasks%8
                0x20000f80       0x50
 .bss.luos_tasks
                0x20000f80       0x50 build/luos_bootloader/production/_ext/889424443/msg_alloc.o
                0x20000f80                luos_tasks

.bss.msg_tasks%9
                0x20000fd0       0x28
 .bss.msg_tasks
                0x20000fd0       0x28 build/luos_bootloader/production/_ext/889424443/msg_alloc.o
                0x20000fd0                msg_tasks

.bss%10         0x20000ff8       0x1c
 .bss           0x20000ff8       0x1c c:/program files/microchip/xc32/v3.00/bin/bin/../../lib/gcc/pic32c/8.3.1/thumb/v6-m/nofp/crtbegin.o

.bss.data_size.7818%11
                0x20001014       0x14
 .bss.data_size.7818
                0x20001014       0x14 build/luos_bootloader/production/_ext/666661255/luos.o

.bss.total_data_size.7819%12
                0x20001028       0x14
 .bss.total_data_size.7819
                0x20001028       0x14 build/luos_bootloader/production/_ext/666661255/luos.o

.bss.descriptor_section%13
                0x20001040       0x10
 .bss.descriptor_section
                0x20001040       0x10 build/luos_bootloader/production/_ext/1463488603/luos_hal.o

.bss.write_back_section%14
                0x20001050       0x10
 .bss.write_back_section
                0x20001050       0x10 build/luos_bootloader/production/_ext/1463488603/luos_hal.o

.bss.general_stats%15
                0x20001060        0x7
 .bss.general_stats
                0x20001060        0x7 build/luos_bootloader/production/_ext/666661255/luos.o
                0x20001060                general_stats

.bss.PTP%16     0x20001068        0x6
 .bss.PTP       0x20001068        0x6 build/luos_bootloader/production/_ext/1463488603/luos_hal.o
                0x20001068                PTP

.bss.luos_stats%17
                0x20001070        0x6
 .bss.luos_stats
                0x20001070        0x6 build/luos_bootloader/production/_ext/666661255/luos.o
                0x20001070                luos_stats

.bss.tick%18    0x2000103c        0x4
 .bss.tick      0x2000103c        0x4 build/luos_bootloader/production/_ext/1463488603/luos_hal.o
                0x2000103c                tick

.bss.tx_data%19
                0x20001078        0x4
 .bss.tx_data   0x20001078        0x4 build/luos_bootloader/production/_ext/1463488603/luos_hal.o
                0x20001078                tx_data

.bss.copy_task_pointer%20
                0x2000107c        0x4
 .bss.copy_task_pointer
                0x2000107c        0x4 build/luos_bootloader/production/_ext/889424443/msg_alloc.o
                0x2000107c                copy_task_pointer

.bss.current_msg%21
                0x20001080        0x4
 .bss.current_msg
                0x20001080        0x4 build/luos_bootloader/production/_ext/889424443/msg_alloc.o
                0x20001080                current_msg

.bss.data_end_estimation%22
                0x20001084        0x4
 .bss.data_end_estimation
                0x20001084        0x4 build/luos_bootloader/production/_ext/889424443/msg_alloc.o
                0x20001084                data_end_estimation

.bss.data_ptr%23
                0x20001088        0x4
 .bss.data_ptr  0x20001088        0x4 build/luos_bootloader/production/_ext/889424443/msg_alloc.o
                0x20001088                data_ptr

.bss.mem_stat%24
                0x2000108c        0x4
 .bss.mem_stat  0x2000108c        0x4 build/luos_bootloader/production/_ext/889424443/msg_alloc.o
                0x2000108c                mem_stat

.bss.oldest_msg%25
                0x20001090        0x4
 .bss.oldest_msg
                0x20001090        0x4 build/luos_bootloader/production/_ext/889424443/msg_alloc.o
                0x20001090                oldest_msg

.bss.used_msg%26
                0x20001094        0x4
 .bss.used_msg  0x20001094        0x4 build/luos_bootloader/production/_ext/889424443/msg_alloc.o
                0x20001094                used_msg

.bss.baudrate%27
                0x20001098        0x4
 .bss.baudrate  0x20001098        0x4 build/luos_bootloader/production/_ext/889424443/robus.o
                0x20001098                baudrate

.bss.nb_bytes%28
                0x2000109c        0x4
 .bss.nb_bytes  0x2000109c        0x4 build/luos_bootloader/production/_ext/666661255/bootloader.o
                0x2000109c                nb_bytes

.data.flash_addr%29
                0x200010a0        0x4
 .data.flash_addr
                0x200010a0        0x4 build/luos_bootloader/production/_ext/666661255/bootloader.o
                0x200010a0                flash_addr

.bss.last_loop_date.7648%30
                0x200010a4        0x4
 .bss.last_loop_date.7648
                0x200010a4        0x4 build/luos_bootloader/production/_ext/666661255/luos.o

.bss%31         0x200010a8        0x4
 .bss           0x200010a8        0x4 c:/program files/microchip/xc32/v3.00/bin/bin/../../lib/gcc/pic32c/8.3.1/../../../../pic32c/lib/thumb/v6-m/nofp\libpic32c.a(data_init.o)

.data.luos_version%32
                0x200010ac        0x3
 .data.luos_version
                0x200010ac        0x3 build/luos_bootloader/production/_ext/666661255/luos.o
                0x200010ac                luos_version

.bss.data_size_to_transmit%33
                0x2000106e        0x2
 .bss.data_size_to_transmit
                0x2000106e        0x2 build/luos_bootloader/production/_ext/1463488603/luos_hal.o
                0x2000106e                data_size_to_transmit

.bss.timoutclockcnt%34
                0x20001076        0x2
 .bss.timoutclockcnt
                0x20001076        0x2 build/luos_bootloader/production/_ext/1463488603/luos_hal.o
                0x20001076                timoutclockcnt

.bss.luos_tasks_stack_id%35
                0x20000cde        0x2
 .bss.luos_tasks_stack_id
                0x20000cde        0x2 build/luos_bootloader/production/_ext/889424443/msg_alloc.o
                0x20000cde                luos_tasks_stack_id

.bss.msg_tasks_stack_id%36
                0x200010b0        0x2
 .bss.msg_tasks_stack_id
                0x200010b0        0x2 build/luos_bootloader/production/_ext/889424443/msg_alloc.o
                0x200010b0                msg_tasks_stack_id

.bss.tx_tasks_stack_id%37
                0x200010b2        0x2
 .bss.tx_tasks_stack_id
                0x200010b2        0x2 build/luos_bootloader/production/_ext/889424443/msg_alloc.o
                0x200010b2                tx_tasks_stack_id

.bss.crc_val%38
                0x200010b4        0x2
 .bss.crc_val   0x200010b4        0x2 build/luos_bootloader/production/_ext/889424443/reception.o
                0x200010b4                crc_val

.bss.data_count%39
                0x200010b6        0x2
 .bss.data_count
                0x200010b6        0x2 build/luos_bootloader/production/_ext/889424443/reception.o
                0x200010b6                data_count

.bss.data_size%40
                0x200010b8        0x2
 .bss.data_size
                0x200010b8        0x2 build/luos_bootloader/production/_ext/889424443/reception.o
                0x200010b8                data_size

.bss.last_node%41
                0x200010ba        0x2
 .bss.last_node
                0x200010ba        0x2 build/luos_bootloader/production/_ext/889424443/robus.o
                0x200010ba                last_node

.bss.bootloader_data_size%42
                0x200010bc        0x2
 .bss.bootloader_data_size
                0x200010bc        0x2 build/luos_bootloader/production/_ext/666661255/bootloader.o

.bss.data_index%43
                0x200010be        0x2
 .bss.data_index
                0x200010be        0x2 build/luos_bootloader/production/_ext/666661255/bootloader.o
                0x200010be                data_index

.data.residual_space%44
                0x200010c0        0x2
 .data.residual_space
                0x200010c0        0x2 build/luos_bootloader/production/_ext/666661255/bootloader.o
                0x200010c0                residual_space

.bss.container_number%45
                0x200010c2        0x2
 .bss.container_number
                0x200010c2        0x2 build/luos_bootloader/production/_ext/666661255/luos.o
                0x200010c2                container_number

.bss.last_msg_size.7820%46
                0x200010c4        0x2
 .bss.last_msg_size.7820
                0x200010c4        0x2 build/luos_bootloader/production/_ext/666661255/luos.o

.bss.last_container%47
                0x200010c6        0x2
 .bss.last_container
                0x200010c6        0x2 build/luos_bootloader/production/_ext/666661255/routing_table.o
                0x200010c6                last_container

.bss.last_routing_table_entry%48
                0x200010c8        0x2
 .bss.last_routing_table_entry
                0x200010c8        0x2 build/luos_bootloader/production/_ext/666661255/routing_table.o
                0x200010c8                last_routing_table_entry

.bss.mem_clear_needed%49
                0x20000f17        0x1
 .bss.mem_clear_needed
                0x20000f17        0x1 build/luos_bootloader/production/_ext/889424443/msg_alloc.o
                0x20000f17                mem_clear_needed

.bss.Port_ExpectedState%50
                0x20001067        0x1
 .bss.Port_ExpectedState
                0x20001067        0x1 build/luos_bootloader/production/_ext/889424443/port_manager.o
                0x20001067                Port_ExpectedState

.bss.nbrRetry%51
                0x20000cdd        0x1
 .bss.nbrRetry  0x20000cdd        0x1 build/luos_bootloader/production/_ext/889424443/transmission.o
                0x20000cdd                nbrRetry

.bss.bootloader_cmd%52
                0x200010af        0x1
 .bss.bootloader_cmd
                0x200010af        0x1 build/luos_bootloader/production/_ext/666661255/bootloader.o

.bss.bootloader_state%53
                0x200010ca        0x1
 .bss.bootloader_state
                0x200010ca        0x1 build/luos_bootloader/production/_ext/666661255/bootloader.o

.eh_frame%z1    0x00000000        0x0
 .eh_frame      0x00000000        0x0 c:/program files/microchip/xc32/v3.00/bin/bin/../../lib/gcc/pic32c/8.3.1/thumb/v6-m/nofp/crtbegin.o

.text.MsgAlloc_EndMsg%54
                0x000000d8      0x6f8
 .text.MsgAlloc_EndMsg
                0x000000d8      0x6f8 build/luos_bootloader/production/_ext/889424443/msg_alloc.o
                0x000000d8                MsgAlloc_EndMsg

.text.MsgAlloc_PullMsgToInterpret%55
                0x000007d0      0x644
 .text.MsgAlloc_PullMsgToInterpret
                0x000007d0      0x644 build/luos_bootloader/production/_ext/889424443/msg_alloc.o
                0x000007d0                MsgAlloc_PullMsgToInterpret

.text.MsgAlloc_PullMsgFromLuosTask%56
                0x00000e14      0x638
 .text.MsgAlloc_PullMsgFromLuosTask
                0x00000e14      0x638 build/luos_bootloader/production/_ext/889424443/msg_alloc.o
                0x00000e14                MsgAlloc_PullMsgFromLuosTask

.text.MsgAlloc_loop%57
                0x0000144c      0x54c
 .text.MsgAlloc_loop
                0x0000144c      0x54c build/luos_bootloader/production/_ext/889424443/msg_alloc.o
                0x0000144c                MsgAlloc_loop

.text.MsgAlloc_GetTxTask%58
                0x00001998      0x4f0
 .text.MsgAlloc_GetTxTask
                0x00001998      0x4f0 build/luos_bootloader/production/_ext/889424443/msg_alloc.o
                0x00001998                MsgAlloc_GetTxTask

.text.MsgAlloc_LookAtLuosTask%59
                0x00001e88      0x4a0
 .text.MsgAlloc_LookAtLuosTask
                0x00001e88      0x4a0 build/luos_bootloader/production/_ext/889424443/msg_alloc.o
                0x00001e88                MsgAlloc_LookAtLuosTask

.text.MsgAlloc_InvalidMsg%60
                0x00002328      0x48c
 .text.MsgAlloc_InvalidMsg
                0x00002328      0x48c build/luos_bootloader/production/_ext/889424443/msg_alloc.o
                0x00002328                MsgAlloc_InvalidMsg

.text.Luos_MsgHandler%61
                0x000027b4      0x48c
 .text.Luos_MsgHandler
                0x000027b4      0x48c build/luos_bootloader/production/_ext/666661255/luos.o

.text.MsgAlloc_SetTxTask%62
                0x00002c40      0x368
 .text.MsgAlloc_SetTxTask
                0x00002c40      0x368 build/luos_bootloader/production/_ext/889424443/msg_alloc.o
                0x00002c40                MsgAlloc_SetTxTask

.text%63        0x00002fa8      0x348
 .text          0x00002fa8      0x348 c:/program files/microchip/xc32/v3.00/bin/bin/../../lib/gcc/pic32c/8.3.1/thumb/v6-m/nofp\libgcc.a(subsf3.o)
                0x00002fa8                __aeabi_fsub

.dinit%64       0x000032f0      0x290
 .dinit         0x000032f0      0x290 data_init

.text.Luos_Loop%65
                0x00003580      0x25c
 .text.Luos_Loop
                0x00003580      0x25c build/luos_bootloader/production/_ext/666661255/luos.o
                0x00003580                Luos_Loop

.text.MsgAlloc_LuosTaskAlloc%66
                0x000037dc      0x244
 .text.MsgAlloc_LuosTaskAlloc
                0x000037dc      0x244 build/luos_bootloader/production/_ext/889424443/msg_alloc.o
                0x000037dc                MsgAlloc_LuosTaskAlloc

.text%67        0x00003a20      0x22c
 .text          0x00003a20      0x22c c:/program files/microchip/xc32/v3.00/bin/bin/../../lib/gcc/pic32c/8.3.1/thumb/v6-m/nofp\libgcc.a(mulsf3.o)
                0x00003a20                __aeabi_fmul

.text.LuosBootloader_Run%68
                0x00003c4c      0x220
 .text.LuosBootloader_Run
                0x00003c4c      0x220 build/luos_bootloader/production/_ext/666661255/bootloader.o
                0x00003c4c                LuosBootloader_Run

.text.MsgAlloc_PullContainerFromTxTask%69
                0x00003e6c      0x1ec
 .text.MsgAlloc_PullContainerFromTxTask
                0x00003e6c      0x1ec build/luos_bootloader/production/_ext/889424443/msg_alloc.o
                0x00003e6c                MsgAlloc_PullContainerFromTxTask

.text.MsgAlloc_ClearMsgFromLuosTasks%70
                0x00004058      0x1d4
 .text.MsgAlloc_ClearMsgFromLuosTasks
                0x00004058      0x1d4 build/luos_bootloader/production/_ext/889424443/msg_alloc.o
                0x00004058                MsgAlloc_ClearMsgFromLuosTasks

.text.Recep_InterpretMsgProtocol%71
                0x0000422c      0x1b4
 .text.Recep_InterpretMsgProtocol
                0x0000422c      0x1b4 build/luos_bootloader/production/_ext/889424443/reception.o
                0x0000422c                Recep_InterpretMsgProtocol

.text%72        0x000043e0      0x1a4
 .text          0x000043e0      0x1a4 c:/program files/microchip/xc32/v3.00/bin/bin/../../lib/gcc/pic32c/8.3.1/thumb/v6-m/nofp\libgcc.a(_udivmoddi4.o)
                0x000043e0                __udivmoddi4

.text.MsgAlloc_PullMsgFromTxTask%73
                0x00004584      0x1a0
 .text.MsgAlloc_PullMsgFromTxTask
                0x00004584      0x1a0 build/luos_bootloader/production/_ext/889424443/msg_alloc.o
                0x00004584                MsgAlloc_PullMsgFromTxTask

.text.Robus_Loop%74
                0x00004724      0x180
 .text.Robus_Loop
                0x00004724      0x180 build/luos_bootloader/production/_ext/889424443/robus.o
                0x00004724                Robus_Loop

.text.Luos_CreateContainer%75
                0x000048a4      0x160
 .text.Luos_CreateContainer
                0x000048a4      0x160 build/luos_bootloader/production/_ext/666661255/luos.o
                0x000048a4                Luos_CreateContainer

.text.LuosHAL_ComInit%76
                0x00004a04      0x154
 .text.LuosHAL_ComInit
                0x00004a04      0x154 build/luos_bootloader/production/_ext/1463488603/luos_hal.o
                0x00004a04                LuosHAL_ComInit

.text.Recep_NodeConcerned%77
                0x00004b58      0x134
 .text.Recep_NodeConcerned
                0x00004b58      0x134 build/luos_bootloader/production/_ext/889424443/reception.o
                0x00004b58                Recep_NodeConcerned

.text.Luos_ReceiveData%78
                0x00004c8c      0x12c
 .text.Luos_ReceiveData
                0x00004c8c      0x12c build/luos_bootloader/production/_ext/666661255/luos.o
                0x00004c8c                Luos_ReceiveData

.text.LuosHAL_Init%79
                0x00004db8      0x124
 .text.LuosHAL_Init
                0x00004db8      0x124 build/luos_bootloader/production/_ext/1463488603/luos_hal.o
                0x00004db8                LuosHAL_Init

.text.Transmit_Process%80
                0x00004edc      0x124
 .text.Transmit_Process
                0x00004edc      0x124 build/luos_bootloader/production/_ext/889424443/transmission.o
                0x00004edc                Transmit_Process

.text%81        0x00005000      0x114
 .text          0x00005000      0x114 c:/program files/microchip/xc32/v3.00/bin/bin/../../lib/gcc/pic32c/8.3.1/thumb/v6-m/nofp\libgcc.a(_udivsi3.o)
                0x00005000                __aeabi_uidiv
                0x00005000                __udivsi3
                0x0000510c                __aeabi_uidivmod

.text.Robus_SendMsg%82
                0x00005114      0x10c
 .text.Robus_SendMsg
                0x00005114      0x10c build/luos_bootloader/production/_ext/889424443/robus.o
                0x00005114                Robus_SendMsg

.text.Recep_GetConcernedLLContainer%83
                0x00005220       0xe8
 .text.Recep_GetConcernedLLContainer
                0x00005220       0xe8 build/luos_bootloader/production/_ext/889424443/reception.o
                0x00005220                Recep_GetConcernedLLContainer

.text.Recep_GetCollision%84
                0x00005308       0xe8
 .text.Recep_GetCollision
                0x00005308       0xe8 build/luos_bootloader/production/_ext/889424443/reception.o
                0x00005308                Recep_GetCollision

.text.Recep_GetData%85
                0x000053f0       0xd4
 .text.Recep_GetData
                0x000053f0       0xd4 build/luos_bootloader/production/_ext/889424443/reception.o
                0x000053f0                Recep_GetData

.text.Recep_GetHeader%86
                0x000054c4       0xd4
 .text.Recep_GetHeader
                0x000054c4       0xd4 build/luos_bootloader/production/_ext/889424443/reception.o
                0x000054c4                Recep_GetHeader

.text.Luos_SendData%87
                0x00005598       0xd0
 .text.Luos_SendData
                0x00005598       0xd0 build/luos_bootloader/production/_ext/666661255/luos.o
                0x00005598                Luos_SendData

.rodata%88      0x00005668       0xcc
 .rodata        0x00005668       0xcc build/luos_bootloader/production/_ext/666661255/routing_table.o

.text.LuosHAL_ComTransmit%89
                0x00005734       0xa0
 .text.LuosHAL_ComTransmit
                0x00005734       0xa0 build/luos_bootloader/production/_ext/1463488603/luos_hal.o
                0x00005734                LuosHAL_ComTransmit

.text.Robus_DetectNextNodes%90
                0x000057d4       0xa0
 .text.Robus_DetectNextNodes
                0x000057d4       0xa0 build/luos_bootloader/production/_ext/889424443/robus.o

.text.MsgAlloc_Init%91
                0x00005874       0x9c
 .text.MsgAlloc_Init
                0x00005874       0x9c build/luos_bootloader/production/_ext/889424443/msg_alloc.o
                0x00005874                MsgAlloc_Init

.text%92        0x00005910       0x98
 .text          0x00005910       0x98 c:/program files/microchip/xc32/v3.00/bin/bin/../../lib/gcc/pic32c/8.3.1/thumb/v6-m/nofp\libgcc.a(gesf2.o)
                0x00005910                __gesf2
                0x00005910                __gtsf2

.text.SERCOM0_Handler%93
                0x000059a8       0x94
 .text.SERCOM0_Handler
                0x000059a8       0x94 build/luos_bootloader/production/_ext/1463488603/luos_hal.o
                0x000059a8                SERCOM0_Handler

.text%94        0x00005a3c       0x94
 .text          0x00005a3c       0x94 c:/program files/microchip/xc32/v3.00/bin/bin/../../lib/gcc/pic32c/8.3.1/thumb/v6-m/nofp\libgcc.a(lesf2.o)
                0x00005a3c                __ltsf2
                0x00005a3c                __lesf2

.text.__pic32c_data_initialization%95
                0x00005ad0       0x90
 .text.__pic32c_data_initialization
                0x00005ad0       0x90 c:/program files/microchip/xc32/v3.00/bin/bin/../../lib/gcc/pic32c/8.3.1/../../../../pic32c/lib/thumb/v6-m/nofp\libpic32c.a(data_init.o)
                0x00005ad0                __pic32c_data_initialization

.text.LuosHAL_FlashWriteLuosMemoryInfo%96
                0x00005b60       0x8c
 .text.LuosHAL_FlashWriteLuosMemoryInfo
                0x00005b60       0x8c build/luos_bootloader/production/_ext/1463488603/luos_hal.o
                0x00005b60                LuosHAL_FlashWriteLuosMemoryInfo

.text.MsgAlloc_ValidHeader%97
                0x00005bec       0x88
 .text.MsgAlloc_ValidHeader
                0x00005bec       0x88 build/luos_bootloader/production/_ext/889424443/msg_alloc.o
                0x00005bec                MsgAlloc_ValidHeader

.text.Luos_assert%98
                0x00005c74       0x84
 .text.Luos_assert
                0x00005c74       0x84 build/luos_bootloader/production/_ext/666661255/luos_utils.o
                0x00005c74                Luos_assert

.text.LuosHAL_SetPTPDefaultState%99
                0x00005cf8       0x80
 .text.LuosHAL_SetPTPDefaultState
                0x00005cf8       0x80 build/luos_bootloader/production/_ext/1463488603/luos_hal.o
                0x00005cf8                LuosHAL_SetPTPDefaultState

.text.LuosHAL_SetPTPReverseState%100
                0x00005d78       0x7c
 .text.LuosHAL_SetPTPReverseState
                0x00005d78       0x7c build/luos_bootloader/production/_ext/1463488603/luos_hal.o
                0x00005d78                LuosHAL_SetPTPReverseState

.text.LuosHAL_GetPTPState%101
                0x00005df4       0x7c
 .text.LuosHAL_GetPTPState
                0x00005df4       0x7c build/luos_bootloader/production/_ext/1463488603/luos_hal.o
                0x00005df4                LuosHAL_GetPTPState

.text.CLOCK_Initialize%102
                0x00005e70       0x7c
 .text.CLOCK_Initialize
                0x00005e70       0x7c build/luos_bootloader/production/_ext/903266522/plib_clock.o
                0x00005e70                CLOCK_Initialize

.text.compute_crc%103
                0x00005eec       0x7c
 .text.compute_crc
                0x00005eec       0x7c build/luos_bootloader/production/_ext/666661255/bootloader.o
                0x00005eec                compute_crc

.text.RoutingTB_RemoveNode%104
                0x00005f68       0x78
 .text.RoutingTB_RemoveNode
                0x00005f68       0x78 build/luos_bootloader/production/_ext/666661255/routing_table.o
                0x00005f68                RoutingTB_RemoveNode

.text%105       0x00005fe0       0x74
 .text          0x00005fe0       0x74 c:/program files/microchip/xc32/v3.00/bin/bin/../../lib/gcc/pic32c/8.3.1/thumb/v6-m/nofp\libgcc.a(_arm_cmpsf2.o)
                0x00005fe0                __aeabi_cfrcmple
                0x00005fe8                __aeabi_cfcmpeq
                0x00005fe8                __aeabi_cfcmple
                0x00005ff8                __aeabi_fcmpeq
                0x00006004                __aeabi_fcmplt
                0x00006018                __aeabi_fcmple
                0x0000602c                __aeabi_fcmpgt
                0x00006040                __aeabi_fcmpge

.text.RoutingTB_RemoveOnRoutingTable%106
                0x00006054       0x6c
 .text.RoutingTB_RemoveOnRoutingTable
                0x00006054       0x6c build/luos_bootloader/production/_ext/666661255/routing_table.o
                0x00006054                RoutingTB_RemoveOnRoutingTable

.text.LuosHAL_ProgramFlash%107
                0x000060c0       0x60
 .text.LuosHAL_ProgramFlash
                0x000060c0       0x60 build/luos_bootloader/production/_ext/1463488603/luos_hal.o
                0x000060c0                LuosHAL_ProgramFlash

.text.PortMng_PokePort%108
                0x00006120       0x60
 .text.PortMng_PokePort
                0x00006120       0x60 build/luos_bootloader/production/_ext/889424443/port_manager.o
                0x00006120                PortMng_PokePort

.text.Robus_ContainerCreate%109
                0x00006180       0x60
 .text.Robus_ContainerCreate
                0x00006180       0x60 build/luos_bootloader/production/_ext/889424443/robus.o
                0x00006180                Robus_ContainerCreate

.text.Transmit_End%110
                0x000061e0       0x5c
 .text.Transmit_End
                0x000061e0       0x5c build/luos_bootloader/production/_ext/889424443/transmission.o
                0x000061e0                Transmit_End

.text.Luos_SaveAlias%111
                0x0000623c       0x5c
 .text.Luos_SaveAlias
                0x0000623c       0x5c build/luos_bootloader/production/_ext/666661255/luos.o

.text.RoutingTB_ConvertContainerToRoutingTable%112
                0x00006298       0x56
 .text.RoutingTB_ConvertContainerToRoutingTable
                0x00006298       0x56 build/luos_bootloader/production/_ext/666661255/routing_table.o
                0x00006298                RoutingTB_ConvertContainerToRoutingTable

.text.PortMng_PokeNextPort%113
                0x000062f0       0x54
 .text.PortMng_PokeNextPort
                0x000062f0       0x54 build/luos_bootloader/production/_ext/889424443/port_manager.o
                0x000062f0                PortMng_PokeNextPort

.text.Robus_Init%114
                0x00006344       0x54
 .text.Robus_Init
                0x00006344       0x54 build/luos_bootloader/production/_ext/889424443/robus.o
                0x00006344                Robus_Init

.text.RoutingTB_ComputeRoutingTableEntryNB%115
                0x00006398       0x50
 .text.RoutingTB_ComputeRoutingTableEntryNB
                0x00006398       0x50 build/luos_bootloader/production/_ext/666661255/routing_table.o
                0x00006398                RoutingTB_ComputeRoutingTableEntryNB

.text%116       0x000063e8       0x98
 .text          0x000063e8       0x50 c:/program files/microchip/xc32/v3.00/bin/bin/../../lib/gcc/pic32c/8.3.1/thumb/v6-m/nofp\libgcc.a(eqsf2.o)
                0x000063e8                __eqsf2
                0x000063e8                __nesf2
 .text          0x00006438       0x48 c:/program files/microchip/xc32/v3.00/bin/bin/../../lib/gcc/pic32c/8.3.1/thumb/v6-m/nofp/crtbegin.o

.text.LuosHAL_SetTxState%118
                0x00006480       0x48
 .text.LuosHAL_SetTxState
                0x00006480       0x48 build/luos_bootloader/production/_ext/1463488603/luos_hal.o
                0x00006480                LuosHAL_SetTxState

.text.Reset_Handler%119
                0x000064c8       0x48
 .text.Reset_Handler
                0x000064c8       0x48 build/luos_bootloader/production/_ext/1137593668/startup_xc32.o
                0x000064c8                Reset_Handler

.text.PortMng_PtpHandler%120
                0x00006510       0x48
 .text.PortMng_PtpHandler
                0x00006510       0x48 build/luos_bootloader/production/_ext/889424443/port_manager.o
                0x00006510                PortMng_PtpHandler

.text.__libc_init_array%121
                0x00006558       0x48
 .text.__libc_init_array
                0x00006558       0x48 c:/program files/microchip/xc32/v3.00/bin/bin/../../lib/gcc/pic32c/8.3.1/../../../../pic32c/lib/thumb/v6-m/nofp\libc_nano.a(lib_a-init.o)
                0x00006558                __libc_init_array

.text.LuosHAL_ResetTimeout%122
                0x000065a0       0x44
 .text.LuosHAL_ResetTimeout
                0x000065a0       0x44 build/luos_bootloader/production/_ext/1463488603/luos_hal.o
                0x000065a0                LuosHAL_ResetTimeout

.text.LuosHAL_PushPTP%123
                0x000065e4       0x40
 .text.LuosHAL_PushPTP
                0x000065e4       0x40 build/luos_bootloader/production/_ext/1463488603/luos_hal.o
                0x000065e4                LuosHAL_PushPTP

.text.PortMng_Init%124
                0x00006624       0x40
 .text.PortMng_Init
                0x00006624       0x40 build/luos_bootloader/production/_ext/889424443/port_manager.o
                0x00006624                PortMng_Init

.text.LuosBootloader_SendResponse%125
                0x00006664       0x40
 .text.LuosBootloader_SendResponse
                0x00006664       0x40 build/luos_bootloader/production/_ext/666661255/bootloader.o

.text.LuosBootloader_MsgHandler%126
                0x000066a4       0x40
 .text.LuosBootloader_MsgHandler
                0x000066a4       0x40 build/luos_bootloader/production/_ext/666661255/bootloader.o
                0x000066a4                LuosBootloader_MsgHandler

.text%127       0x000066e4       0x40
 .text          0x000066e4       0x40 c:/program files/microchip/xc32/v3.00/bin/bin/../../lib/gcc/pic32c/8.3.1/thumb/v6-m/nofp\libgcc.a(_aeabi_uldivmod.o)
                0x000066e4                __aeabi_uldivmod

.rodata%128     0x00006724       0x40
 .rodata        0x00006724       0x40 c:/program files/microchip/xc32/v3.00/bin/bin/../../lib/gcc/pic32c/8.3.1/thumb/v6-m/nofp\libgcc.a(mulsf3.o)

.text%129       0x00006764       0x40
 .text          0x00006764       0x40 c:/program files/microchip/xc32/v3.00/bin/bin/../../lib/gcc/pic32c/8.3.1/thumb/v6-m/nofp\libgcc.a(fixsfsi.o)
                0x00006764                __aeabi_f2iz

.text.TC3_Handler%130
                0x000067a4       0x3c
 .text.TC3_Handler
                0x000067a4       0x3c build/luos_bootloader/production/_ext/1463488603/luos_hal.o
                0x000067a4                TC3_Handler

.text.EIC_Handler%131
                0x000067e0       0x3c
 .text.EIC_Handler
                0x000067e0       0x3c build/luos_bootloader/production/_ext/1463488603/luos_hal.o
                0x000067e0                EIC_Handler

.text.Recep_Timeout%132
                0x0000681c       0x3c
 .text.Recep_Timeout
                0x0000681c       0x3c build/luos_bootloader/production/_ext/889424443/reception.o
                0x0000681c                Recep_Timeout

.text%133       0x00006858       0x3c
 .text          0x00006858       0x3c c:/program files/microchip/xc32/v3.00/bin/bin/../../lib/gcc/pic32c/8.3.1/thumb/v6-m/nofp\libgcc.a(_clzsi2.o)
                0x00006858                __clzsi2

.text.Recep_Reset%134
                0x00006894       0x38
 .text.Recep_Reset
                0x00006894       0x38 build/luos_bootloader/production/_ext/889424443/reception.o
                0x00006894                Recep_Reset

.text.LuosHAL_EraseMemory%135
                0x000068cc       0x34
 .text.LuosHAL_EraseMemory
                0x000068cc       0x34 build/luos_bootloader/production/_ext/1463488603/luos_hal.o
                0x000068cc                LuosHAL_EraseMemory

.text.Luos_SendMsg%136
                0x00006900       0x34
 .text.Luos_SendMsg
                0x00006900       0x34 build/luos_bootloader/production/_ext/666661255/luos.o
                0x00006900                Luos_SendMsg

.text.crc8%137  0x00006934       0x32
 .text.crc8     0x00006934       0x32 build/luos_bootloader/production/_ext/666661255/bootloader.o
                0x00006934                crc8

.text.LuosHAL_SetMode%138
                0x00006968       0x30
 .text.LuosHAL_SetMode
                0x00006968       0x30 build/luos_bootloader/production/_ext/1463488603/luos_hal.o
                0x00006968                LuosHAL_SetMode

.rodata%139     0x00006998       0x30
 .rodata        0x00006998       0x30 build/luos_bootloader/production/_ext/889424443/msg_alloc.o

.text.Recep_CatchAck%140
                0x000069c8       0x30
 .text.Recep_CatchAck
                0x000069c8       0x30 build/luos_bootloader/production/_ext/889424443/reception.o
                0x000069c8                Recep_CatchAck

.text.Trgt_MulticastTargetBank%141
                0x000069f8       0x30
 .text.Trgt_MulticastTargetBank
                0x000069f8       0x30 build/luos_bootloader/production/_ext/889424443/target.o
                0x000069f8                Trgt_MulticastTargetBank

.rodata.Luos_Loop%142
                0x00006a28       0x30
 .rodata.Luos_Loop
                0x00006a28       0x30 build/luos_bootloader/production/_ext/666661255/luos.o

.text%143       0x00006a58       0x30
 .text          0x00006a58       0x30 c:/program files/microchip/xc32/v3.00/bin/bin/../../lib/gcc/pic32c/8.3.1/thumb/v6-m/nofp\libgcc.a(_fixunssfsi.o)
                0x00006a58                __fixunssfsi
                0x00006a58                __aeabi_f2uiz

.text.LuosHAL_ComputeCRC%144
                0x00006a88       0x2e
 .text.LuosHAL_ComputeCRC
                0x00006a88       0x2e build/luos_bootloader/production/_ext/1463488603/luos_hal.o
                0x00006a88                LuosHAL_ComputeCRC

.text.LuosHAL_SetRxState%145
                0x00006ab8       0x2c
 .text.LuosHAL_SetRxState
                0x00006ab8       0x2c build/luos_bootloader/production/_ext/1463488603/luos_hal.o
                0x00006ab8                LuosHAL_SetRxState

.text.MsgAlloc_GetLuosTaskSize%146
                0x00006ae4       0x2c
 .text.MsgAlloc_GetLuosTaskSize
                0x00006ae4       0x2c build/luos_bootloader/production/_ext/889424443/msg_alloc.o
                0x00006ae4                MsgAlloc_GetLuosTaskSize

.text.LuosHAL_JumpToApp%147
                0x00006b10       0x28
 .text.LuosHAL_JumpToApp
                0x00006b10       0x28 build/luos_bootloader/production/_ext/1463488603/luos_hal.o
                0x00006b10                LuosHAL_JumpToApp

.text.LuosHAL_Reboot%148
                0x00006b38       0x28
 .text.LuosHAL_Reboot
                0x00006b38       0x28 build/luos_bootloader/production/_ext/1463488603/luos_hal.o
                0x00006b38                LuosHAL_Reboot

.text.MsgAlloc_GetLuosTaskCmd%149
                0x00006b60       0x28
 .text.MsgAlloc_GetLuosTaskCmd
                0x00006b60       0x28 build/luos_bootloader/production/_ext/889424443/msg_alloc.o
                0x00006b60                MsgAlloc_GetLuosTaskCmd

.text.PortMng_Reset%150
                0x00006b88       0x28
 .text.PortMng_Reset
                0x00006b88       0x28 build/luos_bootloader/production/_ext/889424443/port_manager.o

.text.Transmit_GetLockStatus%151
                0x00006bb0       0x28
 .text.Transmit_GetLockStatus
                0x00006bb0       0x28 build/luos_bootloader/production/_ext/889424443/transmission.o

.text.RoutingTB_Erase%152
                0x00006bd8       0x28
 .text.RoutingTB_Erase
                0x00006bd8       0x28 build/luos_bootloader/production/_ext/666661255/routing_table.o
                0x00006bd8                RoutingTB_Erase

.text.LuosHAL_GetTxLockState%153
                0x00006c00       0x24
 .text.LuosHAL_GetTxLockState
                0x00006c00       0x24 build/luos_bootloader/production/_ext/1463488603/luos_hal.o
                0x00006c00                LuosHAL_GetTxLockState

.text.SYS_Initialize%154
                0x00006c24       0x24
 .text.SYS_Initialize
                0x00006c24       0x24 build/luos_bootloader/production/_ext/1137593668/initialization.o
                0x00006c24                SYS_Initialize

.text.Boot_Init%155
                0x00006c48       0x24
 .text.Boot_Init
                0x00006c48       0x24 build/luos_bootloader/production/_ext/666661255/boot.o
                0x00006c48                Boot_Init

.rodata.Luos_MsgHandler%156
                0x00006c6c       0x24
 .rodata.Luos_MsgHandler
                0x00006c6c       0x24 build/luos_bootloader/production/_ext/666661255/luos.o

.rodata%157     0x00006c90       0x24
 .rodata        0x00006c90       0x24 build/luos_bootloader/production/_ext/666661255/luos.o

.text.RoutingTB_ConvertNodeToRoutingTable%158
                0x00006cb4       0x1e
 .text.RoutingTB_ConvertNodeToRoutingTable
                0x00006cb4       0x1e build/luos_bootloader/production/_ext/666661255/routing_table.o
                0x00006cb4                RoutingTB_ConvertNodeToRoutingTable

.rodata.Recep_GetConcernedLLContainer%159
                0x00006cd4       0x1c
 .rodata.Recep_GetConcernedLLContainer
                0x00006cd4       0x1c build/luos_bootloader/production/_ext/889424443/reception.o

.rodata.Recep_NodeConcerned%160
                0x00006cf0       0x1c
 .rodata.Recep_NodeConcerned
                0x00006cf0       0x1c build/luos_bootloader/production/_ext/889424443/reception.o

.rodata.Recep_InterpretMsgProtocol%161
                0x00006d0c       0x1c
 .rodata.Recep_InterpretMsgProtocol
                0x00006d0c       0x1c build/luos_bootloader/production/_ext/889424443/reception.o

.text.Transmit_SendAck%162
                0x00006d28       0x1c
 .text.Transmit_SendAck
                0x00006d28       0x1c build/luos_bootloader/production/_ext/889424443/transmission.o
                0x00006d28                Transmit_SendAck

.text.Luos_Init%163
                0x00006d44       0x1c
 .text.Luos_Init
                0x00006d44       0x1c build/luos_bootloader/production/_ext/666661255/luos.o
                0x00006d44                Luos_Init

.text.Robus_SetNodeID%164
                0x00006d60       0x18
 .text.Robus_SetNodeID
                0x00006d60       0x18 build/luos_bootloader/production/_ext/889424443/robus.o
                0x00006d60                Robus_SetNodeID

.rodata.LuosBootloader_Run%165
                0x00006d78       0x18
 .rodata.LuosBootloader_Run
                0x00006d78       0x18 build/luos_bootloader/production/_ext/666661255/bootloader.o

.text%166       0x00006d90       0x18
 .text          0x00006d90       0x18 c:/program files/microchip/xc32/v3.00/bin/bin/../../lib/gcc/pic32c/8.3.1/thumb/v6-m/nofp\libgcc.a(_clzdi2.o)
                0x00006d90                __clzdi2

.text.LuosHAL_Delay%167
                0x00006da8       0x14
 .text.LuosHAL_Delay
                0x00006da8       0x14 build/luos_bootloader/production/_ext/1463488603/luos_hal.o
                0x00006da8                LuosHAL_Delay

.text.MsgAlloc_SetData%168
                0x00006dbc       0x14
 .text.MsgAlloc_SetData
                0x00006dbc       0x14 build/luos_bootloader/production/_ext/889424443/msg_alloc.o
                0x00006dbc                MsgAlloc_SetData

.text.MsgAlloc_TxAllComplete%169
                0x00006dd0       0x14
 .text.MsgAlloc_TxAllComplete
                0x00006dd0       0x14 build/luos_bootloader/production/_ext/889424443/msg_alloc.o
                0x00006dd0                MsgAlloc_TxAllComplete

.text.Recep_Init%170
                0x00006de4       0x14
 .text.Recep_Init
                0x00006de4       0x14 build/luos_bootloader/production/_ext/889424443/reception.o
                0x00006de4                Recep_Init

.text.memcpy%171
                0x00006df8       0x12
 .text.memcpy   0x00006df8       0x12 c:/program files/microchip/xc32/v3.00/bin/bin/../../lib/gcc/pic32c/8.3.1/../../../../pic32c/lib/thumb/v6-m/nofp\libc_nano.a(lib_a-memcpy-stub.o)
                0x00006df8                memcpy

.text.SysTick_Handler%172
                0x00006e0c       0x10
 .text.SysTick_Handler
                0x00006e0c       0x10 build/luos_bootloader/production/_ext/1463488603/luos_hal.o
                0x00006e0c                SysTick_Handler

.text.LuosHAL_FlashReadLuosMemoryInfo%173
                0x00006e1c       0x10
 .text.LuosHAL_FlashReadLuosMemoryInfo
                0x00006e1c       0x10 build/luos_bootloader/production/_ext/1463488603/luos_hal.o
                0x00006e1c                LuosHAL_FlashReadLuosMemoryInfo

.text.main%174  0x00006e2c       0x10
 .text.main     0x00006e2c       0x10 build/luos_bootloader/production/_ext/1360937237/main.o
                0x00006e2c                main

.text.memset%175
                0x00006e3c       0x10
 .text.memset   0x00006e3c       0x10 c:/program files/microchip/xc32/v3.00/bin/bin/../../lib/gcc/pic32c/8.3.1/../../../../pic32c/lib/thumb/v6-m/nofp\libc_nano.a(lib_a-memset.o)
                0x00006e3c                memset

.text%176       0x00006e4c        0xe
 .text          0x00006e4c        0xe c:/program files/microchip/xc32/v3.00/bin/bin/../../lib/gcc/pic32c/8.3.1/../../../../pic32c/lib/thumb/v6-m/nofp\libc_nano.a(lib_a-strlen.o)
                0x00006e4c                strlen

.text.LuosHAL_SetIrqState%177
                0x00006e5a        0xc
 .text.LuosHAL_SetIrqState
                0x00006e5a        0xc build/luos_bootloader/production/_ext/1463488603/luos_hal.o
                0x00006e5a                LuosHAL_SetIrqState

.text.LuosHAL_GetSystick%178
                0x00006e68        0xc
 .text.LuosHAL_GetSystick
                0x00006e68        0xc build/luos_bootloader/production/_ext/1463488603/luos_hal.o
                0x00006e68                LuosHAL_GetSystick

.text.LuosHAL_GetNodeID%179
                0x00006e74        0xc
 .text.LuosHAL_GetNodeID
                0x00006e74        0xc build/luos_bootloader/production/_ext/1463488603/luos_hal.o
                0x00006e74                LuosHAL_GetNodeID

.text.NVMCTRL_Initialize%180
                0x00006e80        0xc
 .text.NVMCTRL_Initialize
                0x00006e80        0xc build/luos_bootloader/production/_ext/1001328808/plib_nvmctrl.o
                0x00006e80                NVMCTRL_Initialize

.text.MsgAlloc_UsedMsgEnd%181
                0x00006e8c        0xc
 .text.MsgAlloc_UsedMsgEnd
                0x00006e8c        0xc build/luos_bootloader/production/_ext/889424443/msg_alloc.o