Archive member included to satisfy reference by file (symbol)

.pio\build\l0\lib358\libLuos.a(luos.o)
                              .pio\build\l0\src\main.o (Luos_Run)
.pio\build\l0\lib358\libLuos.a(luos_utils.o)
                              .pio\build\l0\lib358\libLuos.a(luos.o) (Luos_assert)
.pio\build\l0\lib358\libLuos.a(routing_table.o)
                              .pio\build\l0\lib358\libLuos.a(luos.o) (RoutingTB_ComputeRoutingTableEntryNB)
.pio\build\l0\lib358\libLuos.a(streaming.o)
                              .pio\build\l0\lib358\libLuos.a(luos.o) (Stream_GetAvailableSampleNB)
.pio\build\l0\lib358\libLuos.a(bootloader_core.o)
                              .pio\build\l0\lib358\libLuos.a(luos.o) (LuosBootloader_Init)
.pio\build\l0\lib358\libLuos.a(msg_alloc.o)
                              .pio\build\l0\lib358\libLuos.a(luos_utils.o) (MsgAlloc_Init)
.pio\build\l0\lib358\libLuos.a(port_manager.o)
                              .pio\build\l0\lib358\libLuos.a(luos_utils.o) (PortMng_Init)
.pio\build\l0\lib358\libLuos.a(robus.o)
                              .pio\build\l0\lib358\libLuos.a(luos.o) (Robus_Init)
.pio\build\l0\lib358\libLuos.a(transmission.o)
                              .pio\build\l0\lib358\libLuos.a(robus.o) (Transmit_Process)
.pio\build\l0\lib358\libLuos.a(reception.o)
                              .pio\build\l0\lib358\libLuos.a(robus.o) (Recep_Init)
.pio\build\l0\lib358\libLuos.a(target.o)
                              .pio\build\l0\lib358\libLuos.a(reception.o) (Trgt_MulticastTargetBank)
c:/users/nicol/.platformio/packages/toolchain-gccarmnoneeabi/bin/../lib/gcc/arm-none-eabi/7.2.1/../../../../arm-none-eabi/lib/thumb/v6-m\libc_nano.a(lib_a-exit.o)
                              c:/users/nicol/.platformio/packages/toolchain-gccarmnoneeabi/bin/../lib/gcc/arm-none-eabi/7.2.1/../../../../arm-none-eabi/lib/thumb/v6-m/crt0.o (exit)
c:/users/nicol/.platformio/packages/toolchain-gccarmnoneeabi/bin/../lib/gcc/arm-none-eabi/7.2.1/../../../../arm-none-eabi/lib/thumb/v6-m\libc_nano.a(lib_a-impure.o)
                              c:/users/nicol/.platformio/packages/toolchain-gccarmnoneeabi/bin/../lib/gcc/arm-none-eabi/7.2.1/../../../../arm-none-eabi/lib/thumb/v6-m\libc_nano.a(lib_a-exit.o) (_global_impure_ptr)
c:/users/nicol/.platformio/packages/toolchain-gccarmnoneeabi/bin/../lib/gcc/arm-none-eabi/7.2.1/../../../../arm-none-eabi/lib/thumb/v6-m\libc_nano.a(lib_a-init.o)
                              c:/users/nicol/.platformio/packages/toolchain-gccarmnoneeabi/bin/../lib/gcc/arm-none-eabi/7.2.1/../../../../arm-none-eabi/lib/thumb/v6-m/crt0.o (__libc_init_array)
c:/users/nicol/.platformio/packages/toolchain-gccarmnoneeabi/bin/../lib/gcc/arm-none-eabi/7.2.1/../../../../arm-none-eabi/lib/thumb/v6-m\libc_nano.a(lib_a-memcpy-stub.o)
                              .pio\build\l0\FrameworkHALDriver\Src\stm32f0xx_hal_rcc.o (memcpy)
c:/users/nicol/.platformio/packages/toolchain-gccarmnoneeabi/bin/../lib/gcc/arm-none-eabi/7.2.1/../../../../arm-none-eabi/lib/thumb/v6-m\libc_nano.a(lib_a-memset.o)
                              c:/users/nicol/.platformio/packages/toolchain-gccarmnoneeabi/bin/../lib/gcc/arm-none-eabi/7.2.1/../../../../arm-none-eabi/lib/thumb/v6-m/crt0.o (memset)
c:/users/nicol/.platformio/packages/toolchain-gccarmnoneeabi/bin/../lib/gcc/arm-none-eabi/7.2.1/../../../../arm-none-eabi/lib/thumb/v6-m\libc_nano.a(lib_a-sprintf.o)
                              .pio\build\l0\lib358\libLuos.a(routing_table.o) (sprintf)
c:/users/nicol/.platformio/packages/toolchain-gccarmnoneeabi/bin/../lib/gcc/arm-none-eabi/7.2.1/../../../../arm-none-eabi/lib/thumb/v6-m\libc_nano.a(lib_a-strcmp.o)
                              .pio\build\l0\lib358\libLuos.a(routing_table.o) (strcmp)
c:/users/nicol/.platformio/packages/toolchain-gccarmnoneeabi/bin/../lib/gcc/arm-none-eabi/7.2.1/../../../../arm-none-eabi/lib/thumb/v6-m\libc_nano.a(lib_a-strlen.o)
                              .pio\build\l0\lib358\libLuos.a(luos_utils.o) (strlen)
c:/users/nicol/.platformio/packages/toolchain-gccarmnoneeabi/bin/../lib/gcc/arm-none-eabi/7.2.1/../../../../arm-none-eabi/lib/thumb/v6-m\libc_nano.a(lib_a-nano-svfprintf.o)
                              c:/users/nicol/.platformio/packages/toolchain-gccarmnoneeabi/bin/../lib/gcc/arm-none-eabi/7.2.1/../../../../arm-none-eabi/lib/thumb/v6-m\libc_nano.a(lib_a-sprintf.o) (_svfprintf_r)
c:/users/nicol/.platformio/packages/toolchain-gccarmnoneeabi/bin/../lib/gcc/arm-none-eabi/7.2.1/../../../../arm-none-eabi/lib/thumb/v6-m\libc_nano.a(lib_a-nano-vfprintf_i.o)
                              c:/users/nicol/.platformio/packages/toolchain-gccarmnoneeabi/bin/../lib/gcc/arm-none-eabi/7.2.1/../../../../arm-none-eabi/lib/thumb/v6-m\libc_nano.a(lib_a-nano-svfprintf.o) (_printf_i)
c:/users/nicol/.platformio/packages/toolchain-gccarmnoneeabi/bin/../lib/gcc/arm-none-eabi/7.2.1/../../../../arm-none-eabi/lib/thumb/v6-m\libc_nano.a(lib_a-memchr-stub.o)
[...]
Memory Configuration

Name             Origin             Length             Attributes
RAM              0x20000000         0x00004000         xrw
FLASH            0x08000000         0x0000c000         xr
SHRD_MEM         0x0800c000         0x00000800         xr
*default*        0x00000000         0xffffffff

Linker script and memory map

LOAD c:/users/nicol/.platformio/packages/toolchain-gccarmnoneeabi/bin/../lib/gcc/arm-none-eabi/7.2.1/thumb/v6-m/crti.o
LOAD c:/users/nicol/.platformio/packages/toolchain-gccarmnoneeabi/bin/../lib/gcc/arm-none-eabi/7.2.1/thumb/v6-m/crtbegin.o
LOAD c:/users/nicol/.platformio/packages/toolchain-gccarmnoneeabi/bin/../lib/gcc/arm-none-eabi/7.2.1/../../../../arm-none-eabi/lib/thumb/v6-m/crt0.o
LOAD .pio\build\l0\FrameworkHALDriver\Src\stm32f0xx_hal.o
LOAD .pio\build\l0\FrameworkHALDriver\Src\stm32f0xx_hal_adc.o
LOAD .pio\build\l0\FrameworkHALDriver\Src\stm32f0xx_hal_adc_ex.o
LOAD .pio\build\l0\FrameworkHALDriver\Src\stm32f0xx_hal_can.o
LOAD .pio\build\l0\FrameworkHALDriver\Src\stm32f0xx_hal_cec.o
LOAD .pio\build\l0\FrameworkHALDriver\Src\stm32f0xx_hal_comp.o
LOAD .pio\build\l0\FrameworkHALDriver\Src\stm32f0xx_hal_cortex.o
LOAD .pio\build\l0\FrameworkHALDriver\Src\stm32f0xx_hal_crc.o
LOAD .pio\build\l0\FrameworkHALDriver\Src\stm32f0xx_hal_crc_ex.o
LOAD .pio\build\l0\FrameworkHALDriver\Src\stm32f0xx_hal_dac.o
LOAD .pio\build\l0\FrameworkHALDriver\Src\stm32f0xx_hal_dac_ex.o
LOAD .pio\build\l0\FrameworkHALDriver\Src\stm32f0xx_hal_dma.o
LOAD .pio\build\l0\FrameworkHALDriver\Src\stm32f0xx_hal_exti.o
LOAD .pio\build\l0\FrameworkHALDriver\Src\stm32f0xx_hal_flash.o
LOAD .pio\build\l0\FrameworkHALDriver\Src\stm32f0xx_hal_flash_ex.o
LOAD .pio\build\l0\FrameworkHALDriver\Src\stm32f0xx_hal_gpio.o
LOAD .pio\build\l0\FrameworkHALDriver\Src\stm32f0xx_hal_i2c.o
LOAD .pio\build\l0\FrameworkHALDriver\Src\stm32f0xx_hal_i2c_ex.o
LOAD .pio\build\l0\FrameworkHALDriver\Src\stm32f0xx_hal_i2s.o
LOAD .pio\build\l0\FrameworkHALDriver\Src\stm32f0xx_hal_irda.o
LOAD .pio\build\l0\FrameworkHALDriver\Src\stm32f0xx_hal_iwdg.o
LOAD .pio\build\l0\FrameworkHALDriver\Src\stm32f0xx_hal_pcd.o
LOAD .pio\build\l0\FrameworkHALDriver\Src\stm32f0xx_hal_pcd_ex.o
LOAD .pio\build\l0\FrameworkHALDriver\Src\stm32f0xx_hal_pwr.o
LOAD .pio\build\l0\FrameworkHALDriver\Src\stm32f0xx_hal_pwr_ex.o
LOAD .pio\build\l0\FrameworkHALDriver\Src\stm32f0xx_hal_rcc.o
LOAD .pio\build\l0\FrameworkHALDriver\Src\stm32f0xx_hal_rcc_ex.o
LOAD .pio\build\l0\FrameworkHALDriver\Src\stm32f0xx_hal_rtc.o
LOAD .pio\build\l0\FrameworkHALDriver\Src\stm32f0xx_hal_rtc_ex.o
LOAD .pio\build\l0\FrameworkHALDriver\Src\stm32f0xx_hal_smartcard.o
LOAD .pio\build\l0\FrameworkHALDriver\Src\stm32f0xx_hal_smartcard_ex.o
LOAD .pio\build\l0\FrameworkHALDriver\Src\stm32f0xx_hal_smbus.o
LOAD .pio\build\l0\FrameworkHALDriver\Src\stm32f0xx_hal_spi.o
LOAD .pio\build\l0\FrameworkHALDriver\Src\stm32f0xx_hal_spi_ex.o
LOAD .pio\build\l0\FrameworkHALDriver\Src\stm32f0xx_hal_tim.o
LOAD .pio\build\l0\FrameworkHALDriver\Src\stm32f0xx_hal_tim_ex.o
LOAD .pio\build\l0\FrameworkHALDriver\Src\stm32f0xx_hal_tsc.o
LOAD .pio\build\l0\FrameworkHALDriver\Src\stm32f0xx_hal_uart.o
LOAD .pio\build\l0\FrameworkHALDriver\Src\stm32f0xx_hal_uart_ex.o
LOAD .pio\build\l0\FrameworkHALDriver\Src\stm32f0xx_hal_usart.o
LOAD .pio\build\l0\FrameworkHALDriver\Src\stm32f0xx_hal_usart_ex.o
LOAD .pio\build\l0\FrameworkHALDriver\Src\stm32f0xx_hal_wwdg.o
LOAD .pio\build\l0\FrameworkHALDriver\Src\stm32f0xx_ll_adc.o
LOAD .pio\build\l0\FrameworkHALDriver\Src\stm32f0xx_ll_comp.o
LOAD .pio\build\l0\FrameworkHALDriver\Src\stm32f0xx_ll_crc.o
LOAD .pio\build\l0\FrameworkHALDriver\Src\stm32f0xx_ll_crs.o
LOAD .pio\build\l0\FrameworkHALDriver\Src\stm32f0xx_ll_dac.o
LOAD .pio\build\l0\FrameworkHALDriver\Src\stm32f0xx_ll_dma.o
LOAD .pio\build\l0\FrameworkHALDriver\Src\stm32f0xx_ll_exti.o
LOAD .pio\build\l0\FrameworkHALDriver\Src\stm32f0xx_ll_gpio.o
LOAD .pio\build\l0\FrameworkHALDriver\Src\stm32f0xx_ll_i2c.o
LOAD .pio\build\l0\FrameworkHALDriver\Src\stm32f0xx_ll_pwr.o
LOAD .pio\build\l0\FrameworkHALDriver\Src\stm32f0xx_ll_rcc.o
LOAD .pio\build\l0\FrameworkHALDriver\Src\stm32f0xx_ll_rtc.o
LOAD .pio\build\l0\FrameworkHALDriver\Src\stm32f0xx_ll_spi.o
LOAD .pio\build\l0\FrameworkHALDriver\Src\stm32f0xx_ll_tim.o
LOAD .pio\build\l0\FrameworkHALDriver\Src\stm32f0xx_ll_usart.o
LOAD .pio\build\l0\FrameworkHALDriver\Src\stm32f0xx_ll_usb.o
LOAD .pio\build\l0\FrameworkHALDriver\Src\stm32f0xx_ll_utils.o
LOAD .pio\build\l0\src\gpio.o
LOAD .pio\build\l0\src\main.o
LOAD .pio\build\l0\src\stm32f0xx_hal_msp.o
LOAD .pio\build\l0\src\stm32f0xx_it.o
LOAD .pio\build\l0\src\system_stm32f0xx.o
LOAD .pio\build\l0\src\usart.o
START GROUP
LOAD .pio\build\l0\lib0e6\libLuosHAL.a
LOAD .pio\build\l0\lib358\libLuos.a
LOAD c:/users/nicol/.platformio/packages/toolchain-gccarmnoneeabi/bin/../lib/gcc/arm-none-eabi/7.2.1/../../../../arm-none-eabi/lib/thumb/v6-m\libc_nano.a
LOAD c:/users/nicol/.platformio/packages/toolchain-gccarmnoneeabi/bin/../lib/gcc/arm-none-eabi/7.2.1/thumb/v6-m\libgcc.a
LOAD c:/users/nicol/.platformio/packages/toolchain-gccarmnoneeabi/bin/../lib/gcc/arm-none-eabi/7.2.1/../../../../arm-none-eabi/lib/thumb/v6-m\libm.a
LOAD c:/users/nicol/.platformio/packages/toolchain-gccarmnoneeabi/bin/../lib/gcc/arm-none-eabi/7.2.1/../../../../arm-none-eabi/lib/thumb/v6-m\libstdc++_nano.a
LOAD c:/users/nicol/.platformio/packages/toolchain-gccarmnoneeabi/bin/../lib/gcc/arm-none-eabi/7.2.1/../../../../arm-none-eabi/lib/thumb/v6-m\libnosys.a
LOAD .pio\build\l0\libFrameworkCMSISDevice.a
END GROUP
START GROUP
LOAD c:/users/nicol/.platformio/packages/toolchain-gccarmnoneeabi/bin/../lib/gcc/arm-none-eabi/7.2.1/thumb/v6-m\libgcc.a
LOAD c:/users/nicol/.platformio/packages/toolchain-gccarmnoneeabi/bin/../lib/gcc/arm-none-eabi/7.2.1/../../../../arm-none-eabi/lib/thumb/v6-m\libc_nano.a
END GROUP
START GROUP
LOAD c:/users/nicol/.platformio/packages/toolchain-gccarmnoneeabi/bin/../lib/gcc/arm-none-eabi/7.2.1/thumb/v6-m\libgcc.a
LOAD c:/users/nicol/.platformio/packages/toolchain-gccarmnoneeabi/bin/../lib/gcc/arm-none-eabi/7.2.1/../../../../arm-none-eabi/lib/thumb/v6-m\libc_nano.a
LOAD c:/users/nicol/.platformio/packages/toolchain-gccarmnoneeabi/bin/../lib/gcc/arm-none-eabi/7.2.1/../../../../arm-none-eabi/lib/thumb/v6-m\libnosys.a
END GROUP
START GROUP
LOAD c:/users/nicol/.platformio/packages/toolchain-gccarmnoneeabi/bin/../lib/gcc/arm-none-eabi/7.2.1/thumb/v6-m\libgcc.a
LOAD c:/users/nicol/.platformio/packages/toolchain-gccarmnoneeabi/bin/../lib/gcc/arm-none-eabi/7.2.1/../../../../arm-none-eabi/lib/thumb/v6-m\libc_nano.a
LOAD c:/users/nicol/.platformio/packages/toolchain-gccarmnoneeabi/bin/../lib/gcc/arm-none-eabi/7.2.1/../../../../arm-none-eabi/lib/thumb/v6-m\libnosys.a
END GROUP
LOAD c:/users/nicol/.platformio/packages/toolchain-gccarmnoneeabi/bin/../lib/gcc/arm-none-eabi/7.2.1/thumb/v6-m/crtend.o
LOAD c:/users/nicol/.platformio/packages/toolchain-gccarmnoneeabi/bin/../lib/gcc/arm-none-eabi/7.2.1/thumb/v6-m/crtn.o
                0x20004000                _estack = (ORIGIN (RAM) + LENGTH (RAM))
                0x00000200                _Min_Heap_Size = 0x200
                0x00000400                _Min_Stack_Size = 0x400

.isr_vector     0x08000000       0xc0
                0x08000000                . = ALIGN (0x4)
 *(.isr_vector)
 .isr_vector    0x08000000       0xc0 .pio\build\l0\libFrameworkCMSISDevice.a(startup_stm32f072xb.o)
                0x08000000                g_pfnVectors
                0x080000c0                . = ALIGN (0x4)

.text           0x080000c0     0x52a0
                0x080000c0                . = ALIGN (0x4)
 *(.text)
 .text          0x080000c0       0x48 c:/users/nicol/.platformio/packages/toolchain-gccarmnoneeabi/bin/../lib/gcc/arm-none-eabi/7.2.1/thumb/v6-m/crtbegin.o
 .text          0x08000108        0xe c:/users/nicol/.platformio/packages/toolchain-gccarmnoneeabi/bin/../lib/gcc/arm-none-eabi/7.2.1/../../../../arm-none-eabi/lib/thumb/v6-m\libc_nano.a(lib_a-strlen.o)
                0x08000108                strlen
 *fill*         0x08000116        0x2 
 .text          0x08000118       0x14 c:/users/nicol/.platformio/packages/toolchain-gccarmnoneeabi/bin/../lib/gcc/arm-none-eabi/7.2.1/thumb/v6-m\libgcc.a(_thumb1_case_uqi.o)
                0x08000118                __gnu_thumb1_case_uqi
 .text          0x0800012c       0x14 c:/users/nicol/.platformio/packages/toolchain-gccarmnoneeabi/bin/../lib/gcc/arm-none-eabi/7.2.1/thumb/v6-m\libgcc.a(_thumb1_case_uhi.o)
                0x0800012c                __gnu_thumb1_case_uhi
 .text          0x08000140      0x114 c:/users/nicol/.platformio/packages/toolchain-gccarmnoneeabi/bin/../lib/gcc/arm-none-eabi/7.2.1/thumb/v6-m\libgcc.a(_udivsi3.o)
                0x08000140                __aeabi_uidiv
                0x08000140                __udivsi3
                0x0800024c                __aeabi_uidivmod
 .text          0x08000254        0x4 c:/users/nicol/.platformio/packages/toolchain-gccarmnoneeabi/bin/../lib/gcc/arm-none-eabi/7.2.1/thumb/v6-m\libgcc.a(_dvmd_tls.o)
                0x08000254                __aeabi_idiv0
                0x08000254                __aeabi_ldiv0
 .text          0x08000258       0x18 c:/users/nicol/.platformio/packages/toolchain-gccarmnoneeabi/bin/../lib/gcc/arm-none-eabi/7.2.1/thumb/v6-m\libgcc.a(_lshrdi3.o)
                0x08000258                __lshrdi3
                0x08000258                __aeabi_llsr
 .text          0x08000270       0x30 c:/users/nicol/.platformio/packages/toolchain-gccarmnoneeabi/bin/../lib/gcc/arm-none-eabi/7.2.1/thumb/v6-m\libgcc.a(_fixunssfsi.o)
                0x08000270                __fixunssfsi
                0x08000270                __aeabi_f2uiz
 .text          0x080002a0      0x264 c:/users/nicol/.platformio/packages/toolchain-gccarmnoneeabi/bin/../lib/gcc/arm-none-eabi/7.2.1/thumb/v6-m\libgcc.a(mulsf3.o)
                0x080002a0                __aeabi_fmul
 .text          0x08000504      0x388 c:/users/nicol/.platformio/packages/toolchain-gccarmnoneeabi/bin/../lib/gcc/arm-none-eabi/7.2.1/thumb/v6-m\libgcc.a(subsf3.o)
                0x08000504                __aeabi_fsub
 .text          0x0800088c       0x40 c:/users/nicol/.platformio/packages/toolchain-gccarmnoneeabi/bin/../lib/gcc/arm-none-eabi/7.2.1/thumb/v6-m\libgcc.a(fixsfsi.o)
                0x0800088c                __aeabi_f2iz
 .text          0x080008cc       0x74 c:/users/nicol/.platformio/packages/toolchain-gccarmnoneeabi/bin/../lib/gcc/arm-none-eabi/7.2.1/thumb/v6-m\libgcc.a(_arm_cmpsf2.o)
                0x080008cc                __aeabi_cfrcmple
                0x080008d4                __aeabi_cfcmpeq
                0x080008d4                __aeabi_cfcmple
                0x080008e4                __aeabi_fcmpeq
                0x080008f0                __aeabi_fcmplt
                0x08000904                __aeabi_fcmple
                0x08000918                __aeabi_fcmpgt
                0x0800092c                __aeabi_fcmpge
 .text          0x08000940       0x3c c:/users/nicol/.platformio/packages/toolchain-gccarmnoneeabi/bin/../lib/gcc/arm-none-eabi/7.2.1/thumb/v6-m\libgcc.a(_clzsi2.o)
                0x08000940                __clzsi2
 .text          0x0800097c       0x50 c:/users/nicol/.platformio/packages/toolchain-gccarmnoneeabi/bin/../lib/gcc/arm-none-eabi/7.2.1/thumb/v6-m\libgcc.a(eqsf2.o)
                0x0800097c                __eqsf2
                0x0800097c                __nesf2
 .text          0x080009cc       0x9c c:/users/nicol/.platformio/packages/toolchain-gccarmnoneeabi/bin/../lib/gcc/arm-none-eabi/7.2.1/thumb/v6-m\libgcc.a(gesf2.o)
                0x080009cc                __gesf2
                0x080009cc                __gtsf2
 .text          0x08000a68       0xa0 c:/users/nicol/.platformio/packages/toolchain-gccarmnoneeabi/bin/../lib/gcc/arm-none-eabi/7.2.1/thumb/v6-m\libgcc.a(lesf2.o)
                0x08000a68                __ltsf2
                0x08000a68                __lesf2
 *(.text*)
 .text.HAL_MspDeInit
                0x08000b08        0x2 .pio\build\l0\FrameworkHALDriver\Src\stm32f0xx_hal.o
                0x08000b08                HAL_MspDeInit
 *fill*         0x08000b0a        0x2 
 .text.HAL_DeInit
                0x08000b0c       0x24 .pio\build\l0\FrameworkHALDriver\Src\stm32f0xx_hal.o
                0x08000b0c                HAL_DeInit
 .text.HAL_InitTick
                0x08000b30       0x48 .pio\build\l0\FrameworkHALDriver\Src\stm32f0xx_hal.o
                0x08000b30                HAL_InitTick
 .text.HAL_Init
                0x08000b78       0x20 .pio\build\l0\FrameworkHALDriver\Src\stm32f0xx_hal.o
                0x08000b78                HAL_Init
 .text.HAL_IncTick
                0x08000b98       0x18 .pio\build\l0\FrameworkHALDriver\Src\stm32f0xx_hal.o
                0x08000b98                HAL_IncTick
 .text.HAL_GetTick
                0x08000bb0        0xc .pio\build\l0\FrameworkHALDriver\Src\stm32f0xx_hal.o
                0x08000bb0                HAL_GetTick
 .text.HAL_NVIC_SetPriority
                0x08000bbc       0x54 .pio\build\l0\FrameworkHALDriver\Src\stm32f0xx_hal_cortex.o
                0x08000bbc                HAL_NVIC_SetPriority
 .text.HAL_NVIC_EnableIRQ
                0x08000c10       0x18 .pio\build\l0\FrameworkHALDriver\Src\stm32f0xx_hal_cortex.o
                0x08000c10                HAL_NVIC_EnableIRQ
 .text.HAL_SYSTICK_Config
                0x08000c28       0x34 .pio\build\l0\FrameworkHALDriver\Src\stm32f0xx_hal_cortex.o
                0x08000c28                HAL_SYSTICK_Config
 .text.CRC_Handle_8
                0x08000c5c       0x5e .pio\build\l0\FrameworkHALDriver\Src\stm32f0xx_hal_crc.o
 .text.CRC_Handle_16
                0x08000cba       0x2c .pio\build\l0\FrameworkHALDriver\Src\stm32f0xx_hal_crc.o
 .text.HAL_CRC_MspInit
                0x08000ce6        0x2 .pio\build\l0\FrameworkHALDriver\Src\stm32f0xx_hal_crc.o
                0x08000ce6                HAL_CRC_MspInit
 .text.HAL_CRC_Init
                0x08000ce8       0x74 .pio\build\l0\FrameworkHALDriver\Src\stm32f0xx_hal_crc.o
                0x08000ce8                HAL_CRC_Init
 .text.HAL_CRC_Accumulate
                0x08000d5c       0x3e .pio\build\l0\FrameworkHALDriver\Src\stm32f0xx_hal_crc.o
                0x08000d5c                HAL_CRC_Accumulate
 .text.HAL_CRCEx_Polynomial_Set
                0x08000d9a       0x52 .pio\build\l0\FrameworkHALDriver\Src\stm32f0xx_hal_crc_ex.o
                0x08000d9a                HAL_CRCEx_Polynomial_Set
 .text.FLASH_SetErrorCode
                0x08000dec       0x3c .pio\build\l0\FrameworkHALDriver\Src\stm32f0xx_hal_flash.o
 .text.HAL_FLASH_Unlock
                0x08000e28       0x28 .pio\build\l0\FrameworkHALDriver\Src\stm32f0xx_hal_flash.o
                0x08000e28                HAL_FLASH_Unlock
 .text.HAL_FLASH_Lock
                0x08000e50       0x14 .pio\build\l0\FrameworkHALDriver\Src\stm32f0xx_hal_flash.o
                0x08000e50                HAL_FLASH_Lock
 .text.FLASH_WaitForLastOperation
                0x08000e64       0x54 .pio\build\l0\FrameworkHALDriver\Src\stm32f0xx_hal_flash.o
                0x08000e64                FLASH_WaitForLastOperation
 .text.HAL_FLASH_Program
                0x08000eb8       0x84 .pio\build\l0\FrameworkHALDriver\Src\stm32f0xx_hal_flash.o
                0x08000eb8                HAL_FLASH_Program
 .text.FLASH_MassErase
                0x08000f3c       0x24 .pio\build\l0\FrameworkHALDriver\Src\stm32f0xx_hal_flash_ex.o
 .text.FLASH_PageErase
                0x08000f60       0x24 .pio\build\l0\FrameworkHALDriver\Src\stm32f0xx_hal_flash_ex.o
                0x08000f60                FLASH_PageErase
 .text.HAL_FLASHEx_Erase
                0x08000f84       0x94 .pio\build\l0\FrameworkHALDriver\Src\stm32f0xx_hal_flash_ex.o
                0x08000f84                HAL_FLASHEx_Erase
 .text.HAL_GPIO_Init
                0x08001018      0x184 .pio\build\l0\FrameworkHALDriver\Src\stm32f0xx_hal_gpio.o
                0x08001018                HAL_GPIO_Init
 .text.HAL_GPIO_ReadPin
                0x0800119c        0xc .pio\build\l0\FrameworkHALDriver\Src\stm32f0xx_hal_gpio.o
                0x0800119c                HAL_GPIO_ReadPin
 .text.HAL_GPIO_WritePin
                0x080011a8        0xc .pio\build\l0\FrameworkHALDriver\Src\stm32f0xx_hal_gpio.o
                0x080011a8                HAL_GPIO_WritePin
 .text.HAL_GPIO_EXTI_IRQHandler
                0x080011b4       0x18 .pio\build\l0\FrameworkHALDriver\Src\stm32f0xx_hal_gpio.o
                0x080011b4                HAL_GPIO_EXTI_IRQHandler
 .text.HAL_RCC_DeInit
                0x080011cc       0xc0 .pio\build\l0\FrameworkHALDriver\Src\stm32f0xx_hal_rcc.o
                0x080011cc                HAL_RCC_DeInit
 .text.HAL_RCC_OscConfig
                0x0800128c      0x4a0 .pio\build\l0\FrameworkHALDriver\Src\stm32f0xx_hal_rcc.o
                0x0800128c                HAL_RCC_OscConfig
 .text.HAL_RCC_GetSysClockFreq
                0x0800172c       0x84 .pio\build\l0\FrameworkHALDriver\Src\stm32f0xx_hal_rcc.o
                0x0800172c                HAL_RCC_GetSysClockFreq
 .text.HAL_RCC_ClockConfig
                0x080017b0      0x118 .pio\build\l0\FrameworkHALDriver\Src\stm32f0xx_hal_rcc.o
                0x080017b0                HAL_RCC_ClockConfig
 .text.HAL_RCCEx_PeriphCLKConfig
                0x080018c8      0x140 .pio\build\l0\FrameworkHALDriver\Src\stm32f0xx_hal_rcc_ex.o
                0x080018c8                HAL_RCCEx_PeriphCLKConfig
 .text.LL_GPIO_Init
                0x08001a08       0xb2 .pio\build\l0\FrameworkHALDriver\Src\stm32f0xx_ll_gpio.o
                0x08001a08                LL_GPIO_Init
 *fill*         0x08001aba        0x2 
 .text.RCC_GetHCLKClockFreq
                0x08001abc       0x18 .pio\build\l0\FrameworkHALDriver\Src\stm32f0xx_ll_rcc.o
                0x08001abc                RCC_GetHCLKClockFreq
 .text.RCC_GetPCLK1ClockFreq
                0x08001ad4       0x18 .pio\build\l0\FrameworkHALDriver\Src\stm32f0xx_ll_rcc.o
                0x08001ad4                RCC_GetPCLK1ClockFreq
 .text.RCC_PLL_GetFreqDomain_SYS
                0x08001aec       0x48 .pio\build\l0\FrameworkHALDriver\Src\stm32f0xx_ll_rcc.o
                0x08001aec                RCC_PLL_GetFreqDomain_SYS
 .text.RCC_GetSystemClockFreq
                0x08001b34       0x34 .pio\build\l0\FrameworkHALDriver\Src\stm32f0xx_ll_rcc.o
                0x08001b34                RCC_GetSystemClockFreq
 .text.LL_RCC_GetSystemClocksFreq
                0x08001b68       0x18 .pio\build\l0\FrameworkHALDriver\Src\stm32f0xx_ll_rcc.o
                0x08001b68                LL_RCC_GetSystemClocksFreq
 .text.LL_RCC_GetUSARTClockFreq
                0x08001b80       0xa8 .pio\build\l0\FrameworkHALDriver\Src\stm32f0xx_ll_rcc.o
                0x08001b80                LL_RCC_GetUSARTClockFreq
 .text.LL_TIM_Init
                0x08001c28       0xa0 .pio\build\l0\FrameworkHALDriver\Src\stm32f0xx_ll_tim.o
                0x08001c28                LL_TIM_Init
 .text.LL_USART_Init
                0x08001cc8       0xcc .pio\build\l0\FrameworkHALDriver\Src\stm32f0xx_ll_usart.o
                0x08001cc8                LL_USART_Init
 .text.MX_GPIO_Init
                0x08001d94      0x114 .pio\build\l0\src\gpio.o
                0x08001d94                MX_GPIO_Init
 .text.SystemClock_Config
                0x08001ea8       0x64 .pio\build\l0\src\main.o
                0x08001ea8                SystemClock_Config
 .text.startup.main
                0x08001f0c       0x18 .pio\build\l0\src\main.o
                0x08001f0c                main
 .text.HAL_MspInit
                0x08001f24       0x30 .pio\build\l0\src\stm32f0xx_hal_msp.o
                0x08001f24                HAL_MspInit
 .text.NMI_Handler
                0x08001f54        0x2 .pio\build\l0\src\stm32f0xx_it.o
                0x08001f54                NMI_Handler
 .text.HardFault_Handler
                0x08001f56        0x2 .pio\build\l0\src\stm32f0xx_it.o
                0x08001f56                HardFault_Handler
 .text.SVC_Handler
                0x08001f58        0x2 .pio\build\l0\src\stm32f0xx_it.o
                0x08001f58                SVC_Handler
 .text.PendSV_Handler
                0x08001f5a        0x2 .pio\build\l0\src\stm32f0xx_it.o
                0x08001f5a                PendSV_Handler
 .text.SysTick_Handler
                0x08001f5c        0x8 .pio\build\l0\src\stm32f0xx_it.o
                0x08001f5c                SysTick_Handler
 .text.EXTI4_15_IRQHandler
                0x08001f64       0x14 .pio\build\l0\src\stm32f0xx_it.o
                0x08001f64                EXTI4_15_IRQHandler
 .text.SystemInit
                0x08001f78       0x60 .pio\build\l0\src\system_stm32f0xx.o
                0x08001f78                SystemInit
 .text.MX_USART1_UART_Init
                0x08001fd8       0xe8 .pio\build\l0\src\usart.o
                0x08001fd8                MX_USART1_UART_Init
 .text.Luos_SaveAlias
                0x080020c0       0x50 .pio\build\l0\lib358\libLuos.a(luos.o)
 .text.Luos_Init
                0x08002110       0x24 .pio\build\l0\lib358\libLuos.a(luos.o)
                0x08002110                Luos_Init
 .text.Luos_CreateContainer
                0x08002134      0x13c .pio\build\l0\lib358\libLuos.a(luos.o)
                0x08002134                Luos_CreateContainer
 .text.Luos_SendMsg
                0x08002270       0x30 .pio\build\l0\lib358\libLuos.a(luos.o)
                0x08002270                Luos_SendMsg
 .text.Luos_ReceiveData
                0x080022a0       0xe8 .pio\build\l0\lib358\libLuos.a(luos.o)
                0x080022a0                Luos_ReceiveData
 .text.Luos_MsgHandler
                0x08002388      0x46c .pio\build\l0\lib358\libLuos.a(luos.o)
 .text.Luos_Loop
                0x080027f4      0x28c .pio\build\l0\lib358\libLuos.a(luos.o)
                0x080027f4                Luos_Loop
 .text.Luos_SendData
                0x08002a80       0xa0 .pio\build\l0\lib358\libLuos.a(luos.o)
                0x08002a80                Luos_SendData
 .text.Luos_Run
                0x08002b20       0x50 .pio\build\l0\lib358\libLuos.a(luos.o)
                0x08002b20                Luos_Run
 .text.node_assert
                0x08002b70        0x2 .pio\build\l0\lib358\libLuos.a(luos_utils.o)
                0x08002b70                node_assert
 .text.Luos_assert
                0x08002b72       0x82 .pio\build\l0\lib358\libLuos.a(luos_utils.o)
                0x08002b72                Luos_assert
 .text.RoutingTB_ComputeRoutingTableEntryNB
                0x08002bf4       0x48 .pio\build\l0\lib358\libLuos.a(routing_table.o)
                0x08002bf4                RoutingTB_ComputeRoutingTableEntryNB
 .text.RoutingTB_ConvertNodeToRoutingTable
                0x08002c3c       0x1e .pio\build\l0\lib358\libLuos.a(routing_table.o)
                0x08002c3c                RoutingTB_ConvertNodeToRoutingTable
 .text.RoutingTB_ConvertContainerToRoutingTable
                0x08002c5a       0x48 .pio\build\l0\lib358\libLuos.a(routing_table.o)
                0x08002c5a                RoutingTB_ConvertContainerToRoutingTable
 *fill*         0x08002ca2        0x2 
 .text.RoutingTB_RemoveOnRoutingTable
                0x08002ca4       0x7c .pio\build\l0\lib358\libLuos.a(routing_table.o)
                0x08002ca4                RoutingTB_RemoveOnRoutingTable
 .text.RoutingTB_RemoveNode
                0x08002d20       0x54 .pio\build\l0\lib358\libLuos.a(routing_table.o)
                0x08002d20                RoutingTB_RemoveNode
 .text.RoutingTB_Erase
                0x08002d74       0x28 .pio\build\l0\lib358\libLuos.a(routing_table.o)
                0x08002d74                RoutingTB_Erase
 .text.RoutingTB_Get
                0x08002d9c        0x8 .pio\build\l0\lib358\libLuos.a(routing_table.o)
                0x08002d9c                RoutingTB_Get
 .text.RoutingTB_GetLastEntry
                0x08002da4        0xc .pio\build\l0\lib358\libLuos.a(routing_table.o)
                0x08002da4                RoutingTB_GetLastEntry
 .text.LuosBootloader_SendResponse
                0x08002db0       0x44 .pio\build\l0\lib358\libLuos.a(bootloader_core.o)
 .text.LuosBootloader_Init
                0x08002df4       0x3c .pio\build\l0\lib358\libLuos.a(bootloader_core.o)
                0x08002df4                LuosBootloader_Init
 .text.crc8     0x08002e30       0x2c .pio\build\l0\lib358\libLuos.a(bootloader_core.o)
                0x08002e30                crc8
 .text.compute_crc
                0x08002e5c       0x54 .pio\build\l0\lib358\libLuos.a(bootloader_core.o)
                0x08002e5c                compute_crc
 .text.LuosBootloader_Loop
                0x08002eb0       0x1c .pio\build\l0\lib358\libLuos.a(bootloader_core.o)
                0x08002eb0                LuosBootloader_Loop
 .text.LuosBootloader_MsgHandler
                0x08002ecc      0x224 .pio\build\l0\lib358\libLuos.a(bootloader_core.o)
                0x08002ecc                LuosBootloader_MsgHandler
 .text.MsgAlloc_CheckMsgSpace
                0x080030f0       0x2c .pio\build\l0\lib358\libLuos.a(msg_alloc.o)
 .text.MsgAlloc_OldestMsgCandidate
                0x0800311c       0x88 .pio\build\l0\lib358\libLuos.a(msg_alloc.o)
 .text.MsgAlloc_FindNewOldestMsg
                0x080031a4       0x48 .pio\build\l0\lib358\libLuos.a(msg_alloc.o)
 .text.MsgAlloc_ClearLuosTask
                0x080031ec       0xa0 .pio\build\l0\lib358\libLuos.a(msg_alloc.o)
 .text.MsgAlloc_ClearMsgTask
                0x0800328c       0x68 .pio\build\l0\lib358\libLuos.a(msg_alloc.o)
 .text.MsgAlloc_Init
                0x080032f4       0xa0 .pio\build\l0\lib358\libLuos.a(msg_alloc.o)
                0x080032f4                MsgAlloc_Init
 .text.MsgAlloc_ValidHeader
                0x08003394       0x84 .pio\build\l0\lib358\libLuos.a(msg_alloc.o)
                0x08003394                MsgAlloc_ValidHeader
 .text.MsgAlloc_SetData
                0x08003418       0x14 .pio\build\l0\lib358\libLuos.a(msg_alloc.o)
                0x08003418                MsgAlloc_SetData
 .text.MsgAlloc_UsedMsgEnd
                0x0800342c        0xc .pio\build\l0\lib358\libLuos.a(msg_alloc.o)
                0x0800342c                MsgAlloc_UsedMsgEnd
 .text.MsgAlloc_LuosTaskAlloc
                0x08003438       0xe0 .pio\build\l0\lib358\libLuos.a(msg_alloc.o)
                0x08003438                MsgAlloc_LuosTaskAlloc
 .text.MsgAlloc_GetLuosTaskCmd
                0x08003518       0x38 .pio\build\l0\lib358\libLuos.a(msg_alloc.o)
                0x08003518                MsgAlloc_GetLuosTaskCmd
 .text.MsgAlloc_GetLuosTaskSize
                0x08003550       0x3c .pio\build\l0\lib358\libLuos.a(msg_alloc.o)
                0x08003550                MsgAlloc_GetLuosTaskSize
 .text.MsgAlloc_ClearMsgFromLuosTasks
                0x0800358c       0x44 .pio\build\l0\lib358\libLuos.a(msg_alloc.o)
                0x0800358c                MsgAlloc_ClearMsgFromLuosTasks
 .text.MsgAlloc_PullMsgFromTxTask
                0x080035d0       0x88 .pio\build\l0\lib358\libLuos.a(msg_alloc.o)
                0x080035d0                MsgAlloc_PullMsgFromTxTask
 .text.MsgAlloc_ClearMsgSpace
                0x08003658      0x118 .pio\build\l0\lib358\libLuos.a(msg_alloc.o)
 .text.MsgAlloc_ValidDataIntegrity
                0x08003770       0x60 .pio\build\l0\lib358\libLuos.a(msg_alloc.o)
 .text.MsgAlloc_loop
                0x080037d0       0xcc .pio\build\l0\lib358\libLuos.a(msg_alloc.o)
                0x080037d0                MsgAlloc_loop
 .text.MsgAlloc_PullMsgToInterpret
                0x0800389c       0x4c .pio\build\l0\lib358\libLuos.a(msg_alloc.o)
                0x0800389c                MsgAlloc_PullMsgToInterpret
 .text.MsgAlloc_PullMsgFromLuosTask
                0x080038e8       0x4c .pio\build\l0\lib358\libLuos.a(msg_alloc.o)
                0x080038e8                MsgAlloc_PullMsgFromLuosTask
 .text.MsgAlloc_LookAtLuosTask
                0x08003934       0x3c .pio\build\l0\lib358\libLuos.a(msg_alloc.o)
                0x08003934                MsgAlloc_LookAtLuosTask
 .text.MsgAlloc_SetTxTask
                0x08003970      0x2d4 .pio\build\l0\lib358\libLuos.a(msg_alloc.o)
                0x08003970                MsgAlloc_SetTxTask
 .text.MsgAlloc_InvalidMsg
                0x08003c44       0x74 .pio\build\l0\lib358\libLuos.a(msg_alloc.o)
                0x08003c44                MsgAlloc_InvalidMsg
 .text.MsgAlloc_EndMsg
                0x08003cb8       0xf4 .pio\build\l0\lib358\libLuos.a(msg_alloc.o)
                0x08003cb8                MsgAlloc_EndMsg
 .text.MsgAlloc_PullContainerFromTxTask
                0x08003dac       0xb0 .pio\build\l0\lib358\libLuos.a(msg_alloc.o)
                0x08003dac                MsgAlloc_PullContainerFromTxTask
 .text.MsgAlloc_GetTxTask
                0x08003e5c       0x50 .pio\build\l0\lib358\libLuos.a(msg_alloc.o)
                0x08003e5c                MsgAlloc_GetTxTask
 .text.MsgAlloc_TxAllComplete
                0x08003eac       0x14 .pio\build\l0\lib358\libLuos.a(msg_alloc.o)
                0x08003eac                MsgAlloc_TxAllComplete
 .text.PortMng_Reset
                0x08003ec0       0x24 .pio\build\l0\lib358\libLuos.a(port_manager.o)
 .text.PortMng_Init
                0x08003ee4       0x34 .pio\build\l0\lib358\libLuos.a(port_manager.o)
                0x08003ee4                PortMng_Init
 .text.PortMng_PtpHandler
                0x08003f18       0x3c .pio\build\l0\lib358\libLuos.a(port_manager.o)
                0x08003f18                PortMng_PtpHandler
 .text.PortMng_PokePort
                0x08003f54       0x58 .pio\build\l0\lib358\libLuos.a(port_manager.o)
                0x08003f54                PortMng_PokePort
 .text.PortMng_PokeNextPort
                0x08003fac       0x40 .pio\build\l0\lib358\libLuos.a(port_manager.o)
                0x08003fac                PortMng_PokeNextPort
 .text.Robus_Init
                0x08003fec       0x54 .pio\build\l0\lib358\libLuos.a(robus.o)
                0x08003fec                Robus_Init
 .text.Robus_ContainerCreate
                0x08004040       0x4c .pio\build\l0\lib358\libLuos.a(robus.o)
                0x08004040                Robus_ContainerCreate
 .text.Robus_SendMsg
                0x0800408c       0xf4 .pio\build\l0\lib358\libLuos.a(robus.o)
                0x0800408c                Robus_SendMsg
 .text.Robus_DetectNextNodes
                0x08004180       0x94 .pio\build\l0\lib358\libLuos.a(robus.o)
 .text.Robus_Loop
                0x08004214      0x160 .pio\build\l0\lib358\libLuos.a(robus.o)
                0x08004214                Robus_Loop
 .text.Robus_GetNode
                0x08004374        0x8 .pio\build\l0\lib358\libLuos.a(robus.o)
                0x08004374                Robus_GetNode
 .text.Transmit_GetLockStatus
                0x0800437c       0x20 .pio\build\l0\lib358\libLuos.a(transmission.o)
 .text.Transmit_SendAck
                0x0800439c       0x20 .pio\build\l0\lib358\libLuos.a(transmission.o)
                0x0800439c                Transmit_SendAck
 .text.Transmit_Process
                0x080043bc       0xfc .pio\build\l0\lib358\libLuos.a(transmission.o)
                0x080043bc                Transmit_Process
 .text.Transmit_End
                0x080044b8       0x54 .pio\build\l0\lib358\libLuos.a(transmission.o)
                0x080044b8                Transmit_End
 .text.Recep_Drop
                0x0800450c        0x2 .pio\build\l0\lib358\libLuos.a(reception.o)
                0x0800450c                Recep_Drop
 *fill*         0x0800450e        0x2 
 .text.Recep_CatchAck
                0x08004510       0x2c .pio\build\l0\lib358\libLuos.a(reception.o)
                0x08004510                Recep_CatchAck
 .text.Recep_GetData
                0x0800453c       0xc8 .pio\build\l0\lib358\libLuos.a(reception.o)
                0x0800453c                Recep_GetData
 .text.Recep_Init
                0x08004604       0x14 .pio\build\l0\lib358\libLuos.a(reception.o)
                0x08004604                Recep_Init
 .text.Recep_Reset
                0x08004618       0x38 .pio\build\l0\lib358\libLuos.a(reception.o)
                0x08004618                Recep_Reset
 .text.Recep_Timeout
                0x08004650       0x38 .pio\build\l0\lib358\libLuos.a(reception.o)
                0x08004650                Recep_Timeout
 .text.Recep_GetConcernedLLContainer
                0x08004688       0xa4 .pio\build\l0\lib358\libLuos.a(reception.o)
                0x08004688                Recep_GetConcernedLLContainer
 .text.Recep_NodeConcerned
                0x0800472c       0xdc .pio\build\l0\lib358\libLuos.a(reception.o)
                0x0800472c                Recep_NodeConcerned
 .text.Recep_GetHeader
                0x08004808       0xc0 .pio\build\l0\lib358\libLuos.a(reception.o)
                0x08004808                Recep_GetHeader
 .text.Recep_GetCollision
                0x080048c8       0xc4 .pio\build\l0\lib358\libLuos.a(reception.o)
                0x080048c8                Recep_GetCollision
 .text.Recep_InterpretMsgProtocol
                0x0800498c      0x130 .pio\build\l0\lib358\libLuos.a(reception.o)
                0x0800498c                Recep_InterpretMsgProtocol
 .text.Trgt_MulticastTargetBank
                0x08004abc       0x2e .pio\build\l0\lib358\libLuos.a(target.o)
                0x08004abc                Trgt_MulticastTargetBank
 *fill*         0x08004aea        0x2 
 .text.__libc_init_array
                0x08004aec       0x48 c:/users/nicol/.platformio/packages/toolchain-gccarmnoneeabi/bin/../lib/gcc/arm-none-eabi/7.2.1/../../../../arm-none-eabi/lib/thumb/v6-m\libc_nano.a(lib_a-init.o)
                0x08004aec                __libc_init_array
 .text.memcpy   0x08004b34       0x12 c:/users/nicol/.platformio/packages/toolchain-gccarmnoneeabi/bin/../lib/gcc/arm-none-eabi/7.2.1/../../../../arm-none-eabi/lib/thumb/v6-m\libc_nano.a(lib_a-memcpy-stub.o)
                0x08004b34                memcpy
 .text.memset   0x08004b46       0x10 c:/users/nicol/.platformio/packages/toolchain-gccarmnoneeabi/bin/../lib/gcc/arm-none-eabi/7.2.1/../../../../arm-none-eabi/lib/thumb/v6-m\libc_nano.a(lib_a-memset.o)
                0x08004b46                memset
 *fill*         0x08004b56        0x2 
 .text.Reset_Handler
                0x08004b58       0x50 .pio\build\l0\libFrameworkCMSISDevice.a(startup_stm32f072xb.o)
                0x08004b58                Reset_Handler
 .text.Default_Handler
                0x08004ba8        0x2 .pio\build\l0\libFrameworkCMSISDevice.a(startup_stm32f072xb.o)
                0x08004ba8                TIM1_CC_IRQHandler
                0x08004ba8                TSC_IRQHandler
                0x08004ba8                ADC1_COMP_IRQHandler
                0x08004ba8                I2C1_IRQHandler
                0x08004ba8                RCC_CRS_IRQHandler
                0x08004ba8                SPI1_IRQHandler
                0x08004ba8                USART3_4_IRQHandler
                0x08004ba8                EXTI2_3_IRQHandler
                0x08004ba8                I2C2_IRQHandler
                0x08004ba8                TIM17_IRQHandler
                0x08004ba8                CEC_CAN_IRQHandler
                0x08004ba8                RTC_IRQHandler
                0x08004ba8                PVD_VDDIO2_IRQHandler
                0x08004ba8                DMA1_Channel4_5_6_7_IRQHandler
                0x08004ba8                TIM16_IRQHandler
                0x08004ba8                TIM3_IRQHandler
                0x08004ba8                DMA1_Channel1_IRQHandler
                0x08004ba8                Default_Handler
                0x08004ba8                TIM14_IRQHandler
                0x08004ba8                TIM7_IRQHandler
                0x08004ba8                TIM15_IRQHandler
                0x08004ba8                EXTI0_1_IRQHandler
                0x08004ba8                USB_IRQHandler
                0x08004ba8                SPI2_IRQHandler
                0x08004ba8                WWDG_IRQHandler
                0x08004ba8                TIM2_IRQHandler
                0x08004ba8                DMA1_Channel2_3_IRQHandler
                0x08004ba8                USART2_IRQHandler
                0x08004ba8                FLASH_IRQHandler
                0x08004ba8                TIM1_BRK_UP_TRG_COM_IRQHandler
 *fill*         0x08004baa        0x2 
 .text.LuosHAL_SetTxState.part.0
                0x08004bac       0x20 .pio\build\l0\lib0e6\libLuosHAL.a(luos_hal.o)
 .text.LuosHAL_SetRxState.part.1
                0x08004bcc       0x18 .pio\build\l0\lib0e6\libLuosHAL.a(luos_hal.o)
 .text.LuosHAL_SetIrqState
                0x08004be4        0xc .pio\build\l0\lib0e6\libLuosHAL.a(luos_hal.o)
                0x08004be4                LuosHAL_SetIrqState
 .text.LuosHAL_GetSystick
                0x08004bf0        0x8 .pio\build\l0\lib0e6\libLuosHAL.a(luos_hal.o)
                0x08004bf0                LuosHAL_GetSystick
 .text.LuosHAL_ComInit
                0x08004bf8      0x144 .pio\build\l0\lib0e6\libLuosHAL.a(luos_hal.o)
                0x08004bf8                LuosHAL_ComInit
 .text.LuosHAL_SetTxState
                0x08004d3c       0x50 .pio\build\l0\lib0e6\libLuosHAL.a(luos_hal.o)
                0x08004d3c                LuosHAL_SetTxState
 .text.LuosHAL_SetRxState
                0x08004d8c       0x1c .pio\build\l0\lib0e6\libLuosHAL.a(luos_hal.o)
                0x08004d8c                LuosHAL_SetRxState
 .text.LuosHAL_SetRxDetecPin
                0x08004da8        0x2 .pio\build\l0\lib0e6\libLuosHAL.a(luos_hal.o)
                0x08004da8                LuosHAL_SetRxDetecPin
 *fill*         0x08004daa        0x2 
 .text.LuosHAL_ResetTimeout
                0x08004dac       0x38 .pio\build\l0\lib0e6\libLuosHAL.a(luos_hal.o)
                0x08004dac                LuosHAL_ResetTimeout
 .text.USART1_IRQHandler
                0x08004de4       0x7c .pio\build\l0\lib0e6\libLuosHAL.a(luos_hal.o)
                0x08004de4                USART1_IRQHandler
 .text.LuosHAL_ComTransmit
                0x08004e60       0x88 .pio\build\l0\lib0e6\libLuosHAL.a(luos_hal.o)
                0x08004e60                LuosHAL_ComTransmit
 .text.LuosHAL_GetTxLockState
                0x08004ee8       0x1c .pio\build\l0\lib0e6\libLuosHAL.a(luos_hal.o)
                0x08004ee8                LuosHAL_GetTxLockState
 .text.TIM6_DAC_IRQHandler
                0x08004f04       0x40 .pio\build\l0\lib0e6\libLuosHAL.a(luos_hal.o)
                0x08004f04                TIM6_DAC_IRQHandler
 .text.HAL_GPIO_EXTI_Callback
                0x08004f44       0x20 .pio\build\l0\lib0e6\libLuosHAL.a(luos_hal.o)
                0x08004f44                HAL_GPIO_EXTI_Callback
 .text.LuosHAL_SetPTPDefaultState
                0x08004f64       0x34 .pio\build\l0\lib0e6\libLuosHAL.a(luos_hal.o)
                0x08004f64                LuosHAL_SetPTPDefaultState
 .text.LuosHAL_Init
                0x08004f98      0x14c .pio\build\l0\lib0e6\libLuosHAL.a(luos_hal.o)
                0x08004f98                LuosHAL_Init
 .text.LuosHAL_SetPTPReverseState
                0x080050e4       0x34 .pio\build\l0\lib0e6\libLuosHAL.a(luos_hal.o)
                0x080050e4                LuosHAL_SetPTPReverseState
 .text.LuosHAL_PushPTP
                0x08005118       0x34 .pio\build\l0\lib0e6\libLuosHAL.a(luos_hal.o)
                0x08005118                LuosHAL_PushPTP
 .text.LuosHAL_GetPTPState
                0x0800514c       0x18 .pio\build\l0\lib0e6\libLuosHAL.a(luos_hal.o)
                0x0800514c                LuosHAL_GetPTPState
 .text.LuosHAL_ComputeCRC
                0x08005164       0x24 .pio\build\l0\lib0e6\libLuosHAL.a(luos_hal.o)
                0x08005164                LuosHAL_ComputeCRC
 .text.LuosHAL_FlashWriteLuosMemoryInfo
                0x08005188       0x84 .pio\build\l0\lib0e6\libLuosHAL.a(luos_hal.o)
                0x08005188                LuosHAL_FlashWriteLuosMemoryInfo
 .text.LuosHAL_FlashReadLuosMemoryInfo
                0x0800520c       0x10 .pio\build\l0\lib0e6\libLuosHAL.a(luos_hal.o)
                0x0800520c                LuosHAL_FlashReadLuosMemoryInfo
 .text.LuosHAL_SetMode
                0x0800521c       0x40 .pio\build\l0\lib0e6\libLuosHAL.a(luos_hal.o)
                0x0800521c                LuosHAL_SetMode
 .text.LuosHAL_Reboot
                0x0800525c       0x34 .pio\build\l0\lib0e6\libLuosHAL.a(luos_hal.o)
                0x0800525c                LuosHAL_Reboot
 .text.LuosHAL_DeInit
                0x08005290        0xc .pio\build\l0\lib0e6\libLuosHAL.a(luos_hal.o)
                0x08005290                LuosHAL_DeInit
 .text.LuosHAL_JumpToApp
                0x0800529c       0x20 .pio\build\l0\lib0e6\libLuosHAL.a(luos_hal.o)
                0x0800529c                LuosHAL_JumpToApp
 .text.LuosHAL_GetMode
                0x080052bc        0xc .pio\build\l0\lib0e6\libLuosHAL.a(luos_hal.o)
                0x080052bc                LuosHAL_GetMode
 .text.LuosHAL_GetNodeID
                0x080052c8       0x10 .pio\build\l0\lib0e6\libLuosHAL.a(luos_hal.o)
                0x080052c8                LuosHAL_GetNodeID
 .text.LuosHAL_EraseMemory
                0x080052d8       0x40 .pio\build\l0\lib0e6\libLuosHAL.a(luos_hal.o)
                0x080052d8                LuosHAL_EraseMemory
 .text.LuosHAL_ProgramFlash
                0x08005318       0x30 .pio\build\l0\lib0e6\libLuosHAL.a(luos_hal.o)
                0x08005318                LuosHAL_ProgramFlash
 *(.glue_7)
 .glue_7        0x08005348        0x0 linker stubs
 *(.glue_7t)
 .glue_7t       0x08005348        0x0 linker stubs
 *(.eh_frame)
 .eh_frame      0x08005348        0x0 c:/users/nicol/.platformio/packages/toolchain-gccarmnoneeabi/bin/../lib/gcc/arm-none-eabi/7.2.1/thumb/v6-m/crtbegin.o
 *(.init)
 .init          0x08005348        0x4 c:/users/nicol/.platformio/packages/toolchain-gccarmnoneeabi/bin/../lib/gcc/arm-none-eabi/7.2.1/thumb/v6-m/crti.o
                0x08005348                _init
 .init          0x0800534c        0x8 c:/users/nicol/.platformio/packages/toolchain-gccarmnoneeabi/bin/../lib/gcc/arm-none-eabi/7.2.1/thumb/v6-m/crtn.o
 *(.fini)
 .fini          0x08005354        0x4 c:/users/nicol/.platformio/packages/toolchain-gccarmnoneeabi/bin/../lib/gcc/arm-none-eabi/7.2.1/thumb/v6-m/crti.o
                0x08005354                _fini
 .fini          0x08005358        0x8 c:/users/nicol/.platformio/packages/toolchain-gccarmnoneeabi/bin/../lib/gcc/arm-none-eabi/7.2.1/thumb/v6-m/crtn.o
                0x08005360                . = ALIGN (0x4)
                0x08005360                _etext = .

.vfp11_veneer   0x08005360        0x0
 .vfp11_veneer  0x08005360        0x0 linker stubs

.v4_bx          0x08005360        0x0
 .v4_bx         0x08005360        0x0 linker stubs

.iplt           0x08005360        0x0
 .iplt          0x08005360        0x0 c:/users/nicol/.platformio/packages/toolchain-gccarmnoneeabi/bin/../lib/gcc/arm-none-eabi/7.2.1/thumb/v6-m/crtbegin.o

.rodata         0x08005360      0x130
                0x08005360                . = ALIGN (0x4)
 *(.rodata)
 .rodata        0x08005360       0x20 .pio\build\l0\FrameworkHALDriver\Src\stm32f0xx_hal_rcc.o
 .rodata        0x08005380        0x3 .pio\build\l0\lib358\libLuos.a(bootloader_core.o)
 *fill*         0x08005383        0x1 
 .rodata        0x08005384       0x40 c:/users/nicol/.platformio/packages/toolchain-gccarmnoneeabi/bin/../lib/gcc/arm-none-eabi/7.2.1/thumb/v6-m\libgcc.a(mulsf3.o)
 *(.rodata*)
 .rodata.AHBPrescTable
                0x080053c4       0x10 .pio\build\l0\src\system_stm32f0xx.o
                0x080053c4                AHBPrescTable
 .rodata.APBPrescTable
                0x080053d4        0x8 .pio\build\l0\src\system_stm32f0xx.o
                0x080053d4                APBPrescTable
 .rodata.Luos_ReceiveData.str1.1
                0x080053dc       0x30 .pio\build\l0\lib358\libLuos.a(luos.o)
 .rodata.RoutingTB_RemoveOnRoutingTable.str1.1
                0x0800540c       0x39 .pio\build\l0\lib358\libLuos.a(routing_table.o)
 .rodata.LuosBootloader_Init.str1.1
                0x08005445        0xd .pio\build\l0\lib358\libLuos.a(bootloader_core.o)
 .rodata.MsgAlloc_OldestMsgCandidate.str1.1
                0x08005452       0x3b .pio\build\l0\lib358\libLuos.a(msg_alloc.o)
                0x08005490                . = ALIGN (0x4)
 *fill*         0x0800548d        0x3 

.rel.dyn        0x08005490        0x0
 .rel.iplt      0x08005490        0x0 c:/users/nicol/.platformio/packages/toolchain-gccarmnoneeabi/bin/../lib/gcc/arm-none-eabi/7.2.1/thumb/v6-m/crtbegin.o

.ARM.extab      0x08005490        0x0
                0x08005490                . = ALIGN (0x4)
 *(.ARM.extab* .gnu.linkonce.armextab.*)
                0x08005490                . = ALIGN (0x4)

.ARM            0x08005490        0x0
                0x08005490                . = ALIGN (0x4)
                0x08005490                __exidx_start = .
 *(.ARM.exidx*)
                0x08005490                __exidx_end = .
                0x08005490                . = ALIGN (0x4)

.preinit_array  0x08005490        0x0
                0x08005490                . = ALIGN (0x4)
                0x08005490                PROVIDE (__preinit_array_start, .)
 *(.preinit_array*)
                0x08005490                PROVIDE (__preinit_array_end, .)
                0x08005490                . = ALIGN (0x4)

.init_array     0x08005490        0x4
                0x08005490                . = ALIGN (0x4)
                0x08005490                PROVIDE (__init_array_start, .)
 *(SORT_BY_NAME(.init_array.*))
 *(.init_array*)
 .init_array    0x08005490        0x4 c:/users/nicol/.platformio/packages/toolchain-gccarmnoneeabi/bin/../lib/gcc/arm-none-eabi/7.2.1/thumb/v6-m/crtbegin.o
                0x08005494                PROVIDE (__init_array_end, .)
                0x08005494                . = ALIGN (0x4)

.fini_array     0x08005494        0x4
                0x08005494                . = ALIGN (0x4)
                [!provide]                PROVIDE (__fini_array_start, .)
 *(SORT_BY_NAME(.fini_array.*))
 *(.fini_array*)
 .fini_array    0x08005494        0x4 c:/users/nicol/.platformio/packages/toolchain-gccarmnoneeabi/bin/../lib/gcc/arm-none-eabi/7.2.1/thumb/v6-m/crtbegin.o
                [!provide]                PROVIDE (__fini_array_end, .)
                0x08005498                . = ALIGN (0x4)
                0x08005498                _sidata = LOADADDR (.data)

.data           0x20000000       0x1c load address 0x08005498
                0x20000000                . = ALIGN (0x4)
                0x20000000                _sdata = .
 *(.data)
 *(.data*)
 .data.uwTickFreq
                0x20000000        0x1 .pio\build\l0\FrameworkHALDriver\Src\stm32f0xx_hal.o
                0x20000000                uwTickFreq
 *fill*         0x20000001        0x3 
 .data.uwTickPrio
                0x20000004        0x4 .pio\build\l0\FrameworkHALDriver\Src\stm32f0xx_hal.o
                0x20000004                uwTickPrio
 .data.SystemCoreClock
                0x20000008        0x4 .pio\build\l0\src\system_stm32f0xx.o
                0x20000008                SystemCoreClock
 .data.luos_version
                0x2000000c        0x3 .pio\build\l0\lib358\libLuos.a(luos.o)
                0x2000000c                luos_version
 *fill*         0x2000000f        0x1 
 .data.flash_addr
                0x20000010        0x4 .pio\build\l0\lib358\libLuos.a(bootloader_core.o)
                0x20000010                flash_addr
 .data.residual_space
                0x20000014        0x2 .pio\build\l0\lib358\libLuos.a(bootloader_core.o)
                0x20000014                residual_space
 *fill*         0x20000016        0x2 
 .data.Timer_Prescaler
                0x20000018        0x4 .pio\build\l0\lib0e6\libLuosHAL.a(luos_hal.o)
                0x20000018                Timer_Prescaler
                0x2000001c                . = ALIGN (0x4)
                0x2000001c                _edata = .

.igot.plt       0x2000001c        0x0 load address 0x080054b4
 .igot.plt      0x2000001c        0x0 c:/users/nicol/.platformio/packages/toolchain-gccarmnoneeabi/bin/../lib/gcc/arm-none-eabi/7.2.1/thumb/v6-m/crtbegin.o
                0x2000001c                . = ALIGN (0x4)

.bss            0x20000020     0x1190 load address 0x080054b4
                0x20000020                _sbss = .
                0x20000020                __bss_start__ = _sbss
 *(.bss)
 .bss           0x20000020       0x1c c:/users/nicol/.platformio/packages/toolchain-gccarmnoneeabi/bin/../lib/gcc/arm-none-eabi/7.2.1/thumb/v6-m/crtbegin.o
 *(.bss*)
 .bss.container_number
                0x2000003c        0x2 .pio\build\l0\lib358\libLuos.a(luos.o)
                0x2000003c                container_number
 *fill*         0x2000003e        0x2 
 .bss.data_size.10439
                0x20000040       0x14 .pio\build\l0\lib358\libLuos.a(luos.o)
 .bss.last_loop_date.10269
                0x20000054        0x4 .pio\build\l0\lib358\libLuos.a(luos.o)
 .bss.last_msg_size.10441
                0x20000058        0x2 .pio\build\l0\lib358\libLuos.a(luos.o)
 .bss.node_state.10531
                0x2000005a        0x1 .pio\build\l0\lib358\libLuos.a(luos.o)
 *fill*         0x2000005b        0x1 
 .bss.package_number
                0x2000005c        0x2 .pio\build\l0\lib358\libLuos.a(luos.o)
                0x2000005c                package_number
 *fill*         0x2000005e        0x2 
 .bss.total_data_size.10440
                0x20000060       0x14 .pio\build\l0\lib358\libLuos.a(luos.o)
 .bss.last_container
                0x20000074        0x2 .pio\build\l0\lib358\libLuos.a(routing_table.o)
                0x20000074                last_container
 .bss.last_routing_table_entry
                0x20000076        0x2 .pio\build\l0\lib358\libLuos.a(routing_table.o)
                0x20000076                last_routing_table_entry
 .bss.bootloader_data
                0x20000078       0x7f .pio\build\l0\lib358\libLuos.a(bootloader_core.o)
 *fill*         0x200000f7        0x1 
 .bss.bootloader_data_size
                0x200000f8        0x2 .pio\build\l0\lib358\libLuos.a(bootloader_core.o)
 .bss.crc       0x200000fa        0x1 .pio\build\l0\lib358\libLuos.a(bootloader_core.o)
                0x200000fa                crc
 *fill*         0x200000fb        0x1 
 .bss.data_index
                0x200000fc        0x2 .pio\build\l0\lib358\libLuos.a(bootloader_core.o)
                0x200000fc                data_index
 *fill*         0x200000fe        0x2 
 .bss.nb_bytes  0x20000100        0x4 .pio\build\l0\lib358\libLuos.a(bootloader_core.o)
                0x20000100                nb_bytes
 .bss.source_id
                0x20000104        0x2 .pio\build\l0\lib358\libLuos.a(bootloader_core.o)
                0x20000104                source_id
 *fill*         0x20000106        0x2 
 .bss.tickstart
                0x20000108        0x4 .pio\build\l0\lib358\libLuos.a(bootloader_core.o)
                0x20000108                tickstart
 .bss.copy_task_pointer
                0x2000010c        0x4 .pio\build\l0\lib358\libLuos.a(msg_alloc.o)
                0x2000010c                copy_task_pointer
 .bss.mem_stat  0x20000110        0x4 .pio\build\l0\lib358\libLuos.a(msg_alloc.o)
                0x20000110                mem_stat
 .bss.oldest_msg
                0x20000114        0x4 .pio\build\l0\lib358\libLuos.a(msg_alloc.o)
                0x20000114                oldest_msg
 .bss.used_msg  0x20000118        0x4 .pio\build\l0\lib358\libLuos.a(msg_alloc.o)
                0x20000118                used_msg
 .bss.Port_ExpectedState
                0x2000011c        0x1 .pio\build\l0\lib358\libLuos.a(port_manager.o)
                0x2000011c                Port_ExpectedState
 *fill*         0x2000011d        0x1 
 .bss.last_node
                0x2000011e        0x2 .pio\build\l0\lib358\libLuos.a(robus.o)
                0x2000011e                last_node
 .bss.nbrRetry  0x20000120        0x1 .pio\build\l0\lib358\libLuos.a(transmission.o)
                0x20000120                nbrRetry
 *fill*         0x20000121        0x1 
 .bss.crc_val   0x20000122        0x2 .pio\build\l0\lib358\libLuos.a(reception.o)
                0x20000122                crc_val
 .bss.data_count
                0x20000124        0x2 .pio\build\l0\lib358\libLuos.a(reception.o)
                0x20000124                data_count
 .bss.data_size
                0x20000126        0x2 .pio\build\l0\lib358\libLuos.a(reception.o)
                0x20000126                data_size
 .bss.GPIO_InitStruct
                0x20000128       0x14 .pio\build\l0\lib0e6\libLuosHAL.a(luos_hal.o)
                0x20000128                GPIO_InitStruct
 .bss.data_size_to_transmit
                0x2000013c        0x2 .pio\build\l0\lib0e6\libLuosHAL.a(luos_hal.o)
                0x2000013c                data_size_to_transmit
 *fill*         0x2000013e        0x2 
 .bss.tx_data   0x20000140        0x4 .pio\build\l0\lib0e6\libLuosHAL.a(luos_hal.o)
                0x20000140                tx_data
 *(COMMON)
 COMMON         0x20000144        0x4 .pio\build\l0\FrameworkHALDriver\Src\stm32f0xx_hal.o
                0x20000144                uwTick
 COMMON         0x20000148       0x20 .pio\build\l0\FrameworkHALDriver\Src\stm32f0xx_hal_flash.o
                0x20000148                pFlash
 COMMON         0x20000168      0x16c .pio\build\l0\lib358\libLuos.a(luos.o)
                0x20000168                general_stats
                0x20000170                routing_table_pt
                0x20000174                luos_stats
                0x2000017a                container_table
                0x200002ac                package_table
 COMMON         0x200002d4      0x370 .pio\build\l0\lib358\libLuos.a(routing_table.o)
                0x200002d4                routing_table
 COMMON         0x20000644      0x800 .pio\build\l0\lib358\libLuos.a(bootloader_core.o)
                0x20000644                data_buff
 COMMON         0x20000e44      0x2c4 .pio\build\l0\lib358\libLuos.a(msg_alloc.o)
                0x20000e44                msg_tasks
                0x20000e6c                msg_buffer
                0x20001001                mem_clear_needed
                0x20001004                data_ptr
                0x20001008                data_end_estimation
                0x2000100c                luos_tasks
                0x2000105c                msg_tasks_stack_id
                0x2000105e                luos_tasks_stack_id
                0x20001060                tx_tasks_stack_id
                0x20001064                tx_tasks
                0x20001104                current_msg
 COMMON         0x20001108       0x6c .pio\build\l0\lib358\libLuos.a(robus.o)
                0x20001108                ctx
                0x20001170                baudrate
 COMMON         0x20001174       0x3c .pio\build\l0\lib0e6\libLuosHAL.a(luos_hal.o)
                0x20001174                hcrc
                0x20001198                PTP
                0x200011b0                . = ALIGN (0x4)
                0x200011b0                _ebss = .
                0x200011b0                __bss_end__ = _ebss

._user_heap_stack
                0x200011b0      0x600 load address 0x080054b4
                0x200011b0                . = ALIGN (0x8)
                0x200011b0                PROVIDE (end, .)
                [!provide]                PROVIDE (_end, .)
                0x200013b0                . = (. + _Min_Heap_Size)
 *fill*         0x200011b0      0x200 
                0x200017b0                . = (. + _Min_Stack_Size)
 *fill*         0x200013b0      0x400 
                0x200017b0                . = ALIGN (0x8)

/DISCARD/
 libc.a(*)
 libm.a(*)
 libgcc.a(*)

.ARM.attributes
                0x00000000       0x28
 *(.ARM.attributes)
 .ARM.attributes
                0x00000000       0x1e c:/users/nicol/.platformio/packages/toolchain-gccarmnoneeabi/bin/../lib/gcc/arm-none-eabi/7.2.1/thumb/v6-m/crti.o
 .ARM.attributes
                0x0000001e       0x2c c:/users/nicol/.platformio/packages/toolchain-gccarmnoneeabi/bin/../lib/gcc/arm-none-eabi/7.2.1/thumb/v6-m/crtbegin.o
 .ARM.attributes
                0x0000004a       0x31 .pio\build\l0\FrameworkHALDriver\Src\stm32f0xx_hal.o
 .ARM.attributes
                0x0000007b       0x31 .pio\build\l0\FrameworkHALDriver\Src\stm32f0xx_hal_cortex.o
 .ARM.attributes
                0x000000ac       0x31 .pio\build\l0\FrameworkHALDriver\Src\stm32f0xx_hal_crc.o
 .ARM.attributes
                0x000000dd       0x31 .pio\build\l0\FrameworkHALDriver\Src\stm32f0xx_hal_crc_ex.o
 .ARM.attributes
                0x0000010e       0x31 .pio\build\l0\FrameworkHALDriver\Src\stm32f0xx_hal_flash.o
 .ARM.attributes
                0x0000013f       0x31 .pio\build\l0\FrameworkHALDriver\Src\stm32f0xx_hal_flash_ex.o
 .ARM.attributes
                0x00000170       0x31 .pio\build\l0\FrameworkHALDriver\Src\stm32f0xx_hal_gpio.o
 .ARM.attributes
                0x000001a1       0x31 .pio\build\l0\FrameworkHALDriver\Src\stm32f0xx_hal_rcc.o
 .ARM.attributes
                0x000001d2       0x31 .pio\build\l0\FrameworkHALDriver\Src\stm32f0xx_hal_rcc_ex.o
 .ARM.attributes
                0x00000203       0x31 .pio\build\l0\FrameworkHALDriver\Src\stm32f0xx_ll_gpio.o
 .ARM.attributes
                0x00000234       0x31 .pio\build\l0\FrameworkHALDriver\Src\stm32f0xx_ll_rcc.o
 .ARM.attributes
                0x00000265       0x31 .pio\build\l0\FrameworkHALDriver\Src\stm32f0xx_ll_tim.o
 .ARM.attributes
                0x00000296       0x31 .pio\build\l0\FrameworkHALDriver\Src\stm32f0xx_ll_usart.o
 .ARM.attributes
                0x000002c7       0x31 .pio\build\l0\src\gpio.o
 .ARM.attributes
                0x000002f8       0x31 .pio\build\l0\src\main.o
 .ARM.attributes
                0x00000329       0x31 .pio\build\l0\src\stm32f0xx_hal_msp.o
 .ARM.attributes
                0x0000035a       0x31 .pio\build\l0\src\stm32f0xx_it.o
 .ARM.attributes
                0x0000038b       0x31 .pio\build\l0\src\system_stm32f0xx.o
 .ARM.attributes
                0x000003bc       0x31 .pio\build\l0\src\usart.o
 .ARM.attributes
                0x000003ed       0x31 .pio\build\l0\lib358\libLuos.a(luos.o)
 .ARM.attributes
                0x0000041e       0x31 .pio\build\l0\lib358\libLuos.a(luos_utils.o)
 .ARM.attributes
                0x0000044f       0x31 .pio\build\l0\lib358\libLuos.a(routing_table.o)
 .ARM.attributes
                0x00000480       0x31 .pio\build\l0\lib358\libLuos.a(bootloader_core.o)
 .ARM.attributes
                0x000004b1       0x31 .pio\build\l0\lib358\libLuos.a(msg_alloc.o)
 .ARM.attributes
                0x000004e2       0x31 .pio\build\l0\lib358\libLuos.a(port_manager.o)
 .ARM.attributes
                0x00000513       0x31 .pio\build\l0\lib358\libLuos.a(robus.o)
 .ARM.attributes
                0x00000544       0x31 .pio\build\l0\lib358\libLuos.a(transmission.o)
 .ARM.attributes
                0x00000575       0x31 .pio\build\l0\lib358\libLuos.a(reception.o)
 .ARM.attributes
                0x000005a6       0x31 .pio\build\l0\lib358\libLuos.a(target.o)
 .ARM.attributes
                0x000005d7       0x2c c:/users/nicol/.platformio/packages/toolchain-gccarmnoneeabi/bin/../lib/gcc/arm-none-eabi/7.2.1/../../../../arm-none-eabi/lib/thumb/v6-m\libc_nano.a(lib_a-init.o)
 .ARM.attributes
                0x00000603       0x2c c:/users/nicol/.platformio/packages/toolchain-gccarmnoneeabi/bin/../lib/gcc/arm-none-eabi/7.2.1/../../../../arm-none-eabi/lib/thumb/v6-m\libc_nano.a(lib_a-memcpy-stub.o)
 .ARM.attributes
                0x0000062f       0x2c c:/users/nicol/.platformio/packages/toolchain-gccarmnoneeabi/bin/../lib/gcc/arm-none-eabi/7.2.1/../../../../arm-none-eabi/lib/thumb/v6-m\libc_nano.a(lib_a-memset.o)
 .ARM.attributes
                0x0000065b       0x1c c:/users/nicol/.platformio/packages/toolchain-gccarmnoneeabi/bin/../lib/gcc/arm-none-eabi/7.2.1/../../../../arm-none-eabi/lib/thumb/v6-m\libc_nano.a(lib_a-strlen.o)
 .ARM.attributes
                0x00000677       0x1e c:/users/nicol/.platformio/packages/toolchain-gccarmnoneeabi/bin/../lib/gcc/arm-none-eabi/7.2.1/thumb/v6-m\libgcc.a(_thumb1_case_uqi.o)
 .ARM.attributes
                0x00000695       0x1e c:/users/nicol/.platformio/packages/toolchain-gccarmnoneeabi/bin/../lib/gcc/arm-none-eabi/7.2.1/thumb/v6-m\libgcc.a(_thumb1_case_uhi.o)
 .ARM.attributes
                0x000006b3       0x1e c:/users/nicol/.platformio/packages/toolchain-gccarmnoneeabi/bin/../lib/gcc/arm-none-eabi/7.2.1/thumb/v6-m\libgcc.a(_udivsi3.o)
 .ARM.attributes
                0x000006d1       0x1e c:/users/nicol/.platformio/packages/toolchain-gccarmnoneeabi/bin/../lib/gcc/arm-none-eabi/7.2.1/thumb/v6-m\libgcc.a(_dvmd_tls.o)
 .ARM.attributes
                0x000006ef       0x1e c:/users/nicol/.platformio/packages/toolchain-gccarmnoneeabi/bin/../lib/gcc/arm-none-eabi/7.2.1/thumb/v6-m\libgcc.a(_lshrdi3.o)
 .ARM.attributes
                0x0000070d       0x2c c:/users/nicol/.platformio/packages/toolchain-gccarmnoneeabi/bin/../lib/gcc/arm-none-eabi/7.2.1/thumb/v6-m\libgcc.a(_fixunssfsi.o)
 .ARM.attributes
                0x00000739       0x2c c:/users/nicol/.platformio/packages/toolchain-gccarmnoneeabi/bin/../lib/gcc/arm-none-eabi/7.2.1/thumb/v6-m\libgcc.a(mulsf3.o)
 .ARM.attributes
                0x00000765       0x2c c:/users/nicol/.platformio/packages/toolchain-gccarmnoneeabi/bin/../lib/gcc/arm-none-eabi/7.2.1/thumb/v6-m\libgcc.a(subsf3.o)
 .ARM.attributes
                0x00000791       0x2c c:/users/nicol/.platformio/packages/toolchain-gccarmnoneeabi/bin/../lib/gcc/arm-none-eabi/7.2.1/thumb/v6-m\libgcc.a(fixsfsi.o)
 .ARM.attributes
                0x000007bd       0x1e c:/users/nicol/.platformio/packages/toolchain-gccarmnoneeabi/bin/../lib/gcc/arm-none-eabi/7.2.1/thumb/v6-m\libgcc.a(_arm_cmpsf2.o)
 .ARM.attributes
                0x000007db       0x1e c:/users/nicol/.platformio/packages/toolchain-gccarmnoneeabi/bin/../lib/gcc/arm-none-eabi/7.2.1/thumb/v6-m\libgcc.a(_clzsi2.o)
 .ARM.attributes
                0x000007f9       0x2c c:/users/nicol/.platformio/packages/toolchain-gccarmnoneeabi/bin/../lib/gcc/arm-none-eabi/7.2.1/thumb/v6-m\libgcc.a(eqsf2.o)
 .ARM.attributes
                0x00000825       0x2c c:/users/nicol/.platformio/packages/toolchain-gccarmnoneeabi/bin/../lib/gcc/arm-none-eabi/7.2.1/thumb/v6-m\libgcc.a(gesf2.o)
 .ARM.attributes
                0x00000851       0x2c c:/users/nicol/.platformio/packages/toolchain-gccarmnoneeabi/bin/../lib/gcc/arm-none-eabi/7.2.1/thumb/v6-m\libgcc.a(lesf2.o)
 .ARM.attributes
                0x0000087d       0x21 .pio\build\l0\libFrameworkCMSISDevice.a(startup_stm32f072xb.o)
 .ARM.attributes
                0x0000089e       0x31 .pio\build\l0\lib0e6\libLuosHAL.a(luos_hal.o)
 .ARM.attributes
                0x000008cf       0x1e c:/users/nicol/.platformio/packages/toolchain-gccarmnoneeabi/bin/../lib/gcc/arm-none-eabi/7.2.1/thumb/v6-m/crtn.o
OUTPUT(.pio\build\l0\firmware.elf elf32-littlearm)

.comment        0x00000000       0x7e
 .comment       0x00000000       0x7e .pio\build\l0\FrameworkHALDriver\Src\stm32f0xx_hal.o
                                 0x7f (size before relaxing)
 .comment       0x0000007e       0x7f .pio\build\l0\FrameworkHALDriver\Src\stm32f0xx_hal_cortex.o
 .comment       0x0000007e       0x7f .pio\build\l0\FrameworkHALDriver\Src\stm32f0xx_hal_crc.o
 .comment       0x0000007e       0x7f .pio\build\l0\FrameworkHALDriver\Src\stm32f0xx_hal_crc_ex.o
 .comment       0x0000007e       0x7f .pio\build\l0\FrameworkHALDriver\Src\stm32f0xx_hal_flash.o
 .comment       0x0000007e       0x7f .pio\build\l0\FrameworkHALDriver\Src\stm32f0xx_hal_flash_ex.o
 .comment       0x0000007e       0x7f .pio\build\l0\FrameworkHALDriver\Src\stm32f0xx_hal_gpio.o
 .comment       0x0000007e       0x7f .pio\build\l0\FrameworkHALDriver\Src\stm32f0xx_hal_rcc.o
 .comment       0x0000007e       0x7f .pio\build\l0\FrameworkHALDriver\Src\stm32f0xx_hal_rcc_ex.o
 .comment       0x0000007e       0x7f .pio\build\l0\FrameworkHALDriver\Src\stm32f0xx_ll_gpio.o
 .comment       0x0000007e       0x7f .pio\build\l0\FrameworkHALDriver\Src\stm32f0xx_ll_rcc.o
 .comment       0x0000007e       0x7f .pio\build\l0\FrameworkHALDriver\Src\stm32f0xx_ll_tim.o
 .comment       0x0000007e       0x7f .pio\build\l0\FrameworkHALDriver\Src\stm32f0xx_ll_usart.o
 .comment       0x0000007e       0x7f .pio\build\l0\src\gpio.o
 .comment       0x0000007e       0x7f .pio\build\l0\src\main.o
 .comment       0x0000007e       0x7f .pio\build\l0\src\stm32f0xx_hal_msp.o
 .comment       0x0000007e       0x7f .pio\build\l0\src\stm32f0xx_it.o
 .comment       0x0000007e       0x7f .pio\build\l0\src\system_stm32f0xx.o
 .comment       0x0000007e       0x7f .pio\build\l0\src\usart.o
 .comment       0x0000007e       0x7f .pio\build\l0\lib358\libLuos.a(luos.o)
 .comment       0x0000007e       0x7f .pio\build\l0\lib358\libLuos.a(luos_utils.o)
 .comment       0x0000007e       0x7f .pio\build\l0\lib358\libLuos.a(routing_table.o)
 .comment       0x0000007e       0x7f .pio\build\l0\lib358\libLuos.a(bootloader_core.o)
 .comment       0x0000007e       0x7f .pio\build\l0\lib358\libLuos.a(msg_alloc.o)
 .comment       0x0000007e       0x7f .pio\build\l0\lib358\libLuos.a(port_manager.o)
 .comment       0x0000007e       0x7f .pio\build\l0\lib358\libLuos.a(robus.o)
 .comment       0x0000007e       0x7f .pio\build\l0\lib358\libLuos.a(transmission.o)
 .comment       0x0000007e       0x7f .pio\build\l0\lib358\libLuos.a(reception.o)
 .comment       0x0000007e       0x7f .pio\build\l0\lib358\libLuos.a(target.o)
 .comment       0x0000007e       0x7f .pio\build\l0\lib0e6\libLuosHAL.a(luos_hal.o)

.debug_frame    0x00000000      0x1d4
 .debug_frame   0x00000000       0x2c c:/users/nicol/.platformio/packages/toolchain-gccarmnoneeabi/bin/../lib/gcc/arm-none-eabi/7.2.1/../../../../arm-none-eabi/lib/thumb/v6-m\libc_nano.a(lib_a-init.o)
 .debug_frame   0x0000002c       0x28 c:/users/nicol/.platformio/packages/toolchain-gccarmnoneeabi/bin/../lib/gcc/arm-none-eabi/7.2.1/../../../../arm-none-eabi/lib/thumb/v6-m\libc_nano.a(lib_a-memcpy-stub.o)
 .debug_frame   0x00000054       0x20 c:/users/nicol/.platformio/packages/toolchain-gccarmnoneeabi/bin/../lib/gcc/arm-none-eabi/7.2.1/../../../../arm-none-eabi/lib/thumb/v6-m\libc_nano.a(lib_a-memset.o)
 .debug_frame   0x00000074       0x20 c:/users/nicol/.platformio/packages/toolchain-gccarmnoneeabi/bin/../lib/gcc/arm-none-eabi/7.2.1/thumb/v6-m\libgcc.a(_udivsi3.o)
 .debug_frame   0x00000094       0x28 c:/users/nicol/.platformio/packages/toolchain-gccarmnoneeabi/bin/../lib/gcc/arm-none-eabi/7.2.1/thumb/v6-m\libgcc.a(_fixunssfsi.o)
 .debug_frame   0x000000bc       0x3c c:/users/nicol/.platformio/packages/toolchain-gccarmnoneeabi/bin/../lib/gcc/arm-none-eabi/7.2.1/thumb/v6-m\libgcc.a(mulsf3.o)
 .debug_frame   0x000000f8       0x38 c:/users/nicol/.platformio/packages/toolchain-gccarmnoneeabi/bin/../lib/gcc/arm-none-eabi/7.2.1/thumb/v6-m\libgcc.a(subsf3.o)
 .debug_frame   0x00000130       0x20 c:/users/nicol/.platformio/packages/toolchain-gccarmnoneeabi/bin/../lib/gcc/arm-none-eabi/7.2.1/thumb/v6-m\libgcc.a(fixsfsi.o)
 .debug_frame   0x00000150       0x2c c:/users/nicol/.platformio/packages/toolchain-gccarmnoneeabi/bin/../lib/gcc/arm-none-eabi/7.2.1/thumb/v6-m\libgcc.a(eqsf2.o)
 .debug_frame   0x0000017c       0x2c c:/users/nicol/.platformio/packages/toolchain-gccarmnoneeabi/bin/../lib/gcc/arm-none-eabi/7.2.1/thumb/v6-m\libgcc.a(gesf2.o)
 .debug_frame   0x000001a8       0x2c c:/users/nicol/.platformio/packages/toolchain-gccarmnoneeabi/bin/../lib/gcc/arm-none-eabi/7.2.1/thumb/v6-m\libgcc.a(lesf2.o)
